 MiniBase

 Timestamp is 56beb8a0 (Sat Feb 13 08:01:20 2016)

 Preferred load address is 10000000

 Start         Length     Name                   Class
 0001:00000000 00000069H .text$di                CODE
 0001:00000070 000098d5H .text$mn                CODE
 0002:00000000 000000f4H .idata$5                DATA
 0002:000000f4 00000008H .CRT$XCU                DATA
 0002:00000100 00000e18H .rdata                  DATA
 0002:00000f18 00000000H .edata                  DATA
 0002:00000f18 000000ecH .rdata$zzzdbg           DATA
 0002:00001004 00000050H .idata$2                DATA
 0002:00001054 00000014H .idata$3                DATA
 0002:00001068 000000f4H .idata$4                DATA
 0002:0000115c 000003b4H .idata$6                DATA
 0003:00000000 00000848H .data                   DATA
 0003:00000848 000238c0H .bss                    DATA

  Address         Publics by Value              Rva+Base       Lib:Object

 0000:00000000       ___guard_iat_table         00000000     <absolute>
 0000:00000000       ___guard_flags             00000000     <absolute>
 0000:00000000       ___guard_fids_table        00000000     <absolute>
 0000:00000000       ___guard_longjmp_count     00000000     <absolute>
 0000:00000000       ___guard_iat_count         00000000     <absolute>
 0000:00000000       ___guard_fids_count        00000000     <absolute>
 0000:00000000       ___guard_longjmp_table     00000000     <absolute>
 0001:00000070       ?HookUserMessages@@YAXXZ   10001070 f   client.obj
 0001:000000df       ?HUD_Frame@@YAXN@Z         100010df f   client.obj
 0001:00000170       ?HUD_Redraw@@YAXMH@Z       10001170 f   client.obj
 0001:00000196       ?HUD_Key_Event@@YAHHHPBD@Z 10001196 f   client.obj
 0001:00000213       ?HUD_PlayerMove@@YAXPAUplayermove_s@@H@Z 10001213 f   client.obj
 0001:00000237       ?V_CalcRefdef@@YAXPAUref_params_s@@@Z 10001237 f   client.obj
 0001:00000254       ?StudioEntityLight@@YAXPAUalight_s@@@Z 10001254 f   client.obj
 0001:0000029a       ?HUD_AddEntity@@YAHHPAUcl_entity_s@@PBD@Z 1000129a f   client.obj
 0001:000002bd       ?CL_CreateMove@@YAXMPAUusercmd_s@@H@Z 100012bd f   client.obj
 0001:000002f0       ?pfnDrawUnicodeCharacter@@YAHHHFHHHK@Z 100012f0 f   client.obj
 0001:00000323       ?CL_IsThirdPerson@@YAHXZ   10001323 f   client.obj
 0001:00000348       ?HUD_PostRunCmd@@YAXPAUlocal_state_s@@0PAUusercmd_s@@HNI@Z 10001348 f   client.obj
 0001:000003a6       ?FillArea@cDrawing@@QAEXHHHHEEEE@Z 100013a6 f   drawing.obj
 0001:00000445       ?DrawBox@cDrawing@@QAEXHHHHHHHHH@Z 10001445 f   drawing.obj
 0001:000004da       ?SVC_Sound@@YAXXZ          100014da f   enginemsg.obj
 0001:000005d2       ?SVC_SpawnStaticSound@@YAXXZ 100015d2 f   enginemsg.obj
 0001:00000696       ?InitText@cFont@@QAEXPADHH@Z 10001696 f   font.obj
 0001:0000077d       ?Print@cFont@@QAEXHHHHHHEPAD@Z 1000177d f   font.obj
 0001:00000a9c       ?PrintFont@cFont@@QAEXHHHHHHEPAD@Z 10001a9c f   font.obj
 0001:00000b22       ?Render@cFont@@AAEXHHHHHHPAD@Z 10001b22 f   font.obj
 0001:00000bbe       ?Normalize@Vector@@QBE?AV1@XZ 10001bbe f i _aimbot.obj
 0001:00000c31       ?bVisible@cAimbot@@QAE_NH@Z 10001c31 f   _aimbot.obj
 0001:00000c61       ?bCheckTeam@cAimbot@@QAE_NH@Z 10001c61 f   _aimbot.obj
 0001:00000c96       ?UpdateTargerId@cAimbot@@QAEXXZ 10001c96 f   _aimbot.obj
 0001:00000df2       ?UpdateAimInfo@cAimbot@@QAEXH@Z 10001df2 f   _aimbot.obj
 0001:00000fe0       ?UpdatePlayerInfo@cAimbot@@QAEXXZ 10001fe0 f   _aimbot.obj
 0001:00001075       ?DrawFov@cAimbot@@QAEXH@Z  10002075 f   _aimbot.obj
 0001:000011f1       ?DrawFovCrosshair@cAimbot@@QAEXXZ 100021f1 f   _aimbot.obj
 0001:0000129a       ?SmoothAimAngles@cAimbot@@QAEXPAM00M@Z 1000229a f   _aimbot.obj
 0001:00001346       ?ApplySilentAngles@cAimbot@@QAEXPAMPAUusercmd_s@@@Z 10002346 f   _aimbot.obj
 0001:000016ee       ?GetBoneOrigin@cAimbot@@QAEXPAUcl_entity_s@@@Z 100026ee f   _aimbot.obj
 0001:0000185e       ?GetHitboxOrigin@cAimbot@@QAEXPAUcl_entity_s@@@Z 1000285e f   _aimbot.obj
 0001:00001b7c       ?vCalcOriginOffset@cAimbot@@QAE?AVVector@@H@Z 10002b7c f   _aimbot.obj
 0001:00001ef8       ?vCalcBoneOffset@cAimbot@@QAE?AVVector@@H@Z 10002ef8 f   _aimbot.obj
 0001:00001fbd       ?vCalcHitboxOffset@cAimbot@@QAE?AVVector@@H@Z 10002fbd f   _aimbot.obj
 0001:00002082       ?CL_CreateMove@cAimbot@@QAEXPAUusercmd_s@@@Z 10003082 f   _aimbot.obj
 0001:00002396       ?KnifeBotFunction@cCheat@@QAEXPAUusercmd_s@@@Z 10003396 f   _cheat.obj
 0001:00002574       ?FastRunFunction@cCheat@@QAEXPAUusercmd_s@@@Z 10003574 f   _cheat.obj
 0001:000026d4       ?AimBotFunction@cCheat@@QAEXPAUusercmd_s@@@Z 100036d4 f   _cheat.obj
 0001:00002757       ?FreeLookFunction@cCheat@@QAEXMPAUusercmd_s@@@Z 10003757 f   _cheat.obj
 0001:0000299c       ?GranadeTrailFunction@cCheat@@QAEXPAUusercmd_s@@@Z 1000399c f   _cheat.obj
 0001:00002a0b       ?AddEntity@cEntity@@QAEXPADHVVector@@E@Z 10003a0b f   _client.obj
 0001:00002a79       ?ClearEntity@cEntity@@QAEXXZ 10003a79 f   _client.obj
 0001:00002ad8       ?AddSound@cSound@@QAEXKVVector@@@Z 10003ad8 f   _client.obj
 0001:00002b1f       ?ClearSound@cSound@@QAEXXZ 10003b1f f   _client.obj
 0001:00002b66       ?DrawSoundEsp@cSound@@QAEXXZ 10003b66 f   _client.obj
 0001:00002c4f       ?AntiSnapshot@cLeis@@SAXXZ 10003c4f f   _client.obj
 0001:00002c66       ?AntiScreenshot@cLeis@@SAXXZ 10003c66 f   _client.obj
 0001:00002c7d       ?AntiScreen@cLeis@@QAEXXZ  10003c7d f   _client.obj
 0001:00002d08       ?InitHack@cLeis@@QAEXXZ    10003d08 f   _client.obj
 0001:00002db6       ?HUD_Redraw@cLeis@@QAEXXZ  10003db6 f   _client.obj
 0001:00002eec       ?HUD_PlayerMove@cLeis@@QAEXPAUplayermove_s@@@Z 10003eec f   _client.obj
 0001:00002fb0       ?V_CalcRefdef@cLeis@@QAEXPAUref_params_s@@@Z 10003fb0 f   _client.obj
 0001:00003136       ?HUD_AddEntity@cLeis@@QAEHHPAUcl_entity_s@@PBD@Z 10004136 f   _client.obj
 0001:000031ee       ?CL_CreateMove@cLeis@@QAEXMPAUusercmd_s@@@Z 100041ee f   _client.obj
 0001:0000331a       ?InitPatch@cCvar@@QAEXXZ   1000431a f   _cvar.obj
 0001:00003374       ?LoadCvarFromIni@cCvar@@QAEXXZ 10004374 f   _cvar.obj
 0001:000038ee       ?GetSectionFromIndex@cCvar@@QAEEH@Z 100048ee f   _cvar.obj
 0001:00003aec       ?LoadCvarWeapon@cCvar@@QAEXXZ 10004aec f   _cvar.obj
 0001:00003d24       ?SaveCvarWeapon@cCvar@@QAEXXZ 10004d24 f   _cvar.obj
 0001:00003f98       ?DisableAll@cCvar@@QAEXXZ  10004f98 f   _cvar.obj
 0001:000040a3       ?SaveInt@cCvar@@QAEXPAD0H0@Z 100050a3 f   _cvar.obj
 0001:000040c9       ?ReadString@cCvar@@QAEHPAD000@Z 100050c9 f   _cvar.obj
 0001:000040f8       ?DrawLine@cEsp@@QAEXHHHHHHH@Z 100050f8 f   _esp.obj
 0001:000041a9       ?DrawVectorLine@cEsp@@QAEXPAM0HHHH@Z 100051a9 f   _esp.obj
 0001:00004205       ?Draw3DBox@cEsp@@QAEXPAUcl_entity_s@@VVector@@HHH@Z 10005205 f   _esp.obj
 0001:00004965       ?DrawNoFlash@cEsp@@QAEXXZ  10005965 f   _esp.obj
 0001:00004bdf       ?DrawPlayerESP@cEsp@@QAEXH@Z 10005bdf f   _esp.obj
 0001:000053ce       ?DrawAllEntityESP@cEsp@@QAEXXZ 100063ce f   _esp.obj
 0001:000055aa       ?HUD_AddEntity@cEsp@@QAEXHPAUcl_entity_s@@@Z 100065aa f   _esp.obj
 0001:00005f13       ?mysqrt@@YAMM@Z            10006f13 f   _math.obj
 0001:00005f8e       ?myatan@@YANNH@Z           10006f8e f   _math.obj
 0001:00006087       ?myatan2@@YANNN@Z          10007087 f   _math.obj
 0001:000060c8       ?mypow@@YANNN@Z            100070c8 f   _math.obj
 0001:00006100       ?myfact@@YANN@Z            10007100 f   _math.obj
 0001:00006133       ?mysin@@YANN@Z             10007133 f   _math.obj
 0001:000061b3       ?mycos@@YANN@Z             100071b3 f   _math.obj
 0001:00006235       ?InitializeMenu@cMenu@@QAEXXZ 10007235 f   _menu.obj
 0001:00006a15       ?DrawMenu@cMenu@@QAEXHH@Z  10007a15 f   _menu.obj
 0001:00006ea1       ?CharToKey@cMenu@@QAEHPAD@Z 10007ea1 f   _menu.obj
 0001:00007123       ?KeyEvent@cMenu@@QAEXH@Z   10008123 f   _menu.obj
 0001:000072fa       ?AddMenu@cMenu@@AAEXPAD@Z  100082fa f   _menu.obj
 0001:00007353       ?AddSubMenu@cMenu@@AAEXPADPAHHHH@Z 10008353 f   _menu.obj
 0001:000073e8       ?ClearMenu@cMenu@@AAEXXZ   100083e8 f   _menu.obj
 0001:00007472       ?Hooked_glBegin@@YGXI@Z    10008472 f   _opengl.obj
 0001:00007ad6       ?Hooked_glClear@@YGXI@Z    10008ad6 f   _opengl.obj
 0001:00007b41       ?Hooked_glVertex3fv@@YGXPAM@Z 10008b41 f   _opengl.obj
 0001:00007bb5       ?Hooked_glVertex3f@@YGXMMM@Z 10008bb5 f   _opengl.obj
 0001:00007c51       ?Hooked_glEnd@@YGXXZ       10008c51 f   _opengl.obj
 0001:00007d96       ?DetourFunc@@YAPAXPAEPBEH@Z 10008d96 f   _opengl.obj
 0001:00007e25       ?HookOpenGL@@YAXXZ         10008e25 f   _opengl.obj
 0001:00007f00       ?IsAliveEntity@cPlayers@@QAE_NPAUcl_entity_s@@@Z 10008f00 f   _player.obj
 0001:00007f30       ?isValidEntity@cPlayers@@QAE_NPAUcl_entity_s@@@Z 10008f30 f   _player.obj
 0001:00007f93       ?UpdateLocalEntity@cPlayers@@QAEXXZ 10008f93 f   _player.obj
 0001:00007ffb       ?UpdatePlayerInfo@cPlayers@@QAEXXZ 10008ffb f   _player.obj
 0001:000081d2       ?DrawGuiRadar@cRadar@@QAEXXZ 100091d2 f   _radar.obj
 0001:000082df       ?DrawRadarPlayer@cRadar@@QAEXH@Z 100092df f   _radar.obj
 0001:000083b2       ?DrawRadarSound@cRadar@@QAEXXZ 100093b2 f   _radar.obj
 0001:00008445       ?RadarRange@cRadar@@QAEXPAM0M@Z 10009445 f   _radar.obj
 0001:0000850e       ?CalcRadarPoint@cRadar@@QAEXPAMAAH1@Z 1000950e f   _radar.obj
 0001:0000861f       ?CalcScreen@@YA_NPAM0@Z    1000961f f   _utils.obj
 0001:000086b7       ?PathFree@@YA_NVVector@@@Z 100096b7 f   _utils.obj
 0001:000086e6       ?CalcPlayerVisibility@@YA_NH@Z 100096e6 f   _utils.obj
 0001:00008774       ?VectorAngles@@YAXPBMPAM@Z 10009774 f   _utils.obj
 0001:0000895d       ?TraceGrenade@@YAXPAM@Z    1000995d f   _utils.obj
 0001:00008cbd       ?ProcessReload@@YGKPAX@Z   10009cbd f   main.obj
 0001:00008d1f       ?CheatEntry@@YGKPAX@Z      10009d1f f   main.obj
 0001:00008f38       _DllMain@12                10009f38 f   main.obj
 0001:00008fb1       ?GetModuleInfo@cOffset@@QAE_NXZ 10009fb1 f   offset.obj
 0001:00009080       ?Error@cOffset@@QAEXPAD@Z  1000a080 f   offset.obj
 0001:000090a8       ?FindClientTable@cOffset@@QAEKXZ 1000a0a8 f   offset.obj
 0001:00009132       ?FindUserMsgBase@cOffset@@QAEKXZ 1000a132 f   offset.obj
 0001:000091e5       ?FindSVCMessages@cOffset@@QAEKXZ 1000a1e5 f   offset.obj
 0001:00009359       ?CopyClient@cOffset@@QAEXXZ 1000a359 f   offset.obj
 0001:00009370       ?CopyEngine@cOffset@@QAEXXZ 1000a370 f   offset.obj
 0001:00009387       ?CopyStudio@cOffset@@QAEXXZ 1000a387 f   offset.obj
 0001:0000939e       ?FarProc@cOffset@@QAEKKKK@Z 1000a39e f   offset.obj
 0001:000093b9       ?FindPattern@cOffset@@QAEKPAD0KKK@Z 1000a3b9 f   offset.obj
 0001:0000942f       ?FindPattern@cOffset@@QAEKPADKKK@Z 1000a42f f   offset.obj
 0001:00009484       ?ResetHUD@@YAHPBDHPAX@Z    1000a484 f   usermsg.obj
 0001:000094b1       ?SetFOV@@YAHPBDHPAX@Z      1000a4b1 f   usermsg.obj
 0001:000094f9       ?TeamInfo@@YAHPBDHPAX@Z    1000a4f9 f   usermsg.obj
 0001:0000958f       ?CurWeapon@@YAHPBDHPAX@Z   1000a58f f   usermsg.obj
 0001:000095e9       ?DeathMsg@@YAHPBDHPAX@Z    1000a5e9 f   usermsg.obj
 0001:0000964e       ?CommandByName@@YAPAUcmd_s@@PAD@Z 1000a64e f   utils.obj
 0001:00009679       ?HookUserMsg@@YAP6AHPBDHPAX@ZPADP6AH0H1@Z@Z 1000a679 f   utils.obj
 0001:000096d7       ?HookEngineMsg@@YAP6AXXZPADP6AXXZ@Z 1000a6d7 f   utils.obj
 0001:00009737       ?native_strstr@@YAPADPAD0@Z 1000a737 f   utils.obj
 0001:0000979b       ?native_memset@@YAXPAXKK@Z 1000a79b f   utils.obj
 0001:000097c2       ?native_itoa@@YAPADH@Z     1000a7c2 f   utils.obj
 0001:00009801       ?READ_CHAR@@YAHXZ          1000a801 f   parsemsg.obj
 0001:00009826       ?READ_BYTE@@YAHXZ          1000a826 f   parsemsg.obj
 0001:0000984b       ?READ_STRING@@YAPADXZ      1000a84b f   parsemsg.obj
 0001:00009890       __ftol2_sse                1000a890 f   MSVCRT:_ftol2_.obj
 0001:00009899       __ftol2_pentium4           1000a899 f   MSVCRT:_ftol2_.obj
 0001:000098ac       __ftol2_sse_excpt          1000a8ac f   MSVCRT:_ftol2_.obj
 0001:000098d0       __ftol2                    1000a8d0 f   MSVCRT:_ftol2_.obj
 0002:00000000       __imp__GetTextExtentPointA@16 1000b000     gdi32:GDI32.dll
 0002:00000004       __imp__DeleteObject@4      1000b004     gdi32:GDI32.dll
 0002:00000008       __imp__CreateFontA@56      1000b008     gdi32:GDI32.dll
 0002:0000000c       __imp__SelectObject@8      1000b00c     gdi32:GDI32.dll
 0002:00000010       \177GDI32_NULL_THUNK_DATA  1000b010     gdi32:GDI32.dll
 0002:00000014       __imp__GetPrivateProfileStringA@24 1000b014     kernel32:KERNEL32.dll
 0002:00000018       __imp__HeapCreate@12       1000b018     kernel32:KERNEL32.dll
 0002:0000001c       __imp__VirtualProtect@16   1000b01c     kernel32:KERNEL32.dll
 0002:00000020       __imp__GetModuleHandleA@4  1000b020     kernel32:KERNEL32.dll
 0002:00000024       __imp__GetProcAddress@8    1000b024     kernel32:KERNEL32.dll
 0002:00000028       __imp__GetModuleFileNameA@12 1000b028     kernel32:KERNEL32.dll
 0002:0000002c       __imp__Sleep@4             1000b02c     kernel32:KERNEL32.dll
 0002:00000030       __imp__DisableThreadLibraryCalls@4 1000b030     kernel32:KERNEL32.dll
 0002:00000034       __imp__TerminateThread@8   1000b034     kernel32:KERNEL32.dll
 0002:00000038       __imp__CloseHandle@4       1000b038     kernel32:KERNEL32.dll
 0002:0000003c       __imp__GetPrivateProfileIntA@16 1000b03c     kernel32:KERNEL32.dll
 0002:00000040       __imp__GetCurrentProcess@0 1000b040     kernel32:KERNEL32.dll
 0002:00000044       __imp__TerminateProcess@8  1000b044     kernel32:KERNEL32.dll
 0002:00000048       __imp__IsBadReadPtr@8      1000b048     kernel32:KERNEL32.dll
 0002:0000004c       __imp__lstrlenA@4          1000b04c     kernel32:KERNEL32.dll
 0002:00000050       __imp__lstrcmpA@8          1000b050     kernel32:KERNEL32.dll
 0002:00000054       __imp__lstrcatA@8          1000b054     kernel32:KERNEL32.dll
 0002:00000058       __imp__lstrcpyA@8          1000b058     kernel32:KERNEL32.dll
 0002:0000005c       __imp__lstrcpynA@12        1000b05c     kernel32:KERNEL32.dll
 0002:00000060       __imp__GetTickCount@0      1000b060     kernel32:KERNEL32.dll
 0002:00000064       __imp__GetProcessHeap@0    1000b064     kernel32:KERNEL32.dll
 0002:00000068       __imp__HeapAlloc@12        1000b068     kernel32:KERNEL32.dll
 0002:0000006c       __imp__WritePrivateProfileStringA@16 1000b06c     kernel32:KERNEL32.dll
 0002:00000070       __imp__CreateThread@24     1000b070     kernel32:KERNEL32.dll
 0002:00000074       \177KERNEL32_NULL_THUNK_DATA 1000b074     kernel32:KERNEL32.dll
 0002:00000078       __imp__glPopMatrix@0       1000b078     OpenGL32:OPENGL32.dll
 0002:0000007c       __imp__glEnable@4          1000b07c     OpenGL32:OPENGL32.dll
 0002:00000080       __imp__glEnd@0             1000b080     OpenGL32:OPENGL32.dll
 0002:00000084       __imp__glBlendFunc@8       1000b084     OpenGL32:OPENGL32.dll
 0002:00000088       __imp__glLoadIdentity@0    1000b088     OpenGL32:OPENGL32.dll
 0002:0000008c       __imp__glBegin@4           1000b08c     OpenGL32:OPENGL32.dll
 0002:00000090       __imp__glVertex2i@8        1000b090     OpenGL32:OPENGL32.dll
 0002:00000094       __imp__glColor4ub@16       1000b094     OpenGL32:OPENGL32.dll
 0002:00000098       __imp__glDisable@4         1000b098     OpenGL32:OPENGL32.dll
 0002:0000009c       __imp__glPushMatrix@0      1000b09c     OpenGL32:OPENGL32.dll
 0002:000000a0       __imp__glPopAttrib@0       1000b0a0     OpenGL32:OPENGL32.dll
 0002:000000a4       __imp__wglGetCurrentDC@0   1000b0a4     OpenGL32:OPENGL32.dll
 0002:000000a8       __imp__glGenLists@4        1000b0a8     OpenGL32:OPENGL32.dll
 0002:000000ac       __imp__glCallLists@12      1000b0ac     OpenGL32:OPENGL32.dll
 0002:000000b0       __imp__wglUseFontBitmapsA@16 1000b0b0     OpenGL32:OPENGL32.dll
 0002:000000b4       __imp__glHint@8            1000b0b4     OpenGL32:OPENGL32.dll
 0002:000000b8       __imp__glRasterPos2i@8     1000b0b8     OpenGL32:OPENGL32.dll
 0002:000000bc       __imp__glListBase@4        1000b0bc     OpenGL32:OPENGL32.dll
 0002:000000c0       __imp__glPushAttrib@4      1000b0c0     OpenGL32:OPENGL32.dll
 0002:000000c4       __imp__glLineWidth@4       1000b0c4     OpenGL32:OPENGL32.dll
 0002:000000c8       __imp__glColor3f@12        1000b0c8     OpenGL32:OPENGL32.dll
 0002:000000cc       __imp__glDepthRange@16     1000b0cc     OpenGL32:OPENGL32.dll
 0002:000000d0       __imp__glPolygonMode@8     1000b0d0     OpenGL32:OPENGL32.dll
 0002:000000d4       __imp__glClearColor@16     1000b0d4     OpenGL32:OPENGL32.dll
 0002:000000d8       __imp__glColor3ub@12       1000b0d8     OpenGL32:OPENGL32.dll
 0002:000000dc       __imp__glTexEnvi@12        1000b0dc     OpenGL32:OPENGL32.dll
 0002:000000e0       __imp__glColor4f@16        1000b0e0     OpenGL32:OPENGL32.dll
 0002:000000e4       __imp__glGetFloatv@8       1000b0e4     OpenGL32:OPENGL32.dll
 0002:000000e8       \177OPENGL32_NULL_THUNK_DATA 1000b0e8     OpenGL32:OPENGL32.dll
 0002:000000ec       __imp__MessageBoxA@16      1000b0ec     user32:USER32.dll
 0002:000000f0       \177USER32_NULL_THUNK_DATA 1000b0f0     user32:USER32.dll
 0002:00000100       ??_C@_08PEHACIKG@ResetHUD?$AA@ 1000b100     client.obj
 0002:0000010c       ??_C@_06NJNDMID@SetFOV?$AA@ 1000b10c     client.obj
 0002:00000114       ??_C@_08BHMNHEND@TeamInfo?$AA@ 1000b114     client.obj
 0002:00000120       ??_C@_09PEGKEGNI@CurWeapon?$AA@ 1000b120     client.obj
 0002:0000012c       ??_C@_08DMGIIAG@DeathMsg?$AA@ 1000b12c     client.obj
 0002:00000138       ??_C@_09IAKGKKJP@svc_sound?$AA@ 1000b138     client.obj
 0002:00000144       ??_C@_0BF@BGCKACGK@svc_spawnstaticsound?$AA@ 1000b144     client.obj
 0002:0000015c       ??_C@_01NBENCBCI@?$CK?$AA@ 1000b15c     _client.obj
 0002:00000160       ??_C@_09CNECLOFA@drawradar?$AA@ 1000b160     _client.obj
 0002:0000016c       ??_C@_09KBEKABPB@hideradar?$AA@ 1000b16c     _client.obj
 0002:00000178       ??_C@_0BE@OHHEMMML@?$FLOpengl?5mode?5error?$FN?$AA@ 1000b178     _client.obj
 0002:0000018c       ??_C@_07EHHHOIHI@Verdana?$AA@ 1000b18c     _client.obj
 0002:00000194       ??_C@_0M@PGOBHJFA@Arial?5Black?$AA@ 1000b194     _client.obj
 0002:000001a0       ??_C@_08HLGCJJEE@snapshot?$AA@ 1000b1a0     _client.obj
 0002:000001ac       ??_C@_0L@CMHOPIGK@screenshot?$AA@ 1000b1ac     _client.obj
 0002:000001b8       ??_C@_0BE@INDGOIP@HLR?5Leis?5Release?511?$AA@ 1000b1b8     _client.obj
 0002:000001cc       ??_C@_09NDEHONDF@by?5_or_75?$AA@ 1000b1cc     _client.obj
 0002:000001d8       ??_C@_0M@PPBAGJCG@www?4csxr?4ru?$AA@ 1000b1d8     _client.obj
 0002:000001e4       ??_C@_0M@MKADKIIB@black_smoke?$AA@ 1000b1e4     _client.obj
 0002:000001f0       ??_C@_04HHFOOFNB@?4spr?$AA@ 1000b1f0     _client.obj
 0002:000001f8       ??_C@_02GMCDBJKD@w_?$AA@   1000b1f8     _client.obj
 0002:000001fc       ??_C@_0N@LFHIINGM@standard?4ini?$AA@ 1000b1fc     _cvar.obj
 0002:0000020c       ??_C@_0BA@INGJMEE@aim_DrawAimspot?$AA@ 1000b20c     _cvar.obj
 0002:0000021c       ??_C@_06FHEBLMEF@Aimbot?$AA@ 1000b21c     _cvar.obj
 0002:00000224       ??_C@_0M@EPFNAIJE@aim_DrawFov?$AA@ 1000b224     _cvar.obj
 0002:00000230       ??_C@_09FCGANBIF@esp_Style?$AA@ 1000b230     _cvar.obj
 0002:0000023c       ??_C@_03LPJCHBD@Esp?$AA@   1000b23c     _cvar.obj
 0002:00000240       ??_C@_08EEBMKMDG@esp_Size?$AA@ 1000b240     _cvar.obj
 0002:0000024c       ??_C@_0M@FECCBGEP@esp_Visible?$AA@ 1000b24c     _cvar.obj
 0002:00000258       ??_C@_08LBGCBP@esp_Name?$AA@ 1000b258     _cvar.obj
 0002:00000264       ??_C@_0L@BNPDBFMI@esp_Weapon?$AA@ 1000b264     _cvar.obj
 0002:00000270       ??_C@_09IBIHGEIC@esp_3Dbox?$AA@ 1000b270     _cvar.obj
 0002:0000027c       ??_C@_09BFBJCNIB@esp_Sound?$AA@ 1000b27c     _cvar.obj
 0002:00000288       ??_C@_0O@EHCDILB@esp_SoundType?$AA@ 1000b288     _cvar.obj
 0002:00000298       ??_C@_0N@BMKKAKBF@esp_Sequence?$AA@ 1000b298     _cvar.obj
 0002:000002a8       ??_C@_0BB@INBACLDA@esp_GaitSequence?$AA@ 1000b2a8     _cvar.obj
 0002:000002bc       ??_C@_0L@BGMCGDK@esp_Barrel?$AA@ 1000b2bc     _cvar.obj
 0002:000002c8       ??_C@_0L@PKLHFEPA@esp_Spiked?$AA@ 1000b2c8     _cvar.obj
 0002:000002d4       ??_C@_0BB@OLBKIEDP@esp_WorldWeapons?$AA@ 1000b2d4     _cvar.obj
 0002:000002e8       ??_C@_0BA@IDDMPHGF@esp_WorldSprite?$AA@ 1000b2e8     _cvar.obj
 0002:000002f8       ??_C@_0N@ONLPKCKI@esp_DrawFont?$AA@ 1000b2f8     _cvar.obj
 0002:00000308       ??_C@_0P@HIDJBED@esp_MultiColor?$AA@ 1000b308     _cvar.obj
 0002:00000318       ??_C@_0O@HPMKOEJH@wh_DrawPlayer?$AA@ 1000b318     _cvar.obj
 0002:00000328       ??_C@_08MGOEOFIE@Wallhack?$AA@ 1000b328     _cvar.obj
 0002:00000334       ??_C@_0O@LIKBMNA@wh_DrawWeapon?$AA@ 1000b334     _cvar.obj
 0002:00000344       ??_C@_0P@LLDJOEKP@wh_ColorPlayer?$AA@ 1000b344     _cvar.obj
 0002:00000354       ??_C@_0P@MPHJBMOI@wh_ColorWeapon?$AA@ 1000b354     _cvar.obj
 0002:00000364       ??_C@_0BA@MBFPIGMP@wh_ColorGrenade?$AA@ 1000b364     _cvar.obj
 0002:00000374       ??_C@_0P@PGNDLLPO@wh_TransEntity?$AA@ 1000b374     _cvar.obj
 0002:00000384       ??_C@_0M@BKBBDGMO@wh_Wallmode?$AA@ 1000b384     _cvar.obj
 0002:00000390       ??_C@_0N@OIEHKHML@wh_Wireframe?$AA@ 1000b390     _cvar.obj
 0002:000003a0       ??_C@_0O@IENDGDEJ@wh_WireframeR?$AA@ 1000b3a0     _cvar.obj
 0002:000003b0       ??_C@_0O@LDGGIFFN@wh_WireframeG?$AA@ 1000b3b0     _cvar.obj
 0002:000003c0       ??_C@_0O@MOBBHBBI@wh_WireframeB?$AA@ 1000b3c0     _cvar.obj
 0002:000003d0       ??_C@_0N@EBANNJAI@wh_LocalGlow?$AA@ 1000b3d0     _cvar.obj
 0002:000003e0       ??_C@_0O@IGBHLKDN@wh_LocalGlowR?$AA@ 1000b3e0     _cvar.obj
 0002:000003f0       ??_C@_0O@LBKCFMCJ@wh_LocalGlowG?$AA@ 1000b3f0     _cvar.obj
 0002:00000400       ??_C@_0O@MMNFKIGM@wh_LocalGlowB?$AA@ 1000b400     _cvar.obj
 0002:00000410       ??_C@_0L@OPAMINBC@rad_Active?$AA@ 1000b410     _cvar.obj
 0002:0000041c       ??_C@_05ELHBHDGK@Radar?$AA@ 1000b41c     _cvar.obj
 0002:00000424       ??_C@_08CBLCANAF@rad_Size?$AA@ 1000b424     _cvar.obj
 0002:00000430       ??_C@_08NLPNNLDL@rad_Zoom?$AA@ 1000b430     _cvar.obj
 0002:0000043c       ??_C@_08MOBMADFM@rad_Type?$AA@ 1000b43c     _cvar.obj
 0002:00000448       ??_C@_0M@PEHNEOKE@rad_Visible?$AA@ 1000b448     _cvar.obj
 0002:00000454       ??_C@_0O@BJEJJHLC@rem_RemoveSky?$AA@ 1000b454     _cvar.obj
 0002:00000464       ??_C@_07DFFBDBIL@Removal?$AA@ 1000b464     _cvar.obj
 0002:0000046c       ??_C@_0BA@BOKCJFFE@rem_RemoveSmoke?$AA@ 1000b46c     _cvar.obj
 0002:0000047c       ??_C@_0BA@DHJNNEHK@rem_RemoveFlash?$AA@ 1000b47c     _cvar.obj
 0002:0000048c       ??_C@_0BB@OEEHOLCA@rem_RemoveSprite?$AA@ 1000b48c     _cvar.obj
 0002:000004a0       ??_C@_0BF@OLFDCEFA@rem_RemoveDrawWeapon?$AA@ 1000b4a0     _cvar.obj
 0002:000004b8       ??_C@_0BB@NPNKPAOM@rem_FlashMessage?$AA@ 1000b4b8     _cvar.obj
 0002:000004cc       ??_C@_0BA@DPNPMDKA@rem_AmxxMessage?$AA@ 1000b4cc     _cvar.obj
 0002:000004dc       ??_C@_0L@OFEKAEFH@knf_Active?$AA@ 1000b4dc     _cvar.obj
 0002:000004e8       ??_C@_08IIPGNGCJ@Knifebot?$AA@ 1000b4e8     _cvar.obj
 0002:000004f4       ??_C@_07BMMGMFID@knf_Aim?$AA@ 1000b4f4     _cvar.obj
 0002:000004fc       ??_C@_0L@KDGILEMH@knf_AimFov?$AA@ 1000b4fc     _cvar.obj
 0002:00000508       ??_C@_08EPDCFPJL@knf_Team?$AA@ 1000b508     _cvar.obj
 0002:00000514       ??_C@_0L@LKEDFCIO@knf_Attack?$AA@ 1000b514     _cvar.obj
 0002:00000520       ??_C@_0P@IIJBAAJJ@knf_DistAttack?$AA@ 1000b520     _cvar.obj
 0002:00000530       ??_C@_0BA@GECLOOJB@knf_DistAttack2?$AA@ 1000b530     _cvar.obj
 0002:00000540       ??_C@_09BNOAHELB@misc_Bhop?$AA@ 1000b540     _cvar.obj
 0002:0000054c       ??_C@_04MHPHMCPO@Misc?$AA@ 1000b54c     _cvar.obj
 0002:00000554       ??_C@_0O@ELKLNAOF@misc_ChaseCam?$AA@ 1000b554     _cvar.obj
 0002:00000564       ??_C@_0O@LHHGKKKD@misc_FreeLook?$AA@ 1000b564     _cvar.obj
 0002:00000574       ??_C@_0BD@NOBEAKHF@misc_FreeLookSpeed?$AA@ 1000b574     _cvar.obj
 0002:00000588       ??_C@_0BA@GAANGCIM@misc_AntiScreen?$AA@ 1000b588     _cvar.obj
 0002:00000598       ??_C@_0BC@MDLAKDKL@misc_GranadeTrail?$AA@ 1000b598     _cvar.obj
 0002:000005ac       ??_C@_0N@HHMDMOAC@misc_FastRun?$AA@ 1000b5ac     _cvar.obj
 0002:000005bc       ??_C@_0P@LMHOHOLM@misc_MenuColor?$AA@ 1000b5bc     _cvar.obj
 0002:000005cc       ??_C@_03NDDFJJAJ@INS?$AA@  1000b5cc     _cvar.obj
 0002:000005d0       ??_C@_0P@GNAELBOM@key_ToggleMenu?$AA@ 1000b5d0     _cvar.obj
 0002:000005e0       ??_C@_03CCEPDEKL@Key?$AA@  1000b5e0     _cvar.obj
 0002:000005e4       ??_C@_03OAFAKAKL@DEL?$AA@  1000b5e4     _cvar.obj
 0002:000005e8       ??_C@_0BA@LIPFHPBH@key_TogglePanic?$AA@ 1000b5e8     _cvar.obj
 0002:000005f8       ??_C@_05EMNIMLKD@ENTER?$AA@ 1000b5f8     _cvar.obj
 0002:00000600       ??_C@_0N@CPEGJMAN@key_NavEnter?$AA@ 1000b600     _cvar.obj
 0002:00000610       ??_C@_09MALOLBMO@BACKSPACE?$AA@ 1000b610     _cvar.obj
 0002:0000061c       ??_C@_0N@DLNMCMG@key_NavLeave?$AA@ 1000b61c     _cvar.obj
 0002:0000062c       ??_C@_07MNCBLHKG@UPARROW?$AA@ 1000b62c     _cvar.obj
 0002:00000634       ??_C@_09NPBIOAAM@key_NavUp?$AA@ 1000b634     _cvar.obj
 0002:00000640       ??_C@_09KIDHILFL@DOWNARROW?$AA@ 1000b640     _cvar.obj
 0002:0000064c       ??_C@_0M@PDIFLDGL@key_NavDown?$AA@ 1000b64c     _cvar.obj
 0002:00000658       ??_C@_09FNHBLDAE@LEFTARROW?$AA@ 1000b658     _cvar.obj
 0002:00000664       ??_C@_0M@BIBCLFC@key_NavLeft?$AA@ 1000b664     _cvar.obj
 0002:00000670       ??_C@_0L@CIPLPPIL@RIGHTARROW?$AA@ 1000b670     _cvar.obj
 0002:0000067c       ??_C@_0N@JPJLLOJK@key_NavRight?$AA@ 1000b67c     _cvar.obj
 0002:0000068c       ??_C@_05KINDNLLC@glock?$AA@ 1000b68c     _cvar.obj
 0002:00000694       ??_C@_03PLNCNPLC@usp?$AA@  1000b694     _cvar.obj
 0002:00000698       ??_C@_06BOLHOKHP@deagle?$AA@ 1000b698     _cvar.obj
 0002:000006a0       ??_C@_04MCMNMLGF@ak47?$AA@ 1000b6a0     _cvar.obj
 0002:000006a8       ??_C@_04KIHOHCEN@m4a1?$AA@ 1000b6a8     _cvar.obj
 0002:000006b0       ??_C@_05LAIJEIBK@famas?$AA@ 1000b6b0     _cvar.obj
 0002:000006b8       ??_C@_05CAKDPM@galil?$AA@  1000b6b8     _cvar.obj
 0002:000006c0       ??_C@_05NCIKJDHF@sg550?$AA@ 1000b6c0     _cvar.obj
 0002:000006c8       ??_C@_03CFKHOHFO@aug?$AA@  1000b6c8     _cvar.obj
 0002:000006cc       ??_C@_04CPLLELMC@m249?$AA@ 1000b6cc     _cvar.obj
 0002:000006d4       ??_C@_03OBDHKFNL@mp5?$AA@  1000b6d4     _cvar.obj
 0002:000006d8       ??_C@_03EBHIGIJD@p90?$AA@  1000b6d8     _cvar.obj
 0002:000006dc       ??_C@_05INHJPNJM@mac10?$AA@ 1000b6dc     _cvar.obj
 0002:000006e4       ??_C@_03FFNGDGKN@tmp?$AA@  1000b6e4     _cvar.obj
 0002:000006e8       ??_C@_05JOBMFOLE@ump45?$AA@ 1000b6e8     _cvar.obj
 0002:000006f0       ??_C@_03CDKALHKG@awp?$AA@  1000b6f0     _cvar.obj
 0002:000006f4       ??_C@_05GHDFNNLC@scout?$AA@ 1000b6f4     _cvar.obj
 0002:000006fc       ??_C@_05EPACHGIN@g3sg1?$AA@ 1000b6fc     _cvar.obj
 0002:00000704       ??_C@_05OALMPBPH@sg552?$AA@ 1000b704     _cvar.obj
 0002:0000070c       ??_C@_0L@GHGMNJHH@aim_Active?$AA@ 1000b70c     _cvar.obj
 0002:00000718       ??_C@_0P@GPIGCBBF@aim_Deathmatch?$AA@ 1000b718     _cvar.obj
 0002:00000728       ??_C@_0P@BANMFPFL@aim_Aimthrough?$AA@ 1000b728     _cvar.obj
 0002:00000738       ??_C@_0L@GNBMMFNF@aim_Silent?$AA@ 1000b738     _cvar.obj
 0002:00000744       ??_C@_0L@CJFGGGIM@aim_Smooth?$AA@ 1000b744     _cvar.obj
 0002:00000750       ??_C@_07BCAKJIJH@aim_Fov?$AA@ 1000b750     _cvar.obj
 0002:00000758       ??_C@_0M@ENBONIDI@aim_FovType?$AA@ 1000b758     _cvar.obj
 0002:00000764       ??_C@_0M@CMHIIFGM@aim_FovDist?$AA@ 1000b764     _cvar.obj
 0002:00000770       ??_C@_0BA@EFMFMECL@aim_NoTwitching?$AA@ 1000b770     _cvar.obj
 0002:00000780       ??_C@_08BOIBNFJC@aim_Mode?$AA@ 1000b780     _cvar.obj
 0002:0000078c       ??_C@_0M@LLLIOHCN@aim_RecoilX?$AA@ 1000b78c     _cvar.obj
 0002:00000798       ??_C@_0M@KCKDNGGM@aim_RecoilY?$AA@ 1000b798     _cvar.obj
 0002:000007a4       ??_C@_0L@HDPIGKJC@aim_Origin?$AA@ 1000b7a4     _cvar.obj
 0002:000007b0       ??_C@_08JBEGMHJF@aim_Bone?$AA@ 1000b7b0     _cvar.obj
 0002:000007bc       ??_C@_0L@GIPFMMCA@aim_Hitbox?$AA@ 1000b7bc     _cvar.obj
 0002:000007c8       ??_C@_08FJMLEEDC@aim_Time?$AA@ 1000b7c8     _cvar.obj
 0002:000007d4       ??_C@_09EPOAHIFI@aim_Delay?$AA@ 1000b7d4     _cvar.obj
 0002:000007e0       ??_C@_0O@EMDMLPFJ@aim_ShotDelay?$AA@ 1000b7e0     _cvar.obj
 0002:000007f0       ??_C@_0O@LFIALPEM@aim_KillDelay?$AA@ 1000b7f0     _cvar.obj
 0002:00000800       ??_C@_0P@FMMCMPHM@aim_Prediction?$AA@ 1000b800     _cvar.obj
 0002:00000810       ??_C@_0N@GJBDLCGJ@aim_Distance?$AA@ 1000b810     _cvar.obj
 0002:00000820       ??_C@_0O@GJLJGLNK@aim_Crosshair?$AA@ 1000b820     _cvar.obj
 0002:00000830       ??_C@_08ELDNMNPB@you?5are?5?$AA@ 1000b830     _esp.obj
 0002:0000083c       ??_C@_09KBKHGMHH@?$CF?5flashed?$AA@ 1000b83c     _esp.obj
 0002:00000848       ??_C@_04EAPMNACM@idle?$AA@ 1000b848     _esp.obj
 0002:00000850       ??_C@_08HFADMLAA@shooting?$AA@ 1000b850     _esp.obj
 0002:0000085c       ??_C@_09IDEGCBIO@reloading?$AA@ 1000b85c     _esp.obj
 0002:00000868       ??_C@_04BBBDNBOK@dead?$AA@ 1000b868     _esp.obj
 0002:00000870       ??_C@_08FAMLCBBH@throwing?$AA@ 1000b870     _esp.obj
 0002:0000087c       ??_C@_08FDKHFBMH@planting?$AA@ 1000b87c     _esp.obj
 0002:00000888       ??_C@_08FPFEODEK@swinging?$AA@ 1000b888     _esp.obj
 0002:00000894       ??_C@_0M@JLHGKGCF@open?5shield?$AA@ 1000b894     _esp.obj
 0002:000008a0       ??_C@_0O@FJCBDMEF@closed?5shield?$AA@ 1000b8a0     _esp.obj
 0002:000008b0       ??_C@_08KFJENABO@standing?$AA@ 1000b8b0     _esp.obj
 0002:000008bc       ??_C@_09EGJCGMIJ@crouching?$AA@ 1000b8bc     _esp.obj
 0002:000008c8       ??_C@_07KOIGNFPA@walking?$AA@ 1000b8c8     _esp.obj
 0002:000008d0       ??_C@_07PANPENDC@running?$AA@ 1000b8d0     _esp.obj
 0002:000008d8       ??_C@_0P@GPBAGFP@crouch?5running?$AA@ 1000b8d8     _esp.obj
 0002:000008e8       ??_C@_07GMFDMOB@jumping?$AA@ 1000b8e8     _esp.obj
 0002:000008f0       ??_C@_08JDHAIJEF@swimming?$AA@ 1000b8f0     _esp.obj
 0002:000008fc       ??_C@_09MDJNEEPL@hegrenade?$AA@ 1000b8fc     _esp.obj
 0002:00000908       ??_C@_05LEFLIPJH@flash?$AA@ 1000b908     _esp.obj
 0002:00000910       ??_C@_05JNGEMOLJ@smoke?$AA@ 1000b910     _esp.obj
 0002:00000918       ??_C@_0BG@LKPONKLB@sprites?1laserbeam?4spr?$AA@ 1000b918     _esp.obj
 0002:00000930       ??_C@_0BA@PEOHMKON@Aimbot?5Settings?$AA@ 1000b930     _menu.obj
 0002:00000940       ??_C@_0BC@JCBNLPK@Knifebot?5Settings?$AA@ 1000b940     _menu.obj
 0002:00000954       ??_C@_0N@HBDOMHNC@ESP?5Settings?$AA@ 1000b954     _menu.obj
 0002:00000964       ??_C@_0BC@NCJLAMCE@Wallhack?5Settings?$AA@ 1000b964     _menu.obj
 0002:00000978       ??_C@_0P@NGFOLFLG@Radar?5Settings?$AA@ 1000b978     _menu.obj
 0002:00000988       ??_C@_0BB@GODOLAKD@Removal?5Settings?$AA@ 1000b988     _menu.obj
 0002:0000099c       ??_C@_0O@NJMPHLNG@Misc?5Settings?$AA@ 1000b99c     _menu.obj
 0002:000009ac       ??_C@_0BB@JCDJHPJB@aim_SaveSettings?$AA@ 1000b9ac     _menu.obj
 0002:000009c0       ??_C@_0BB@IAHAGFBG@aim_LoadSettings?$AA@ 1000b9c0     _menu.obj
 0002:000009d4       ??_C@_0P@PMPBJMPO@Settings?5Saved?$AA@ 1000b9d4     _menu.obj
 0002:000009e4       ??_C@_0BA@JLEKELLD@Settings?5Loaded?$AA@ 1000b9e4     _menu.obj
 0002:000009f4       ??_C@_02LIELOMNJ@on?$AA@   1000b9f4     _menu.obj
 0002:000009f8       ??_C@_03MCADLMAF@off?$AA@  1000b9f8     _menu.obj
 0002:000009fc       ??_C@_03CJMDHCGG@TAB?$AA@  1000b9fc     _menu.obj
 0002:00000a00       ??_C@_06CDPDIIDH@ESCAPE?$AA@ 1000ba00     _menu.obj
 0002:00000a08       ??_C@_02LCPENACN@F1?$AA@   1000ba08     _menu.obj
 0002:00000a0c       ??_C@_02JJNJIDOO@F2?$AA@   1000ba0c     _menu.obj
 0002:00000a10       ??_C@_02IAMCLCKP@F3?$AA@   1000ba10     _menu.obj
 0002:00000a14       ??_C@_02MPIDCEGI@F4?$AA@   1000ba14     _menu.obj
 0002:00000a18       ??_C@_02NGJIBFCJ@F5?$AA@   1000ba18     _menu.obj
 0002:00000a1c       ??_C@_02PNLFEGOK@F6?$AA@   1000ba1c     _menu.obj
 0002:00000a20       ??_C@_02OEKOHHKL@F7?$AA@   1000ba20     _menu.obj
 0002:00000a24       ??_C@_02GDDGGLGE@F8?$AA@   1000ba24     _menu.obj
 0002:00000a28       ??_C@_02HKCNFKCF@F9?$AA@   1000ba28     _menu.obj
 0002:00000a2c       ??_C@_03JKCLJOFG@F10?$AA@  1000ba2c     _menu.obj
 0002:00000a30       ??_C@_03IDDAKPBH@F11?$AA@  1000ba30     _menu.obj
 0002:00000a34       ??_C@_03KIBNPMNE@F12?$AA@  1000ba34     _menu.obj
 0002:00000a38       ??_C@_04BOGEOADK@PGDN?$AA@ 1000ba38     _menu.obj
 0002:00000a40       ??_C@_04NHMBBGKC@PGUP?$AA@ 1000ba40     _menu.obj
 0002:00000a48       ??_C@_04GHGFPGNC@HOME?$AA@ 1000ba48     _menu.obj
 0002:00000a50       ??_C@_03JMGAKCCH@END?$AA@  1000ba50     _menu.obj
 0002:00000a54       ??_C@_0L@NBPPJGMJ@MWHEELDOWN?$AA@ 1000ba54     _menu.obj
 0002:00000a60       ??_C@_08NAKENEKM@MWHEELUP?$AA@ 1000ba60     _menu.obj
 0002:00000a6c       ??_C@_06CAAGCEOP@MOUSE1?$AA@ 1000ba6c     _menu.obj
 0002:00000a74       ??_C@_06LCLHHCM@MOUSE2?$AA@ 1000ba74     _menu.obj
 0002:00000a7c       ??_C@_04KPILAJPA@?4bsp?$AA@ 1000ba7c     _opengl.obj
 0002:00000a84       ??_C@_04IPGPBAO@?4mdl?$AA@ 1000ba84     _opengl.obj
 0002:00000a8c       ??_C@_06BALNJMNP@player?$AA@ 1000ba8c     _opengl.obj
 0002:00000a94       ??_C@_0N@DOKAJOHF@opengl32?4dll?$AA@ 1000ba94     _opengl.obj
 0002:00000aa4       ??_C@_07FCOIFMD@glBegin?$AA@ 1000baa4     _opengl.obj
 0002:00000aac       ??_C@_07IBAPPAHJ@glClear?$AA@ 1000baac     _opengl.obj
 0002:00000ab4       ??_C@_0M@JALIODJD@glVertex3fv?$AA@ 1000bab4     _opengl.obj
 0002:00000ac0       ??_C@_0L@LOJINGAG@glVertex3f?$AA@ 1000bac0     _opengl.obj
 0002:00000acc       ??_C@_05OIBMBLHE@glEnd?$AA@ 1000bacc     _opengl.obj
 0002:00000ad4       ??_C@_0BM@FNGDMGKN@Find?5Cl?1En?1St?5Modules?5Error?$AA@ 1000bad4     main.obj
 0002:00000af0       ??_C@_06IONNPIKE@hw?4dll?$AA@ 1000baf0     offset.obj
 0002:00000af8       ??_C@_06OLAEDAJA@sw?4dll?$AA@ 1000baf8     offset.obj
 0002:00000b00       ??_C@_0L@PHFEFMEF@client?4dll?$AA@ 1000bb00     offset.obj
 0002:00000b0c       ??_C@_0L@HLIDJPHH@GameUI?4dll?$AA@ 1000bb0c     offset.obj
 0002:00000b18       ??_C@_0L@LIFLGOIC@Error?5Find?$AA@ 1000bb18     offset.obj
 0002:00000b24       ??_C@_0L@OBKHMDDA@ScreenFade?$AA@ 1000bb24     offset.obj
 0002:00000b30       ??_C@_0HO@MKFIENLP@xx?$DP?$DP?$DP?$DPx?$DP?$DP?$DP?$DPxx?$DP?$DP?$DP?$DPxx?$DP?$DP?$DP?$DPx?$DP?$DP?$DP?$DPxx?$DP?$DP@ 1000bb30     offset.obj
 0002:00000bb0       ??_C@_0HO@OABPPDJJ@?$PP?$BF?$PP?$PP?$PP?$PPh?$PP?$PP?$PP?$PP?$IJ?$IG?$PP?$PP?$PP?$PP?$PP?$BF?$PP?$PP?$PP?$PPh?$PP?$PP?$PP?$PP?$IJ?$IG?$PP?$PP@ 1000bbb0     offset.obj
 0002:00000c30       ??_C@_08EEHLLNHO@xxx?$DP?$DP?$DP?$DPx?$AA@ 1000bc30     offset.obj
 0002:00000c3c       ??_C@_0CG@FMKLHNIB@Couldn?8t?5find?5UserMsgBase?5?$CD1?5poi@ 1000bc3c     offset.obj
 0002:00000c64       ??_C@_0N@LFLOAEIL@?$DP?$DP?$DPxxxx?$DP?$DP?$DP?$DPx?$AA@ 1000bc64     offset.obj
 0002:00000c74       ??_C@_0CG@MFEJBLIA@Couldn?8t?5find?5UserMsgBase?5?$CD2?5poi@ 1000bc74     offset.obj
 0002:00000c9c       ??_C@_0BN@HJPMMOGN@x?$DP?$DP?$DP?$DPxxx?$DP?$DP?$DP?$DPxxx?$DPxx?$DP?$DP?$DP?$DPxxxxxx?$AA@ 1000bc9c     offset.obj
 0002:00000cbc       ??_C@_0BN@KBGFBHLD@?$LP?$PP?$PP?$PP?$PP?$IL?$AE?$LF?$PP?$PP?$PP?$PP?$IF?$MAt?$PP?$IB?$PP?$PP?$PP?$PP?$PP?$HP?$AE?$IL?$AP?k?$AF?$AA@ 1000bcbc     offset.obj
 0002:00000cdc       ??_C@_0O@KMFIBKGL@MSG_ReadCoord?$AA@ 1000bcdc     offset.obj
 0002:00000cec       ??_C@_0BE@JJPLNMFN@MSG_StartBitReading?$AA@ 1000bcec     offset.obj
 0002:00000d00       ??_C@_0BC@JKFHDNBE@MSG_EndBitReading?$AA@ 1000bd00     offset.obj
 0002:00000d14       ??_C@_0O@CELPOEJE@EngineMsgBase?$AA@ 1000bd14     offset.obj
 0002:00000d24       ??_C@_09HBCKMAMK@TERRORIST?$AA@ 1000bd24     usermsg.obj
 0002:00000d30       ??_C@_02KMLFINCE@CT?$AA@   1000bd30     usermsg.obj
 0002:00000d34       ??_C@_0M@FEHNMLCD@End?5of?5List?$AA@ 1000bd34     utils.obj
 0002:00000d40       __real@0000000000000000    1000bd40     _math.obj
 0002:00000d48       __real@3a83126f            1000bd48     _esp.obj
 0002:00000d4c       __real@3d4ccccd            1000bd4c     _utils.obj
 0002:00000d50       __real@3f19999a            1000bd50     _utils.obj
 0002:00000d54       __real@3f666666            1000bd54     _esp.obj
 0002:00000d58       __real@3f91df46a2529d39    1000bd58     _client.obj
 0002:00000d60       __real@3f947ae147ae147b    1000bd60     _aimbot.obj
 0002:00000d68       __real@3f99999a            1000bd68     _esp.obj
 0002:00000d70       __real@3faeb851e0000000    1000bd70     _utils.obj
 0002:00000d78       __real@3fe0000000000000    1000bd78     _math.obj
 0002:00000d80       __real@3fe8000000000000    1000bd80     _utils.obj
 0002:00000d88       __real@3fe921fb54442d18    1000bd88     _math.obj
 0002:00000d90       __real@3fec71c71c71c71c    1000bd90     _utils.obj
 0002:00000d98       __real@3feccccccccccccd    1000bd98     _utils.obj
 0002:00000da0       __real@3ff1c71c71c71c72    1000bda0     _utils.obj
 0002:00000da8       __real@3ff8000000000000    1000bda8     _math.obj
 0002:00000db0       __real@3ff921fb54442d18    1000bdb0     _math.obj
 0002:00000db8       __real@3ffc000000000000    1000bdb8     _utils.obj
 0002:00000dc0       __real@40000000            1000bdc0     _esp.obj
 0002:00000dc8       __real@4000000000000000    1000bdc8     _math.obj
 0002:00000dd0       __real@400921fb54442d18    1000bdd0     _math.obj
 0002:00000dd8       __real@4010000000000000    1000bdd8     _utils.obj
 0002:00000de0       __real@4014000000000000    1000bde0     _esp.obj
 0002:00000de8       __real@4024000000000000    1000bde8     _client.obj
 0002:00000df0       __real@4028000000000000    1000bdf0     _esp.obj
 0002:00000df8       __real@402e000000000000    1000bdf8     _esp.obj
 0002:00000e00       __real@4030000000000000    1000be00     _utils.obj
 0002:00000e08       __real@4031000000000000    1000be08     _esp.obj
 0002:00000e10       __real@40400000            1000be10     _utils.obj
 0002:00000e18       __real@404ca5dc1a63c1f8    1000be18     _utils.obj
 0002:00000e20       __real@4054000000000000    1000be20     _cheat.obj
 0002:00000e28       __real@4056666660000000    1000be28     _cheat.obj
 0002:00000e30       __real@4056800000000000    1000be30     _utils.obj
 0002:00000e38       __real@4059000000000000    1000be38     _esp.obj
 0002:00000e40       __real@405fa66660000000    1000be40     _cheat.obj
 0002:00000e48       __real@4066800000000000    1000be48     _utils.obj
 0002:00000e50       __real@406aaaaaa0000000    1000be50     _utils.obj
 0002:00000e58       __real@406fe00000000000    1000be58     _opengl.obj
 0002:00000e60       __real@4076800000000000    1000be60     _aimbot.obj
 0002:00000e68       __real@407f400000000000    1000be68     _utils.obj
 0002:00000e70       __real@42000000            1000be70     _esp.obj
 0002:00000e74       __real@428c0000            1000be74     _esp.obj
 0002:00000e78       __real@42a20000            1000be78     _aimbot.obj
 0002:00000e7c       __real@42b20000            1000be7c     _utils.obj
 0002:00000e80       __real@42b40000            1000be80     _esp.obj
 0002:00000e84       __real@42fe0000            1000be84     _utils.obj
 0002:00000e88       __real@43340000            1000be88     _aimbot.obj
 0002:00000e8c       __real@437f0000            1000be8c     _opengl.obj
 0002:00000e90       __real@43870000            1000be90     _utils.obj
 0002:00000e94       __real@43b40000            1000be94     _aimbot.obj
 0002:00000e98       __real@43fa0000            1000be98     _utils.obj
 0002:00000e9c       __real@4b189680            1000be9c     _aimbot.obj
 0002:00000ea0       __real@bf800000            1000bea0     _utils.obj
 0002:00000ea8       __real@bfe921fb54442d18    1000bea8     _math.obj
 0002:00000eb0       __real@bff0000000000000    1000beb0     _math.obj
 0002:00000eb8       __real@bff921fb54442d18    1000beb8     _math.obj
 0002:00000ec0       __real@c045555552222220    1000bec0     _utils.obj
 0002:00000ec8       __real@c059000000000000    1000bec8     _client.obj
 0002:00000ed0       __real@c2b20000            1000bed0     _utils.obj
 0002:00000ed4       __real@c3340000            1000bed4     _aimbot.obj
 0002:00001004       __IMPORT_DESCRIPTOR_KERNEL32 1000c004     kernel32:KERNEL32.dll
 0002:00001018       __IMPORT_DESCRIPTOR_USER32 1000c018     user32:USER32.dll
 0002:0000102c       __IMPORT_DESCRIPTOR_GDI32  1000c02c     gdi32:GDI32.dll
 0002:00001040       __IMPORT_DESCRIPTOR_OPENGL32 1000c040     OpenGL32:OPENGL32.dll
 0002:00001054       __NULL_IMPORT_DESCRIPTOR   1000c054     kernel32:KERNEL32.dll
 0003:00000000       ?g_Aimbot@@3VcAimbot@@A    1000d000     _aimbot.obj
 0003:00000020       ?cvar@@3VcCvar@@A          1000d020     _cvar.obj
 0003:00000828       ?g_Radar@@3VcRadar@@A      1000d828     _radar.obj
 0003:00000840       __fltused                  1000d840     MSVCRT:fltused.obj
 0003:00000844       ___isa_enabled             1000d844     MSVCRT:_cpu_disp_.obj
 0003:00000848       ?FirstFrame@@3_NA          1000d848     client.obj
 0003:00000849       ?g_Drawing@@3VcDrawing@@A  1000d849     drawing.obj
 0003:0000084a       ?bScreenshot@@3_NA         1000d84a     _client.obj
 0003:0000084b       ?bSnapshot@@3_NA           1000d84b     _client.obj
 0003:0000084c       ?pSVC_sound@@3P6AXXZA      1000d84c     enginemsg.obj
 0003:00000850       ?g_nStatus@@3Unet_status_s@@A 1000d850     client.obj
 0003:00000898       ?pSVC_SpawnStaticSound@@3P6AXXZA 1000d898     enginemsg.obj
 0003:0000089c       ?MSG_Buffer@@3PAUsizebuf_s@@A 1000d89c     enginemsg.obj
 0003:000008a0       ?MSG_SavedReadCount@@3HA   1000d8a0     enginemsg.obj
 0003:000008a4       ?MSG_ReadCount@@3PAHA      1000d8a4     enginemsg.obj
 0003:000008a8       ?MSG_EndBitReading@@3P6AXPAUsizebuf_s@@@ZA 1000d8a8     enginemsg.obj
 0003:000008ac       ?MSG_ReadCoord@@3P6AMXZA   1000d8ac     enginemsg.obj
 0003:000008b0       ?MSG_ReadBits@@3P6AHH@ZA   1000d8b0     enginemsg.obj
 0003:000008b4       ?MSG_ReadBitVec3Coord@@3P6AXPAM@ZA 1000d8b4     enginemsg.obj
 0003:000008b8       ?MSG_StartBitReading@@3P6AXPAUsizebuf_s@@@ZA 1000d8b8     enginemsg.obj
 0003:000008bc       ?MSG_ReadByte@@3P6AEXZA    1000d8bc     enginemsg.obj
 0003:000008c0       ?MSG_ReadShort@@3P6AFXZA   1000d8c0     enginemsg.obj
 0003:000008c4       ?Screenshot_s@@3P6AXXZA    1000d8c4     _client.obj
 0003:000008c8       ?Verdana2@@3VcFont@@A      1000d8c8     font.obj
 0003:00000ad8       ?Verdana1@@3VcFont@@A      1000dad8     font.obj
 0003:00000ce8       ?ArialBlack@@3VcFont@@A    1000dce8     font.obj
 0003:00000ef8       ?g_Leis@@3VcLeis@@A        1000def8     _client.obj
 0003:00000f00       ?noflash@@3Unoflash_s@@A   1000df00     _client.obj
 0003:00000f20       ?Snapshot_s@@3P6AXXZA      1000df20     _client.obj
 0003:00000f24       ?g_Esp@@3VcEsp@@A          1000df24     _esp.obj
 0003:00000f25       ?noSky@@3_NA               1000df25     _opengl.obj
 0003:00000f26       ?bSmoke@@3_NA              1000df26     _opengl.obj
 0003:00000f27       ?bPolygon@@3_NA            1000df27     _opengl.obj
 0003:00000f28       ?pglVertex3f@@3P6GXMMM@ZA  1000df28     _opengl.obj
 0003:00000f2c       ?pglClear@@3P6GXI@ZA       1000df2c     _opengl.obj
 0003:00000f30       ?polyArray@@3PAY02MA       1000df30     _opengl.obj
 0003:00003f30       ?pglEnd@@3P6GXXZA          10010f30     _opengl.obj
 0003:00003f34       ?pglBegin@@3P6GXI@ZA       10010f34     _opengl.obj
 0003:00003f38       ?pglVertex3fv@@3P6GXPBM@ZA 10010f38     _opengl.obj
 0003:00003f3c       ?polyCoords@@3HA           10010f3c     _opengl.obj
 0003:00003f40       ?g_Players@@3VcPlayers@@A  10010f40     _player.obj
 0003:00003f44       ?g_pStudio@@3PAUengine_studio_api_s@@A 10010f44     main.obj
 0003:00003f48       ?g_Screen@@3USCREENINFO_s@@A 10010f48     main.obj
 0003:0000415c       ?pUserMsgBase@@3PAUUserMsg@@A 1001115c     main.obj
 0003:00004160       ?g_Studio@@3Uengine_studio_api_s@@A 10011160     main.obj
 0003:0000420c       ?pEngineMsgBase@@3PAUEngineMsg@@A 1001120c     main.obj
 0003:00004210       ?g_Engine@@3Ucl_enginefuncs_s@@A 10011210     main.obj
 0003:0000441c       ?g_pEngine@@3PAUcl_enginefuncs_s@@A 1001141c     main.obj
 0003:00004420       ?g_Client@@3Ucl_clientfuncs_s@@A 10011420     main.obj
 0003:000044cc       ?g_pClient@@3PAUcl_clientfuncs_s@@A 100114cc     main.obj
 0003:000044d0       ?BaseDir@@3PADA            100114d0     main.obj
 0003:000044d4       ?hProcessReloadThread@@3PAXA 100114d4     main.obj
 0003:000044d8       ?offset@@3VcOffset@@A      100114d8     offset.obj
 0003:00004518       ?pDeathMsg@@3P6AHPBDHPAX@ZA 10011518     usermsg.obj
 0003:0000451c       ?pCurWeapon@@3P6AHPBDHPAX@ZA 1001151c     usermsg.obj
 0003:00004520       ?pTeamInfo@@3P6AHPBDHPAX@ZA 10011520     usermsg.obj
 0003:00004524       ?pSetFOV@@3P6AHPBDHPAX@ZA  10011524     usermsg.obj
 0003:00004528       ?pResetHUD@@3P6AHPBDHPAX@ZA 10011528     usermsg.obj
 0003:0000452c       ?native_itoa_buffer@@3PADA 1001152c     utils.obj
 0003:00004544       ?g_Cheat@@3VcCheat@@A      10011544     _cheat.obj
 0003:00004550       ?g_Entity@@3VcEntity@@A    10011550     _client.obj
 0003:00019558       ?g_Sound@@3VcSound@@A      10026558     _client.obj
 0003:0001b560       ?g_Menu@@3VcMenu@@A        10028560     _menu.obj
 0003:0001bb18       ?g_Local@@3Ulocal_s@@A     10028b18     _player.obj
 0003:0001bbb0       ?g_Player@@3PAUplayer_s@@A 10028bb0     _player.obj
 0003:00024100       ___isa_available           10031100     MSVCRT:_cpu_disp_.obj
 0003:00024104       ___favor                   10031104     MSVCRT:_cpu_disp_.obj

 entry point at        0000:00000000

 Static symbols

 0001:00000000       ??__Eg_Entity@@YAXXZ       10001000 f   _client.obj
 0001:0000000a       ??__Eg_Menu@@YAXXZ         1000100a f   _menu.obj
 0001:00009890       $$000000                   1000a890     MSVCRT:_ftol2_.obj
 0002:000000f4       ?g_Entity$initializer$@@3P6AXXZA 1000b0f4     _client.obj
 0002:000000f8       ?g_Menu$initializer$@@3P6AXXZA 1000b0f8     _menu.obj
 0002:00001300       .idata$6                   1000c300     kernel32:KERNEL32.dll
 0002:0000131c       .idata$6                   1000c31c     user32:USER32.dll
 0002:0000136c       .idata$6                   1000c36c     gdi32:GDI32.dll
 0002:00001502       .idata$6                   1000c502     OpenGL32:OPENGL32.dll
 0003:00019554       ?gpBuf@@3PAEA              10026554     parsemsg.obj
 0003:0001b55c       ?giSize@@3HA               1002855c     parsemsg.obj
 0003:000238fc       ?giRead@@3HA               100308fc     parsemsg.obj
 0003:00023900       ?string@?1??READ_STRING@@YAPADXZ@4PADA 10030900     parsemsg.obj
