 HackBaseMini

 Timestamp is 55ed6773 (Mon Sep  7 13:31:15 2015)

 Preferred load address is 10000000

 Start         Length     Name                   Class
 0001:00000000 00000ec6H .text                   CODE
 0001:00000ed0 00000290H .text$di                CODE
 0001:00001160 0002e715H .text$mn                CODE
 0001:0002f880 000003e0H .text$x                 CODE
 0001:0002fc60 000002b2H .text$yd                CODE
 0002:00000000 0000017cH .idata$5                DATA
 0002:0000017c 00000004H .00cfg                  DATA
 0002:00000180 00000004H .CRT$XCA                DATA
 0002:00000184 0000000cH .CRT$XCC                DATA
 0002:00000190 00000008H .CRT$XCL                DATA
 0002:00000198 0000002cH .CRT$XCU                DATA
 0002:000001c4 00000004H .CRT$XCZ                DATA
 0002:000001c8 00000004H .CRT$XIA                DATA
 0002:000001cc 00000018H .CRT$XIC                DATA
 0002:000001e4 00000004H .CRT$XIZ                DATA
 0002:000001e8 00000004H .CRT$XLA                DATA
 0002:000001ec 00000004H .CRT$XLZ                DATA
 0002:000001f0 00000004H .CRT$XPA                DATA
 0002:000001f4 00000008H .CRT$XPX                DATA
 0002:000001fc 00000004H .CRT$XPXA               DATA
 0002:00000200 00000004H .CRT$XPZ                DATA
 0002:00000204 00000004H .CRT$XTA                DATA
 0002:00000208 00000004H .CRT$XTZ                DATA
 0002:0000020c 00000000H .gfids$x                DATA
 0002:00000210 0000afb4H .rdata                  DATA
 0002:0000b1c4 00000018H .rdata$T                DATA
 0002:0000b1dc 0000098cH .rdata$r                DATA
 0002:0000bb68 00000010H .rdata$zETW0            DATA
 0002:0000bb78 00000077H .rdata$zETW1            DATA
 0002:0000bbef 0000002cH .rdata$zETW2            DATA
 0002:0000bc1b 00000001H .rdata$zETW9            DATA
 0002:0000bc1c 0000039cH .rdata$zzzdbg           DATA
 0002:0000bfb8 00000004H .rtc$IAA                DATA
 0002:0000bfbc 00000004H .rtc$IZZ                DATA
 0002:0000bfc0 00000004H .rtc$TAA                DATA
 0002:0000bfc4 00000004H .rtc$TZZ                DATA
 0002:0000bfc8 00000e4cH .xdata$x                DATA
 0002:0000ce20 0000004fH .edata                  DATA
 0002:0000ce70 00000050H .idata$2                DATA
 0002:0000cec0 00000014H .idata$3                DATA
 0002:0000ced4 0000017cH .idata$4                DATA
 0002:0000d050 000006c6H .idata$6                DATA
 0003:00000000 00000c10H .data                   DATA
 0003:00000c10 00000483H .data$r                 DATA
 0003:00001098 0000b7f0H .bss                    DATA
 0004:00000000 00000001H .tls                    DATA
 0004:00000004 00000004H .tls$                   DATA
 0004:00000008 00000001H .tls$ZZZ                DATA

  Address         Publics by Value              Rva+Base       Lib:Object

 0000:00000000       ___guard_fids_count        00000000     <absolute>
 0000:00000000       __except_list              00000000     <absolute>
 0000:00000000       ___guard_fids_table        00000000     <absolute>
 0000:00000000       ___safe_se_handler_table   00000000     <absolute>
 0000:00000000       ___safe_se_handler_count   00000000     <absolute>
 0000:0000002c       __tls_array                0000002c     <absolute>
 0000:00000100       ___guard_flags             00000100     <absolute>
 0000:00000000       ___ImageBase               10000000     <linker-defined>
 0001:00000000       ??0CDetourEnableWriteOnCodePage@@QAE@PAEJ@Z 10001000 f i detours:detours.obj
 0001:00000080       ??1CDetourEnableWriteOnCodePage@@QAE@XZ 10001080 f i detours:detours.obj
 0001:000000f0       _DetourFunction@8          100010f0 f   detours:detours.obj
 0001:000003e0       ?SetPermission@CDetourEnableWriteOnCodePage@@QAEHK@Z 100013e0 f i detours:detours.obj
 0001:00000420       ?IsValid@CDetourEnableWriteOnCodePage@@QAEHXZ 10001420 f i detours:detours.obj
 0001:000004c0       ?DetourGenJmp@@YAPAEPAE00@Z 100014c0 f i detours:detours.obj
 0001:00000500       ?DetourGenBreak@@YAPAEPAE@Z 10001500 f i detours:detours.obj
 0001:00000520       _DetourGetFinalCode@8      10001520 f   detours:detours.obj
 0001:00000590       _DetourCopyInstruction@12  10001590 f   detours:disasm.obj
 0001:000005c0       ??0CDetourDis@@QAE@PAPAEPAJ@Z 100015c0 f   detours:disasm.obj
 0001:00000640       ?Set16BitOperand@CDetourDis@@IAEXXZ 10001640 f   detours:disasm.obj
 0001:00000660       ?Set32BitOperand@CDetourDis@@IAEXXZ 10001660 f   detours:disasm.obj
 0001:00000680       ?Set16BitAddress@CDetourDis@@IAEXXZ 10001680 f   detours:disasm.obj
 0001:000006a0       ?Set32BitAddress@CDetourDis@@IAEXXZ 100016a0 f   detours:disasm.obj
 0001:000006c0       ?CopyInstruction@CDetourDis@@QAEPAEPAE0@Z 100016c0 f   detours:disasm.obj
 0001:00000720       ?CopyBytes@CDetourDis@@IAEPAEPBUCOPYENTRY@1@PAE1@Z 10001720 f   detours:disasm.obj
 0001:00000900       ?CopyBytesPrefix@CDetourDis@@IAEPAEPBUCOPYENTRY@1@PAE1@Z 10001900 f   detours:disasm.obj
 0001:00000950       ?AdjustTarget@CDetourDis@@IAEPAEPAE0JJ@Z 10001950 f   detours:disasm.obj
 0001:00000a30       ?Invalid@CDetourDis@@IAEPAEPBUCOPYENTRY@1@PAE1@Z 10001a30 f   detours:disasm.obj
 0001:00000a50       ?Copy0F@CDetourDis@@IAEPAEPBUCOPYENTRY@1@PAE1@Z 10001a50 f   detours:disasm.obj
 0001:00000aa0       ?Copy66@CDetourDis@@IAEPAEPBUCOPYENTRY@1@PAE1@Z 10001aa0 f   detours:disasm.obj
 0001:00000ad0       ?Copy67@CDetourDis@@IAEPAEPBUCOPYENTRY@1@PAE1@Z 10001ad0 f   detours:disasm.obj
 0001:00000b00       ?CopyF6@CDetourDis@@IAEPAEPBUCOPYENTRY@1@PAE1@Z 10001b00 f   detours:disasm.obj
 0001:00000b60       ?CopyF7@CDetourDis@@IAEPAEPBUCOPYENTRY@1@PAE1@Z 10001b60 f   detours:disasm.obj
 0001:00000bc0       ?CopyFF@CDetourDis@@IAEPAEPBUCOPYENTRY@1@PAE1@Z 10001bc0 f   detours:disasm.obj
 0001:00000c67       ?TraceLoggingRegister@__vcrt_trace_logging_provider@@YAJPBU_TlgProvider_t@1@PBU_GUID@@P6GX1KE_K2PAU_EVENT_FILTER_DESCRIPTOR@@PAX@Z4@Z 10001c67 f i libvcruntime:telemetry.obj
 0001:00000cc4       ?TraceLoggingSetInformation@__vcrt_trace_logging_provider@@YAJPBU_TlgProvider_t@1@W4_EVENT_INFO_CLASS@@PAXK@Z 10001cc4 f i libvcruntime:telemetry.obj
 0001:00000cef       ?TraceLoggingUnregister@__vcrt_trace_logging_provider@@YAXPBU_TlgProvider_t@1@@Z 10001cef f i libvcruntime:telemetry.obj
 0001:00000d0e       ?_TlgCreateSz@__vcrt_trace_logging_provider@@YAXPAU_EVENT_DATA_DESCRIPTOR@@PBD@Z 10001d0e f i libvcruntime:telemetry.obj
 0001:00000d46       ?_TlgCreateWsz@__vcrt_trace_logging_provider@@YAXPAU_EVENT_DATA_DESCRIPTOR@@PB_W@Z 10001d46 f i libvcruntime:telemetry.obj
 0001:00000d8a       ?_TlgEnableCallback@__vcrt_trace_logging_provider@@YGXPBU_GUID@@KE_K1PAU_EVENT_FILTER_DESCRIPTOR@@PAX@Z 10001d8a f i libvcruntime:telemetry.obj
 0001:00000e02       ?_TlgKeywordOn@__vcrt_trace_logging_provider@@YAEPBU_TlgProvider_t@1@_K@Z 10001e02 f i libvcruntime:telemetry.obj
 0001:00000e3e       ?_TlgWrite@__vcrt_trace_logging_provider@@YAJPBU_TlgProvider_t@1@PBXPBU_GUID@@2IPAU_EVENT_DATA_DESCRIPTOR@@@Z 10001e3e f i libvcruntime:telemetry.obj
 0001:00001160       ___local_stdio_printf_options 10002160 f i cFont.obj
 0001:00001170       __vsnprintf_l              10002170 f i cFont.obj
 0001:000011b0       ??0exception@std@@QAE@QBD@Z 100021b0 f i Client.obj
 0001:000011f0       ??0exception@std@@QAE@ABV01@@Z 100021f0 f i Client.obj
 0001:00001220       ?what@exception@std@@UBEPBDXZ 10002220 f i Client.obj
 0001:00001230       ??_Ebad_cast@std@@UAEPAXI@Z 10002230 f i * CIL library *:* CIL module *
 0001:00001230       ??_Gruntime_error@std@@UAEPAXI@Z 10002230 f i Client.obj
 0001:00001230       ??_Eruntime_error@std@@UAEPAXI@Z 10002230 f i * CIL library *:* CIL module *
 0001:00001230       ??_Eexception@std@@UAEPAXI@Z 10002230 f i * CIL library *:* CIL module *
 0001:00001230       ??_Gbad_cast@std@@UAEPAXI@Z 10002230 f i Client.obj
 0001:00001230       ??_Gexception@std@@UAEPAXI@Z 10002230 f i Client.obj
 0001:00001260       _sprintf                   10002260 f i Client.obj
 0001:00001280       ?compare@?$char_traits@D@std@@SAHPBD0I@Z 10002280 f i Client.obj
 0001:000012f0       ??1bad_array_new_length@std@@UAE@XZ 100022f0 f i LIBCMT:throw_bad_alloc.obj
 0001:000012f0       ??1length_error@std@@UAE@XZ 100022f0 f i libcpmt:xthrow.obj
 0001:000012f0       ??1bad_exception@std@@UAE@XZ 100022f0 f i libvcruntime:frame.obj
 0001:000012f0       ??1bad_cast@std@@UAE@XZ    100022f0 f i Client.obj
 0001:000012f0       ??1runtime_error@std@@UAE@XZ 100022f0 f i Client.obj
 0001:000012f0       ??1failure@ios_base@std@@UAE@XZ 100022f0 f i Client.obj
 0001:000012f0       ??1bad_alloc@std@@UAE@XZ   100022f0 f i LIBCMT:throw_bad_alloc.obj
 0001:000012f0       ??1out_of_range@std@@UAE@XZ 100022f0 f i libcpmt:xthrow.obj
 0001:00001310       ??0_Locinfo@std@@QAE@PBD@Z 10002310 f i Client.obj
 0001:000013e0       ??1_Locinfo@std@@QAE@XZ    100023e0 f i Client.obj
 0001:000014b0       ??0runtime_error@std@@QAE@ABV01@@Z 100024b0 f i Client.obj
 0001:000014f0       ??_E_Facet_base@std@@UAEPAXI@Z 100024f0 f i * CIL library *:* CIL module *
 0001:000014f0       ??_G_Facet_base@std@@UAEPAXI@Z 100024f0 f i Client.obj
 0001:00001520       ?_Incref@facet@locale@std@@UAEXXZ 10002520 f i Client.obj
 0001:00001530       ?_Decref@facet@locale@std@@UAEPAV_Facet_base@3@XZ 10002530 f i Client.obj
 0001:00001550       ??1locale@std@@QAE@XZ      10002550 f i Client.obj
 0001:00001590       ?_Getcat@?$ctype@D@std@@SAIPAPBVfacet@locale@2@PBV42@@Z 10002590 f i Client.obj
 0001:00001650       ?do_tolower@?$ctype@D@std@@MBEDD@Z 10002650 f i Client.obj
 0001:00001670       ?do_tolower@?$ctype@D@std@@MBEPBDPADPBD@Z 10002670 f i Client.obj
 0001:000016c0       ?do_toupper@?$ctype@D@std@@MBEDD@Z 100026c0 f i Client.obj
 0001:000016e0       ?do_toupper@?$ctype@D@std@@MBEPBDPADPBD@Z 100026e0 f i Client.obj
 0001:00001730       ?do_widen@?$ctype@D@std@@MBEDD@Z 10002730 f i Client.obj
 0001:00001740       ?do_widen@?$ctype@D@std@@MBEPBDPBD0PAD@Z 10002740 f i Client.obj
 0001:00001760       ?do_narrow@?$ctype@D@std@@MBEDDD@Z 10002760 f i Client.obj
 0001:00001770       ?do_narrow@?$ctype@D@std@@MBEPBDPBD0DPAD@Z 10002770 f i Client.obj
 0001:00001790       ??_E?$ctype@D@std@@MAEPAXI@Z 10002790 f i * CIL library *:* CIL module *
 0001:00001790       ??_G?$ctype@D@std@@MAEPAXI@Z 10002790 f i Client.obj
 0001:000017f0       ??_G_Iostream_error_category@std@@UAEPAXI@Z 100027f0 f i Client.obj
 0001:000017f0       ??_Eerror_category@std@@UAEPAXI@Z 100027f0 f i * CIL library *:* CIL module *
 0001:000017f0       ??_Gerror_category@std@@UAEPAXI@Z 100027f0 f i Client.obj
 0001:000017f0       ??_E_Iostream_error_category@std@@UAEPAXI@Z 100027f0 f i * CIL library *:* CIL module *
 0001:00001820       ?message@error_code@std@@QBE?AV?$basic_string@DU?$char_traits@D@std@@V?$allocator@D@2@@2@XZ 10002820 f i Client.obj
 0001:00001850       ?default_error_condition@error_category@std@@UBE?AVerror_condition@2@H@Z 10002850 f i Client.obj
 0001:00001870       ?equivalent@error_category@std@@UBE_NHABVerror_condition@2@@Z 10002870 f i Client.obj
 0001:000018b0       ?equivalent@error_category@std@@UBE_NABVerror_code@2@H@Z 100028b0 f i Client.obj
 0001:000018e0       ?_Makestr@_System_error@std@@CA?AV?$basic_string@DU?$char_traits@D@std@@V?$allocator@D@2@@2@Verror_code@2@V32@@Z 100028e0 f i Client.obj
 0001:00001990       ??0_System_error@std@@IAE@Verror_code@1@ABV?$basic_string@DU?$char_traits@D@std@@V?$allocator@D@2@@1@@Z 10002990 f i Client.obj
 0001:00001a40       ??_G_System_error@std@@UAEPAXI@Z 10002a40 f i Client.obj
 0001:00001a40       ??_Gfailure@ios_base@std@@UAEPAXI@Z 10002a40 f i Client.obj
 0001:00001a40       ??_Gsystem_error@std@@UAEPAXI@Z 10002a40 f i Client.obj
 0001:00001a40       ??_Efailure@ios_base@std@@UAEPAXI@Z 10002a40 f i * CIL library *:* CIL module *
 0001:00001a40       ??_E_System_error@std@@UAEPAXI@Z 10002a40 f i * CIL library *:* CIL module *
 0001:00001a40       ??_Esystem_error@std@@UAEPAXI@Z 10002a40 f i * CIL library *:* CIL module *
 0001:00001a70       ?message@_Generic_error_category@std@@UBE?AV?$basic_string@DU?$char_traits@D@std@@V?$allocator@D@2@@2@H@Z 10002a70 f i Client.obj
 0001:00001ae0       ?name@_Iostream_error_category@std@@UBEPBDXZ 10002ae0 f i Client.obj
 0001:00001af0       ?message@_Iostream_error_category@std@@UBE?AV?$basic_string@DU?$char_traits@D@std@@V?$allocator@D@2@@2@H@Z 10002af0 f i Client.obj
 0001:00001b40       ??0failure@ios_base@std@@QAE@PBDABVerror_code@2@@Z 10002b40 f i Client.obj
 0001:00001bf0       ?clear@ios_base@std@@QAEXH_N@Z 10002bf0 f i Client.obj
 0001:00001cb0       ?getloc@ios_base@std@@QBE?AVlocale@2@XZ 10002cb0 f i Client.obj
 0001:00001d00       ?_Init@ios_base@std@@IAEXXZ 10002d00 f i Client.obj
 0001:00001da0       ??0failure@ios_base@std@@QAE@ABV012@@Z 10002da0 f i Client.obj
 0001:00001df0       ??0system_error@std@@QAE@ABV01@@Z 10002df0 f i Client.obj
 0001:00001e40       ??0_System_error@std@@QAE@ABV01@@Z 10002e40 f i Client.obj
 0001:00001e90       ??_Eios_base@std@@UAEPAXI@Z 10002e90 f i * CIL library *:* CIL module *
 0001:00001e90       ??_Gios_base@std@@UAEPAXI@Z 10002e90 f i Client.obj
 0001:00001ef0       ?GetWeaponNameByID@cheat_s@@QAE?AV?$basic_string@DU?$char_traits@D@std@@V?$allocator@D@2@@std@@H@Z 10002ef0 f i Client.obj
 0001:000021a0       ?CharToKey@cheat_s@@QAEHQAD@Z 100031a0 f i Client.obj
 0001:000038d0       ?WorldToScreen@cheat_s@@QAE_NPAM0@Z 100048d0 f i Client.obj
 0001:00003980       ?VisibleTrace@cheat_s@@QAE_NPAM0@Z 10004980 f i Client.obj
 0001:000039f0       ?CheckEntity@cheat_s@@QAE_NPAUcl_entity_s@@@Z 100049f0 f i Client.obj
 0001:00003a50       ?GetBoneOrigin@cheat_s@@QAEXPAUcl_entity_s@@@Z 10004a50 f i Client.obj
 0001:00003af0       ?GetHitboxOrigin@cheat_s@@QAEXPAUcl_entity_s@@@Z 10004af0 f i Client.obj
 0001:00003dd0       ?DrawBox@visuals_s@@QAEXHHHHHHHHH@Z 10004dd0 f i Client.obj
 0001:00003e70       ?DrawString@visuals_s@@QAAXHHHHHPBDZZ 10004e70 f i Client.obj
 0001:00003f20       ?DrawShadowBox@visuals_s@@QAEXHHHHHHH@Z 10004f20 f i Client.obj
 0001:00003f90       ?write@@YAXPAD0V?$basic_string@DU?$char_traits@D@std@@V?$allocator@D@2@@std@@M@Z 10004f90 f   Client.obj
 0001:00004020       ?SaveSettingsForWeapons@@YAXQAD@Z 10005020 f   Client.obj
 0001:00004a80       ?SaveSettings@@YAXXZ       10005a80 f   Client.obj
 0001:000051c0       ?ResetValues@@YAXXZ        100061c0 f   Client.obj
 0001:00005270       ?ResetOpens@@YAXH@Z        10006270 f   Client.obj
 0001:000052f0       ?Entry2Push@@YAXPBDPAMMMM@Z 100062f0 f   Client.obj
 0001:000053a0       ?CreateEntrys@@YAXXZ       100063a0 f   Client.obj
 0001:00005d10       ?KeyEvent@@YAXXZ           10006d10 f   Client.obj
 0001:00005f70       ?DrawMenu@@YAXXZ           10006f70 f   Client.obj
 0001:000061a0       ??0player_s@@QAE@XZ        100071a0 f i Client.obj
 0001:000061a0       ??0soundhack_s@@QAE@XZ     100071a0 f i Client.obj
 0001:000061b0       ?CheckFOV@@YA_NVVector@@PAHM@Z 100071b0 f   Client.obj
 0001:00006220       ?CheckFOV@@YA_NVVector@@PAHMM@Z 10007220 f   Client.obj
 0001:00006290       ?MyVectorAngles@@YAXPBMPAM@Z 10007290 f   Client.obj
 0001:00006490       ?SmoothAimAngles@@YAXPAM00M@Z 10007490 f   Client.obj
 0001:00006550       ?GetRecoilVar@@YAMXZ       10007550 f   Client.obj
 0001:00006670       ?GetBulletTime@@YAHXZ      10007670 f   Client.obj
 0001:00006690       ?GetBulletDelay@@YAHXZ     10007690 f   Client.obj
 0001:000066b0       ?Aimbot@@YAXHPAUusercmd_s@@@Z 100076b0 f   Client.obj
 0001:00006970       ?Aimbot2@@YAXHPAUusercmd_s@@@Z 10007970 f   Client.obj
 0001:00006ce0       ?EngineMsgByName@@YAPAUEngineMsg@@PAD@Z 10007ce0 f   Client.obj
 0001:00006d30       ?SVC_Sound@@YAXXZ          10007d30 f   Client.obj
 0001:00006e50       ?PreS_DynamicSound@@YAXHKPADPAMKKKK@Z 10007e50 f   Client.obj
 0001:00006ef0       ?HookUserMessages@@YAXXZ   10007ef0 f   Client.obj
 0001:00006f80       ?StudioCheckBBox@@YAHXZ    10007f80 f   Client.obj
 0001:00006f80       ?do_encoding@codecvt_base@std@@MBEHXZ 10007f80 f   main.obj
 0001:00006f80       ?do_max_length@codecvt_base@std@@MBEHXZ 10007f80 f   main.obj
 0001:00006f90       ?StudioEntityLight@@YAXPAUalight_s@@@Z 10007f90 f   Client.obj
 0001:00006fe0       ?ReadSettingsForWeapons@@YAXQAD@Z 10007fe0 f   Client.obj
 0001:00007760       ?ReadSettings@@YAXQAD@Z    10008760 f   Client.obj
 0001:00007e60       ?HUD_Frame@@YAXN@Z         10008e60 f   Client.obj
 0001:000080e0       ?HUD_Redraw@@YAXMH@Z       100090e0 f   Client.obj
 0001:000098a0       ?HUD_PlayerMove@@YAXPAUplayermove_s@@H@Z 1000a8a0 f   Client.obj
 0001:00009960       ?HUD_PostRunCmd@@YAXPAUlocal_state_s@@0PAUusercmd_s@@HNI@Z 1000a960 f   Client.obj
 0001:000099f0       ?HUD_UpdateClientData@@YAHPAUclient_data_s@@M@Z 1000a9f0 f   Client.obj
 0001:00009a20       ?V_CalcRefdef@@YAXPAUref_params_s@@@Z 1000aa20 f   Client.obj
 0001:00009a60       ?Shoot@@YAXPAUusercmd_s@@@Z 1000aa60 f   Client.obj
 0001:00009a80       ?Shoot2@@YAXPAUusercmd_s@@@Z 1000aa80 f   Client.obj
 0001:00009ab0       ?CL_CreateMove@@YAXMPAUusercmd_s@@H@Z 1000aab0 f   Client.obj
 0001:0000a190       ?HUD_Key_Event@@YAHHHPBD@Z 1000b190 f   Client.obj
 0001:0000a1e0       ?push_back@?$vector@Uentry_s@@V?$allocator@Uentry_s@@@std@@@std@@QAEXABUentry_s@@@Z 1000b1e0 f i Client.obj
 0001:0000a260       ??1?$vector@Uentry_s@@V?$allocator@Uentry_s@@@std@@@std@@QAE@XZ 1000b260 f i Client.obj
 0001:0000a2a0       ??0?$vector@Uentry_s@@V?$allocator@Uentry_s@@@std@@@std@@QAE@XZ 1000b2a0 f i Client.obj
 0001:0000a2c0       ?push_back@?$deque@KV?$allocator@K@std@@@std@@QAEX$$QAK@Z 1000b2c0 f i Client.obj
 0001:0000a380       ?push_back@?$deque@VVector@@V?$allocator@VVector@@@std@@@std@@QAEX$$QAVVector@@@Z 1000b380 f i Client.obj
 0001:0000a410       ??1?$_Yarn@_W@std@@QAE@XZ  1000b410 f i Client.obj
 0001:0000a410       ??1?$_Yarn@D@std@@QAE@XZ   1000b410 f i Client.obj
 0001:0000a430       ??1?$basic_string@DU?$char_traits@D@std@@V?$allocator@D@2@@std@@QAE@XZ 1000b430 f i Client.obj
 0001:0000a470       ??0?$basic_string@DU?$char_traits@D@std@@V?$allocator@D@2@@std@@QAE@$$QAV01@@Z 1000b470 f i Client.obj
 0001:0000a4f0       ??0?$basic_string@DU?$char_traits@D@std@@V?$allocator@D@2@@std@@QAE@PBD@Z 1000b4f0 f i Client.obj
 0001:0000a550       ??1?$basic_ostream@DU?$char_traits@D@std@@@std@@UAE@XZ 1000b550 f i Client.obj
 0001:0000a570       ?imbue@?$basic_streambuf@DU?$char_traits@D@std@@@std@@MAEXABVlocale@2@@Z 1000b570 f i Client.obj
 0001:0000a570       ??$destroy@PAD@?$_Wrap_alloc@V?$allocator@D@std@@@std@@QAEXPAPAD@Z 1000b570 f i Client.obj
 0001:0000a570       ??$destroy@U_Container_proxy@std@@@?$_Wrap_alloc@V?$allocator@U_Container_proxy@std@@@std@@@std@@QAEXPAU_Container_proxy@1@@Z 1000b570 f i Client.obj
 0001:0000a580       ?sync@?$basic_streambuf@DU?$char_traits@D@std@@@std@@MAEHXZ 1000b580 f i Client.obj
 0001:0000a590       ?setbuf@?$basic_streambuf@DU?$char_traits@D@std@@@std@@MAEPAV12@PAD_J@Z 1000b590 f i Client.obj
 0001:0000a5a0       ?seekpos@?$basic_streambuf@DU?$char_traits@D@std@@@std@@MAE?AV?$fpos@U_Mbstatet@@@2@V32@H@Z 1000b5a0 f i Client.obj
 0001:0000a5e0       ?seekoff@?$basic_streambuf@DU?$char_traits@D@std@@@std@@MAE?AV?$fpos@U_Mbstatet@@@2@_JHH@Z 1000b5e0 f i Client.obj
 0001:0000a620       ?xsputn@?$basic_streambuf@DU?$char_traits@D@std@@@std@@MAE_JPBD_J@Z 1000b620 f i Client.obj
 0001:0000a710       ?xsgetn@?$basic_streambuf@DU?$char_traits@D@std@@@std@@MAE_JPAD_J@Z 1000b710 f i Client.obj
 0001:0000a800       ?uflow@?$basic_streambuf@DU?$char_traits@D@std@@@std@@MAEHXZ 1000b800 f i Client.obj
 0001:0000a830       ?underflow@?$basic_streambuf@DU?$char_traits@D@std@@@std@@MAEHXZ 1000b830 f i Client.obj
 0001:0000a840       ?showmanyc@?$basic_streambuf@DU?$char_traits@D@std@@@std@@MAE_JXZ 1000b840 f i Client.obj
 0001:0000a850       ?pbackfail@?$basic_streambuf@DU?$char_traits@D@std@@@std@@MAEHH@Z 1000b850 f i Client.obj
 0001:0000a850       ?overflow@?$basic_streambuf@DU?$char_traits@D@std@@@std@@MAEHH@Z 1000b850 f i Client.obj
 0001:0000a860       ?_Orphan_all@?$_Deque_alloc@U?$_Deque_base_types@KV?$allocator@K@std@@@std@@@std@@QAEXXZ 1000b860 f i Client.obj
 0001:0000a860       ?_Orphan_all@?$_Deque_alloc@U?$_Deque_base_types@VVector@@V?$allocator@VVector@@@std@@@std@@@std@@QAEXXZ 1000b860 f i Client.obj
 0001:0000a860       ?_Orphan_all@?$_Vector_alloc@U?$_Vec_base_types@U_UNLINKED_MODULE@@V?$allocator@U_UNLINKED_MODULE@@@std@@@std@@@std@@QAEXXZ 1000b860 f i main.obj
 0001:0000a860       ??1?$_Compressed_pair@U?$_Wrap_alloc@V?$allocator@VVector@@@std@@@std@@V?$_Deque_val@U?$_Deque_simple_types@VVector@@@std@@@2@$00@std@@QAE@XZ 1000b860 f i Client.obj
 0001:0000a860       ___except_validate_jump_buffer 1000b860 f i libvcruntime:jbcxrval.obj
 0001:0000a860       @_guard_check_icall_nop@4  1000b860 f i LIBCMT:guard_support.obj
 0001:0000a860       ?_Orphan_all@?$_Vector_alloc@U?$_Vec_base_types@UWeapon_List@@V?$allocator@UWeapon_List@@@std@@@std@@@std@@QAEXXZ 1000b860 f i weaponslist.obj
 0001:0000a860       ?_Lock@?$basic_streambuf@DU?$char_traits@D@std@@@std@@UAEXXZ 1000b860 f i Client.obj
 0001:0000a860       ??1?$_Compressed_pair@U?$_Wrap_alloc@V?$allocator@K@std@@@std@@V?$_Deque_val@U?$_Deque_simple_types@K@std@@@2@$00@std@@QAE@XZ 1000b860 f i Client.obj
 0001:0000a860       ?_Unlock@?$basic_streambuf@DU?$char_traits@D@std@@@std@@UAEXXZ 1000b860 f i Client.obj
 0001:0000a860       ___except_validate_context_record 1000b860 f i libvcruntime:jbcxrval.obj
 0001:0000a870       ??1?$basic_ios@DU?$char_traits@D@std@@@std@@UAE@XZ 1000b870 f i Client.obj
 0001:0000a8b0       ??_G?$basic_ostream@DU?$char_traits@D@std@@@std@@UAEPAXI@Z 1000b8b0 f i Client.obj
 0001:0000a8b0       ??_E?$basic_ostream@DU?$char_traits@D@std@@@std@@UAEPAXI@Z 1000b8b0 f i * CIL library *:* CIL module *
 0001:0000a930       ??_G?$basic_streambuf@DU?$char_traits@D@std@@@std@@UAEPAXI@Z 1000b930 f i Client.obj
 0001:0000a930       ??_E?$basic_streambuf@DU?$char_traits@D@std@@@std@@UAEPAXI@Z 1000b930 f i * CIL library *:* CIL module *
 0001:0000a9b0       ?_Reserve@?$vector@Uentry_s@@V?$allocator@Uentry_s@@@std@@@std@@IAEXI@Z 1000b9b0 f i Client.obj
 0001:0000aa50       ??H?$_Deque_iterator@V?$_Deque_val@U?$_Deque_simple_types@K@std@@@std@@@std@@QBE?AV01@H@Z 1000ba50 f i Client.obj
 0001:0000aa90       ??0?$_Deque_alloc@U?$_Deque_base_types@KV?$allocator@K@std@@@std@@@std@@QAE@ABV?$allocator@K@1@@Z 1000ba90 f i Client.obj
 0001:0000ab00       ?_Tidy@?$deque@KV?$allocator@K@std@@@std@@IAEXXZ 1000bb00 f i Client.obj
 0001:0000abc0       ?_Growmap@?$deque@KV?$allocator@K@std@@@std@@IAEXI@Z 1000bbc0 f i Client.obj
 0001:0000ad10       ?begin@?$deque@KV?$allocator@K@std@@@std@@QAE?AV?$_Deque_iterator@V?$_Deque_val@U?$_Deque_simple_types@K@std@@@std@@@2@XZ 1000bd10 f i Client.obj
 0001:0000ad40       ??H?$_Deque_iterator@V?$_Deque_val@U?$_Deque_simple_types@VVector@@@std@@@std@@@std@@QBE?AV01@H@Z 1000bd40 f i Client.obj
 0001:0000ad80       ??0?$_Deque_alloc@U?$_Deque_base_types@VVector@@V?$allocator@VVector@@@std@@@std@@@std@@QAE@ABV?$allocator@VVector@@@1@@Z 1000bd80 f i Client.obj
 0001:0000adf0       ?_Tidy@?$deque@VVector@@V?$allocator@VVector@@@std@@@std@@IAEXXZ 1000bdf0 f i Client.obj
 0001:0000aeb0       ?_Growmap@?$deque@VVector@@V?$allocator@VVector@@@std@@@std@@IAEXI@Z 1000beb0 f i Client.obj
 0001:0000b000       ?begin@?$deque@VVector@@V?$allocator@VVector@@@std@@@std@@QAE?AV?$_Deque_iterator@V?$_Deque_val@U?$_Deque_simple_types@VVector@@@std@@@std@@@2@XZ 1000c000 f i Client.obj
 0001:0000b030       ?_Tidy@?$basic_string@DU?$char_traits@D@std@@V?$allocator@D@2@@std@@QAEX_NI@Z 1000c030 f i Client.obj
 0001:0000b090       ?erase@?$basic_string@DU?$char_traits@D@std@@V?$allocator@D@2@@std@@QAEAAV12@II@Z 1000c090 f i Client.obj
 0001:0000b130       ?assign@?$basic_string@DU?$char_traits@D@std@@V?$allocator@D@2@@std@@QAEAAV12@ID@Z 1000c130 f i Client.obj
 0001:0000b1c0       ?assign@?$basic_string@DU?$char_traits@D@std@@V?$allocator@D@2@@std@@QAEAAV12@PBDI@Z 1000c1c0 f i Client.obj
 0001:0000b280       ?assign@?$basic_string@DU?$char_traits@D@std@@V?$allocator@D@2@@std@@QAEAAV12@ABV12@II@Z 1000c280 f i Client.obj
 0001:0000b370       ?append@?$basic_string@DU?$char_traits@D@std@@V?$allocator@D@2@@std@@QAEAAV12@ID@Z 1000c370 f i Client.obj
 0001:0000b410       ?append@?$basic_string@DU?$char_traits@D@std@@V?$allocator@D@2@@std@@QAEAAV12@PBDI@Z 1000c410 f i Client.obj
 0001:0000b500       ?append@?$basic_string@DU?$char_traits@D@std@@V?$allocator@D@2@@std@@QAEAAV12@ABV12@II@Z 1000c500 f i Client.obj
 0001:0000b5c0       ?_Pnavail@?$basic_streambuf@DU?$char_traits@D@std@@@std@@IBE_JXZ 1000c5c0 f i Client.obj
 0001:0000b5e0       ?_Gnavail@?$basic_streambuf@DU?$char_traits@D@std@@@std@@IBE_JXZ 1000c5e0 f i Client.obj
 0001:0000b600       ?deallocate@?$_Wrap_alloc@V?$allocator@Uentry_s@@@std@@@std@@QAEXPAUentry_s@@I@Z 1000c600 f i Client.obj
 0001:0000b660       ?_Reallocate@?$vector@Uentry_s@@V?$allocator@Uentry_s@@@std@@@std@@IAEXI@Z 1000c660 f i Client.obj
 0001:0000b6f0       ?deallocate@?$_Wrap_alloc@V?$allocator@PAVVector@@@std@@@std@@QAEXPAPAVVector@@I@Z 1000c6f0 f i Client.obj
 0001:0000b6f0       ?deallocate@?$_Wrap_alloc@V?$allocator@PAK@std@@@std@@QAEXPAPAKI@Z 1000c6f0 f i Client.obj
 0001:0000b750       ?deallocate@?$_Wrap_alloc@V?$allocator@D@std@@@std@@QAEXPADI@Z 1000c750 f i Client.obj
 0001:0000b7b0       ??0?$_Wrap_alloc@V?$allocator@D@std@@@std@@QAE@ABV?$allocator@D@1@@Z 1000c7b0 f i Client.obj
 0001:0000b7b0       ??$?0U?$_Wrap_alloc@V?$allocator@VVector@@@std@@@std@@@?$_Wrap_alloc@V?$allocator@U_Container_proxy@std@@@std@@@std@@QAE@AAU?$_Wrap_alloc@V?$allocator@VVector@@@std@@@1@@Z 1000c7b0 f i Client.obj
 0001:0000b7b0       ??$?0U?$_Wrap_alloc@V?$allocator@K@std@@@std@@@?$_Wrap_alloc@V?$allocator@U_Container_proxy@std@@@std@@@std@@QAE@AAU?$_Wrap_alloc@V?$allocator@K@std@@@1@@Z 1000c7b0 f i Client.obj
 0001:0000b7c0       ?_Grow@?$basic_string@DU?$char_traits@D@std@@V?$allocator@D@2@@std@@QAE_NI_N@Z 1000c7c0 f i Client.obj
 0001:0000b840       ?allocate@?$allocator@PAVVector@@@std@@QAEPAPAVVector@@I@Z 1000c840 f i Client.obj
 0001:0000b840       ?allocate@?$allocator@PAK@std@@QAEPAPAKI@Z 1000c840 f i Client.obj
 0001:0000b8b0       ?_Copy@?$basic_string@DU?$char_traits@D@std@@V?$allocator@D@2@@std@@QAEXII@Z 1000c8b0 f i Client.obj
 0001:0000ba30       ?allocate@?$allocator@Uentry_s@@@std@@QAEPAUentry_s@@I@Z 1000ca30 f i Client.obj
 0001:0000baa0       ?allocate@?$_Wrap_alloc@V?$allocator@D@std@@@std@@QAEPADI@Z 1000caa0 f i Client.obj
 0001:0000bb10       ??$use_facet@V?$ctype@D@std@@@std@@YAABV?$ctype@D@0@ABVlocale@0@@Z 1000cb10 f i Client.obj
 0001:0000bc30       ??$_Immortalize@V_Iostream_error_category@std@@@std@@YAAAV_Iostream_error_category@0@XZ 1000cc30 f i Client.obj
 0001:0000bca0       ??$?HDU?$char_traits@D@std@@V?$allocator@D@1@@std@@YA?AV?$basic_string@DU?$char_traits@D@std@@V?$allocator@D@2@@0@ABV10@PBD@Z 1000cca0 f i Client.obj
 0001:0000bda0       ??0bad_cast@std@@QAE@ABV01@@Z 1000cda0 f i Client.obj
 0001:0000bde0       ?init@?$basic_ios@DU?$char_traits@D@std@@@std@@IAEXPAV?$basic_streambuf@DU?$char_traits@D@std@@@2@_N@Z 1000cde0 f i Client.obj
 0001:0000be90       ??$_Uninit_move@PAUentry_s@@PAU1@V?$allocator@Uentry_s@@@std@@U1@@std@@YAPAUentry_s@@PAU1@00AAU?$_Wrap_alloc@V?$allocator@Uentry_s@@@std@@@0@0U_Nonscalar_ptr_iterator_tag@0@@Z 1000ce90 f i Client.obj
 0001:0000bebf       ??_E?$basic_ostream@DU?$char_traits@D@std@@@std@@$4PPPPPPPM@A@AEPAXI@Z 1000cebf f i Client.obj
 0001:0000bed0       ?UnlinkModuleFromPEB@@YAXPAUHINSTANCE__@@@Z 1000ced0 f   main.obj
 0001:0000bf90       ?RemoveHeader@@YA_NPAUHINSTANCE__@@@Z 1000cf90 f   main.obj
 0001:0000c030       ?HideThread@@YA_NPAX@Z     1000d030 f   main.obj
 0001:0000c080       ?m_glReadPixels@@YGXHHHHIIPAX@Z 1000d080 f   main.obj
 0001:0000c1b0       ?SetupHook@@YAXXZ          1000d1b0 f   main.obj
 0001:0000c370       _DllMain@12                1000d370 f   main.obj
 0001:0000c3e0       ?push_back@?$vector@U_UNLINKED_MODULE@@V?$allocator@U_UNLINKED_MODULE@@@std@@@std@@QAEXABU_UNLINKED_MODULE@@@Z 1000d3e0 f i main.obj
 0001:0000c4a0       ??0?$basic_ofstream@DU?$char_traits@D@std@@@std@@QAE@XZ 1000d4a0 f i main.obj
 0001:0000c550       ?imbue@?$basic_filebuf@DU?$char_traits@D@std@@@std@@MAEXABVlocale@2@@Z 1000d550 f i main.obj
 0001:0000c570       ?sync@?$basic_filebuf@DU?$char_traits@D@std@@@std@@MAEHXZ 1000d570 f i main.obj
 0001:0000c5a0       ?setbuf@?$basic_filebuf@DU?$char_traits@D@std@@@std@@MAEPAV?$basic_streambuf@DU?$char_traits@D@std@@@2@PAD_J@Z 1000d5a0 f i main.obj
 0001:0000c5f0       ?seekpos@?$basic_filebuf@DU?$char_traits@D@std@@@std@@MAE?AV?$fpos@U_Mbstatet@@@2@V32@H@Z 1000d5f0 f i main.obj
 0001:0000c6f0       ?seekoff@?$basic_filebuf@DU?$char_traits@D@std@@@std@@MAE?AV?$fpos@U_Mbstatet@@@2@_JHH@Z 1000d6f0 f i main.obj
 0001:0000c800       ?uflow@?$basic_filebuf@DU?$char_traits@D@std@@@std@@MAEHXZ 1000d800 f i main.obj
 0001:0000ca20       ?underflow@?$basic_filebuf@DU?$char_traits@D@std@@@std@@MAEHXZ 1000da20 f i main.obj
 0001:0000ca60       ?pbackfail@?$basic_filebuf@DU?$char_traits@D@std@@@std@@MAEHH@Z 1000da60 f i main.obj
 0001:0000caf0       ?overflow@?$basic_filebuf@DU?$char_traits@D@std@@@std@@MAEHH@Z 1000daf0 f i main.obj
 0001:0000ccf0       ?_Unlock@?$basic_filebuf@DU?$char_traits@D@std@@@std@@UAEXXZ 1000dcf0 f i main.obj
 0001:0000cd00       ?_Lock@?$basic_filebuf@DU?$char_traits@D@std@@@std@@UAEXXZ 1000dd00 f i main.obj
 0001:0000cd10       ??1?$basic_filebuf@DU?$char_traits@D@std@@@std@@UAE@XZ 1000dd10 f i main.obj
 0001:0000cdd0       ??_E?$basic_ofstream@DU?$char_traits@D@std@@@std@@UAEPAXI@Z 1000ddd0 f i * CIL library *:* CIL module *
 0001:0000cdd0       ??_G?$basic_ofstream@DU?$char_traits@D@std@@@std@@UAEPAXI@Z 1000ddd0 f i main.obj
 0001:0000ce70       ??_E?$basic_filebuf@DU?$char_traits@D@std@@@std@@UAEPAXI@Z 1000de70 f i * CIL library *:* CIL module *
 0001:0000ce70       ??_G?$basic_filebuf@DU?$char_traits@D@std@@@std@@UAEPAXI@Z 1000de70 f i main.obj
 0001:0000cea0       ?_Reserve@?$vector@U_UNLINKED_MODULE@@V?$allocator@U_UNLINKED_MODULE@@@std@@@std@@IAEXI@Z 1000dea0 f i main.obj
 0001:0000cf40       ?do_length@?$codecvt@DDU_Mbstatet@@@std@@MBEHAAU_Mbstatet@@PBD1I@Z 1000df40 f i main.obj
 0001:0000cf60       ?do_unshift@?$codecvt@DDU_Mbstatet@@@std@@MBEHAAU_Mbstatet@@PAD1AAPAD@Z 1000df60 f i main.obj
 0001:0000cf80       ?do_in@?$codecvt@DDU_Mbstatet@@@std@@MBEHAAU_Mbstatet@@PBD1AAPBDPAD3AAPAD@Z 1000df80 f i main.obj
 0001:0000cf80       ?do_out@?$codecvt@DDU_Mbstatet@@@std@@MBEHAAU_Mbstatet@@PBD1AAPBDPAD3AAPAD@Z 1000df80 f i main.obj
 0001:0000cfa0       ?do_always_noconv@?$codecvt@DDU_Mbstatet@@@std@@MBE_NXZ 1000dfa0 f i main.obj
 0001:0000cfa0       ___acrt_uninitialize_command_line 1000dfa0 f i libucrt:argv_data.obj
 0001:0000cfb0       ?_Set_back@?$basic_filebuf@DU?$char_traits@D@std@@@std@@AAEXXZ 1000dfb0 f i main.obj
 0001:0000cff0       ?_Reset_back@?$basic_filebuf@DU?$char_traits@D@std@@@std@@AAEXXZ 1000dff0 f i main.obj
 0001:0000d020       ?_Initcvt@?$basic_filebuf@DU?$char_traits@D@std@@@std@@IAEXPBV?$codecvt@DDU_Mbstatet@@@2@@Z 1000e020 f i main.obj
 0001:0000d0b0       ?_Endwrite@?$basic_filebuf@DU?$char_traits@D@std@@@std@@IAE_NXZ 1000e0b0 f i main.obj
 0001:0000d210       ?_Init@?$basic_filebuf@DU?$char_traits@D@std@@@std@@IAEXPAU_iobuf@@W4_Initfl@12@@Z 1000e210 f i main.obj
 0001:0000d2f0       ??0?$basic_filebuf@DU?$char_traits@D@std@@@std@@QAE@PAU_iobuf@@@Z 1000e2f0 f i main.obj
 0001:0000d3c0       ??_E?$codecvt@DDU_Mbstatet@@@std@@MAEPAXI@Z 1000e3c0 f i * CIL library *:* CIL module *
 0001:0000d3c0       ??_G?$codecvt@DDU_Mbstatet@@@std@@MAEPAXI@Z 1000e3c0 f i main.obj
 0001:0000d3f0       ?deallocate@?$_Wrap_alloc@V?$allocator@U_UNLINKED_MODULE@@@std@@@std@@QAEXPAU_UNLINKED_MODULE@@I@Z 1000e3f0 f i main.obj
 0001:0000d450       ?_Reallocate@?$vector@U_UNLINKED_MODULE@@V?$allocator@U_UNLINKED_MODULE@@@std@@@std@@IAEXI@Z 1000e450 f i main.obj
 0001:0000d4f0       ?_Destroy@?$vector@UWeapon_List@@V?$allocator@UWeapon_List@@@std@@@std@@IAEXPAUWeapon_List@@0@Z 1000e4f0 f i weaponslist.obj
 0001:0000d4f0       ?_Destroy@?$vector@U_UNLINKED_MODULE@@V?$allocator@U_UNLINKED_MODULE@@@std@@@std@@IAEXPAU_UNLINKED_MODULE@@0@Z 1000e4f0 f i main.obj
 0001:0000d500       ?allocate@?$allocator@U_UNLINKED_MODULE@@@std@@QAEPAU_UNLINKED_MODULE@@I@Z 1000e500 f i main.obj
 0001:0000d570       ??$use_facet@V?$codecvt@DDU_Mbstatet@@@std@@@std@@YAABV?$codecvt@DDU_Mbstatet@@@0@ABVlocale@0@@Z 1000e570 f i main.obj
 0001:0000d690       ??0?$_Wrap_alloc@V?$allocator@U_UNLINKED_MODULE@@@std@@@std@@QAE@ABV?$allocator@U_UNLINKED_MODULE@@@1@@Z 1000e690 f i main.obj
 0001:0000d6a0       ?_Getcat@?$codecvt@DDU_Mbstatet@@@std@@SAIPAPBVfacet@locale@2@PBV42@@Z 1000e6a0 f i main.obj
 0001:0000d740       ??$_Uninit_move@PAU_UNLINKED_MODULE@@PAU1@V?$allocator@U_UNLINKED_MODULE@@@std@@U1@@std@@YAPAU_UNLINKED_MODULE@@PAU1@00AAU?$_Wrap_alloc@V?$allocator@U_UNLINKED_MODULE@@@std@@@0@0U_Nonscalar_ptr_iterator_tag@0@@Z 1000e740 f i main.obj
 0001:0000d77d       ??_E?$basic_ofstream@DU?$char_traits@D@std@@@std@@$4PPPPPPPM@A@AEPAXI@Z 1000e77d f i main.obj
 0001:0000d790       ?Normalize@Vector@@QBE?AV1@XZ 1000e790 f i nospread.obj
 0001:0000d820       ?UTIL_SharedRandomFloat@cNoSpread@@AAEMIMM@Z 1000e820 f   nospread.obj
 0001:0000d8f0       ?GetVecSpread@cNoSpread@@AAEMM@Z 1000e8f0 f   nospread.obj
 0001:0000fb40       ?GetSpreadXY@cNoSpread@@AAEXIHPAM0@Z 10010b40 f   nospread.obj
 0001:0000fc40       ?GetSpreadOffset@cNoSpread@@QAEXIHPAM00@Z 10010c40 f   nospread.obj
 0001:0000fd10       ?VectorAngles@cNoSpread@@AAEXPBMPAM@Z 10010d10 f   nospread.obj
 0001:0000fdf0       ?DefaultSpreadVar@cNoSpread@@QAEXH@Z 10010df0 f   nospread.obj
 0001:0000fed0       ?HUD_PostRunCmd@cNoSpread@@QAEXPAUlocal_state_s@@0PAUusercmd_s@@HNI@Z 10010ed0 f   nospread.obj
 0001:000101e0       ?PrimaryAttack@cNoSpread@@AAEXXZ 100111e0 f   nospread.obj
 0001:00010a60       ?ApplySilentAngles@cNoSpread@@QAEXPAMPAUusercmd_s@@_N@Z 10011a60 f   nospread.obj
 0001:00010e10       ?DrawSpread@cNoSpread@@QAEXXZ 10011e10 f   nospread.obj
 0001:00010f40       ?GetRendererInfo@AutoOffset@@QAE_NXZ 10011f40 f   Offset.obj
 0001:000110c0       ?Error@AutoOffset@@QAEXQAD@Z 100120c0 f   Offset.obj
 0001:000110e0       ?__findmemoryclone@AutoOffset@@AAEKKKKI@Z 100120e0 f   Offset.obj
 0001:00011130       ?EngineFuncs@AutoOffset@@QAEPAXXZ 10012130 f   Offset.obj
 0001:000111a0       ?FindUserMsgBase@AutoOffset@@QAEPAUTUserMsg@@XZ 100121a0 f   Offset.obj
 0001:00011240       ?MessagePtr@AutoOffset@@QAEKQADE@Z 10012240 f   Offset.obj
 0001:000112b0       ?FindPattern@@YAKPAD0KKK@Z 100122b0 f   Offset.obj
 0001:00011320       ?FindSVCMessages@AutoOffset@@QAEKXZ 10012320 f   Offset.obj
 0001:00011410       ?Sound@AutoOffset@@QAEPAXXZ 10012410 f   Offset.obj
 0001:00011460       ?ResetHUD@@YAHPBDHPAX@Z    10012460 f   UserMsgs.obj
 0001:00011480       ?SetFOV@@YAHPBDHPAX@Z      10012480 f   UserMsgs.obj
 0001:000114e0       ?TeamInfo@@YAHPBDHPAX@Z    100124e0 f   UserMsgs.obj
 0001:00011610       ?WeaponList@@YAHPBDHPAX@Z  10012610 f   UserMsgs.obj
 0001:00011760       ?AmmoX@@YAHPBDHPAX@Z       10012760 f   UserMsgs.obj
 0001:000117d0       ?CurWeapon@@YAHPBDHPAX@Z   100127d0 f   UserMsgs.obj
 0001:000118e0       ?DeathMsg@@YAHPBDHPAX@Z    100128e0 f   UserMsgs.obj
 0001:000118f0       ?UserMsgByName@@YAPAUTUserMsg@@PAD@Z 100128f0 f   Utils.obj
 0001:00011960       ?HookUserMsg@@YAP6AHPBDHPAX@ZPADP6AH0H1@Z@Z 10012960 f   Utils.obj
 0001:000119e0       ?READ_STRING@@YAPADXZ      100129e0 f   parsemsg.obj
 0001:00011a40       ?IsCurWeaponSilenced@@YA_NXZ 10012a40 f   weaponslist.obj
 0001:00011ac0       ?IsCurWeaponInBurst@@YA_NXZ 10012ac0 f   weaponslist.obj
 0001:00011b30       ?GetCurWeapon@@YAPAUWeapon_List@@XZ 10012b30 f   weaponslist.obj
 0001:00011b90       ?CanCurWeaponAttack@@YA_NXZ 10012b90 f   weaponslist.obj
 0001:00011c00       ?GetCurWeaponId@@YAHXZ     10012c00 f   weaponslist.obj
 0001:00011c60       ?IsCurWeaponSec@@YA_NXZ    10012c60 f   weaponslist.obj
 0001:00011cc0       ?WeaponListUpdate@@YAXH@Z  10012cc0 f   weaponslist.obj
 0001:00011d70       ?WeaponListAmmoX@@YAXHH@Z  10012d70 f   weaponslist.obj
 0001:00011e00       ?SetWeaponData@@YAXPAUWeapon_List@@@Z 10012e00 f   weaponslist.obj
 0001:00012440       ?WeaponListAdd@@YAXPBDHHHHHHHH@Z 10013440 f   weaponslist.obj
 0001:00012620       ?push_back@?$vector@UWeapon_List@@V?$allocator@UWeapon_List@@@std@@@std@@QAEXABUWeapon_List@@@Z 10013620 f i weaponslist.obj
 0001:000126b0       ?_Reserve@?$vector@UWeapon_List@@V?$allocator@UWeapon_List@@@std@@@std@@IAEXI@Z 100136b0 f i weaponslist.obj
 0001:00012750       ?deallocate@?$_Wrap_alloc@V?$allocator@UWeapon_List@@@std@@@std@@QAEXPAUWeapon_List@@I@Z 10013750 f i weaponslist.obj
 0001:000127b0       ?_Reallocate@?$vector@UWeapon_List@@V?$allocator@UWeapon_List@@@std@@@std@@IAEXI@Z 100137b0 f i weaponslist.obj
 0001:00012850       ?allocate@?$allocator@UWeapon_List@@@std@@QAEPAUWeapon_List@@I@Z 10013850 f i weaponslist.obj
 0001:000128c0       ??0?$_Wrap_alloc@V?$allocator@UWeapon_List@@@std@@@std@@QAE@ABV?$allocator@UWeapon_List@@@1@@Z 100138c0 f i weaponslist.obj
 0001:000128d0       ??$_Uninit_move@PAUWeapon_List@@PAU1@V?$allocator@UWeapon_List@@@std@@U1@@std@@YAPAUWeapon_List@@PAU1@00AAU?$_Wrap_alloc@V?$allocator@UWeapon_List@@@std@@@0@0U_Nonscalar_ptr_iterator_tag@0@@Z 100138d0 f i weaponslist.obj
 0001:00012904       ??_V@YAXPAX@Z              10013904 f   LIBCMT:delete_array.obj
 0001:000129e5       __Init_thread_footer       100139e5 f   LIBCMT:thread_safe_statics.obj
 0001:00012a24       __Init_thread_header       10013a24 f   LIBCMT:thread_safe_statics.obj
 0001:00012a6a       __Init_thread_lock         10013a6a f   LIBCMT:thread_safe_statics.obj
 0001:00012a76       __Init_thread_notify       10013a76 f   LIBCMT:thread_safe_statics.obj
 0001:00012ab7       __Init_thread_unlock       10013ab7 f   LIBCMT:thread_safe_statics.obj
 0001:00012ac3       __Init_thread_wait         10013ac3 f   LIBCMT:thread_safe_statics.obj
 0001:00012b28       ??2@YAPAXI@Z               10013b28 f   LIBCMT:new_scalar.obj
 0001:00012b5b       ??_M@YGXPAXIIP6EX0@Z@Z     10013b5b f   LIBCMT:ehvecdtr.obj
 0001:00012bd5       ?__ArrayUnwind@@YGXPAXIIP6EX0@Z@Z 10013bd5 f   LIBCMT:ehvecdtr.obj
 0001:00012c86       ___scrt_acquire_startup_lock 10013c86 f   LIBCMT:utility.obj
 0001:00012cbb       ___scrt_dllmain_after_initialize_c 10013cbb f   LIBCMT:utility.obj
 0001:00012cd3       ___scrt_dllmain_before_initialize_c 10013cd3 f   LIBCMT:utility.obj
 0001:00012ce1       ___scrt_dllmain_crt_thread_attach 10013ce1 f   LIBCMT:utility.obj
 0001:00012d00       ___scrt_dllmain_crt_thread_detach 10013d00 f   LIBCMT:utility.obj
 0001:00012d0d       ___scrt_dllmain_exception_filter 10013d0d f   LIBCMT:utility.obj
 0001:00012d40       ___scrt_dllmain_uninitialize_c 10013d40 f   LIBCMT:utility.obj
 0001:00012d63       ___scrt_dllmain_uninitialize_critical 10013d63 f   LIBCMT:utility.obj
 0001:00012d70       ___scrt_initialize_crt     10013d70 f   LIBCMT:utility.obj
 0001:00012da9       ___scrt_initialize_onexit_tables 10013da9 f   LIBCMT:utility.obj
 0001:00012e40       ___scrt_is_nonwritable_in_current_image 10013e40 f   LIBCMT:utility.obj
 0001:00012ecd       ___scrt_release_startup_lock 10013ecd f   LIBCMT:utility.obj
 0001:00012eea       ___scrt_uninitialize_crt   10013eea f   LIBCMT:utility.obj
 0001:00012f12       __onexit                   10013f12 f   LIBCMT:utility.obj
 0001:00012f4d       _atexit                    10013f4d f   LIBCMT:utility.obj
 0001:00012f62       ??3@YAXPAX@Z               10013f62 f   LIBCMT:delete_scalar.obj
 0001:00012f67       ??3@YAXPAXI@Z              10013f67 f   LIBCMT:delete_scalar_size.obj
 0001:00012f75       ??_U@YAPAXI@Z              10013f75 f   LIBCMT:new_array.obj
 0001:00012f7e       ??_Gtype_info@@UAEPAXI@Z   10013f7e f i LIBCMT:std_type_info_static.obj
 0001:00012f7e       ??_Etype_info@@UAEPAXI@Z   10013f7e f i LIBCMT:std_type_info_static.obj
 0001:00012fa1       ??_L@YGXPAXIIP6EX0@Z1@Z    10013fa1 f   LIBCMT:ehvecctr.obj
 0001:0001331f       __DllMainCRTStartup@12     1001431f f   LIBCMT:dll_dllmain.obj
 0001:00013342       ___scrt_fastfail           10014342 f   LIBCMT:utility_desktop.obj
 0001:0001345d       __crt_debugger_hook        1001445d f   LIBCMT:utility_desktop.obj
 0001:00013465       @_guard_check_icall@4      10014465 f i LIBCMT:checkcfg.obj
 0001:0001346b       ??0bad_alloc@std@@QAE@ABV01@@Z 1001446b f i LIBCMT:throw_bad_alloc.obj
 0001:0001348c       ??0bad_alloc@std@@QAE@XZ   1001448c f i LIBCMT:throw_bad_alloc.obj
 0001:000134a4       ??0bad_array_new_length@std@@QAE@ABV01@@Z 100144a4 f i LIBCMT:throw_bad_alloc.obj
 0001:000134c5       ??0bad_array_new_length@std@@QAE@XZ 100144c5 f i LIBCMT:throw_bad_alloc.obj
 0001:000134dd       ?_Xbad_alloc@std@@YAXXZ    100144dd f   libcpmt:xthrow.obj
 0001:000134dd       ?__scrt_throw_std_bad_alloc@@YAXXZ 100144dd f   LIBCMT:throw_bad_alloc.obj
 0001:000134fa       ?__scrt_throw_std_bad_array_new_length@@YAXXZ 100144fa f   LIBCMT:throw_bad_alloc.obj
 0001:00013520       __SEH_prolog4              10014520 f   LIBCMT:_sehprolg4_.obj
 0001:00013566       __SEH_epilog4              10014566 f   LIBCMT:_sehprolg4_.obj
 0001:0001357b       ___isa_available_init      1001457b f   LIBCMT:_cpu_disp_.obj
 0001:0001371c       ___scrt_is_ucrt_dll_in_use 1001471c f   LIBCMT:ucrt_detection.obj
 0001:00013728       ___security_init_cookie    10014728 f   LIBCMT:gs_support.obj
 0001:000137c4       ?__scrt_initialize_type_info@@YAXXZ 100147c4 f   LIBCMT:tncleanup.obj
 0001:000137d0       ?__scrt_uninitialize_type_info@@YAXXZ 100147d0 f   LIBCMT:tncleanup.obj
 0001:000137dc       ___local_stdio_scanf_options 100147dc f i LIBCMT:default_local_stdio_options.obj
 0001:000137e2       ___scrt_initialize_default_local_stdio_options 100147e2 f   LIBCMT:default_local_stdio_options.obj
 0001:000137ff       ___scrt_get_dyn_tls_init_callback 100147ff f   LIBCMT:dyn_tls_init.obj
 0001:00013805       __RTC_Initialize           10014805 f   LIBCMT:_initsect_.obj
 0001:00013830       __RTC_Terminate            10014830 f   LIBCMT:_initsect_.obj
 0001:0001385b       @__security_check_cookie@4 1001485b f   LIBCMT:_secchk_.obj
 0001:0001386c       ___raise_securityfailure   1001486c f   LIBCMT:gs_report.obj
 0001:00013894       ___report_gsfailure        10014894 f   LIBCMT:gs_report.obj
 0001:0001398f       ___report_rangecheckfailure 1001498f f   LIBCMT:gs_report.obj
 0001:0001399b       ___report_securityfailure  1001499b f   LIBCMT:gs_report.obj
 0001:00013a6b       ??0_Init_locks@std@@QAE@XZ 10014a6b f   libcpmt:xlock.obj
 0001:00013a98       ??0_Lockit@std@@QAE@H@Z    10014a98 f   libcpmt:xlock.obj
 0001:00013ac9       ??1_Init_locks@std@@QAE@XZ 10014ac9 f   libcpmt:xlock.obj
 0001:00013af0       ??1_Lockit@std@@QAE@XZ     10014af0 f   libcpmt:xlock.obj
 0001:00013b0f       ??0_Locimp@locale@std@@AAE@_N@Z 10014b0f f i libcpmt:locale0.obj
 0001:00013b52       ??1_Fac_node@std@@QAE@XZ   10014b52 f i libcpmt:locale0.obj
 0001:00013bb1       ??1_Fac_tidy_reg_t@std@@QAE@XZ 10014bb1 f i libcpmt:locale0.obj
 0001:00013bd8       ??1_Locimp@locale@std@@MAE@XZ 10014bd8 f i libcpmt:locale0.obj
 0001:00013c33       ??4?$_Yarn@D@std@@QAEAAV01@PBD@Z 10014c33 f i libcpmt:locale0.obj
 0001:00013c87       ??_G_Locimp@locale@std@@MAEPAXI@Z 10014c87 f i libcpmt:locale0.obj
 0001:00013c87       ??_E_Locimp@locale@std@@MAEPAXI@Z 10014c87 f i libcpmt:locale0.obj
 0001:00013ca9       ?_Facet_Register@std@@YAXPAV_Facet_base@1@@Z 10014ca9 f   libcpmt:locale0.obj
 0001:00013cd7       ?_Getgloballocale@locale@std@@CAPAV_Locimp@12@XZ 10014cd7 f   libcpmt:locale0.obj
 0001:00013cdd       ?_Init@locale@std@@CAPAV_Locimp@12@_N@Z 10014cdd f   libcpmt:locale0.obj
 0001:00013d6b       ?_Locimp_dtor@_Locimp@locale@std@@CAXPAV123@@Z 10014d6b f   libcpmt:locale0.obj
 0001:00013de0       ?_Locinfo_ctor@_Locinfo@std@@SAXPAV12@PBD@Z 10014de0 f   libcpmt:locale0.obj
 0001:00013e2b       ?_Locinfo_dtor@_Locinfo@std@@SAXPAV12@@Z 10014e2b f   libcpmt:locale0.obj
 0001:00013e4d       ?_New_Locimp@_Locimp@locale@std@@CAPAV123@_N@Z 10014e4d f   libcpmt:locale0.obj
 0001:00013e72       ?_Setgloballocale@locale@std@@CAXPAX@Z 10014e72 f   libcpmt:locale0.obj
 0001:00013e9a       __Deletegloballocale       10014e9a f   libcpmt:locale0.obj
 0001:00013eff       ??0length_error@std@@QAE@ABV01@@Z 10014eff f i libcpmt:xthrow.obj
 0001:00013f20       ??0length_error@std@@QAE@PBD@Z 10014f20 f i libcpmt:xthrow.obj
 0001:00013f41       ??0logic_error@std@@QAE@ABV01@@Z 10014f41 f i libcpmt:xthrow.obj
 0001:00013f62       ??0out_of_range@std@@QAE@ABV01@@Z 10014f62 f i libcpmt:xthrow.obj
 0001:00013f83       ??0out_of_range@std@@QAE@PBD@Z 10014f83 f i libcpmt:xthrow.obj
 0001:00013fa4       ??_Eout_of_range@std@@UAEPAXI@Z 10014fa4 f i libcpmt:xthrow.obj
 0001:00013fa4       ??_Ebad_exception@std@@UAEPAXI@Z 10014fa4 f i libvcruntime:frame.obj
 0001:00013fa4       ??_Gbad_alloc@std@@UAEPAXI@Z 10014fa4 f i LIBCMT:throw_bad_alloc.obj
 0001:00013fa4       ??_Ebad_alloc@std@@UAEPAXI@Z 10014fa4 f i LIBCMT:throw_bad_alloc.obj
 0001:00013fa4       ??_Gbad_exception@std@@UAEPAXI@Z 10014fa4 f i libvcruntime:frame.obj
 0001:00013fa4       ??_Gout_of_range@std@@UAEPAXI@Z 10014fa4 f i libcpmt:xthrow.obj
 0001:00013fa4       ??_Elength_error@std@@UAEPAXI@Z 10014fa4 f i libcpmt:xthrow.obj
 0001:00013fa4       ??_Elogic_error@std@@UAEPAXI@Z 10014fa4 f i libcpmt:xthrow.obj
 0001:00013fa4       ??_Glogic_error@std@@UAEPAXI@Z 10014fa4 f i libcpmt:xthrow.obj
 0001:00013fa4       ??_Glength_error@std@@UAEPAXI@Z 10014fa4 f i libcpmt:xthrow.obj
 0001:00013fa4       ??_Ebad_array_new_length@std@@UAEPAXI@Z 10014fa4 f i LIBCMT:throw_bad_alloc.obj
 0001:00013fa4       ??_Gbad_array_new_length@std@@UAEPAXI@Z 10014fa4 f i LIBCMT:throw_bad_alloc.obj
 0001:00013fd1       ?_Xlength_error@std@@YAXPBD@Z 10014fd1 f   libcpmt:xthrow.obj
 0001:00013ff1       ?_Xout_of_range@std@@YAXPBD@Z 10014ff1 f   libcpmt:xthrow.obj
 0001:00014011       ?_Callfns@ios_base@std@@AAEXW4event@12@@Z 10015011 f i libcpmt:ios.obj
 0001:00014043       ?_Ios_base_dtor@ios_base@std@@CAXPAV12@@Z 10015043 f   libcpmt:ios.obj
 0001:00014083       ?_Tidy@ios_base@std@@AAEXXZ 10015083 f i libcpmt:ios.obj
 0001:000140cb       ?_Syserror_map@std@@YAPBDH@Z 100150cb f   libcpmt:syserror.obj
 0001:000140f0       __Getctype                 100150f0 f   libcpmt:_tolower.obj
 0001:0001415b       __Tolower                  1001515b f   libcpmt:_tolower.obj
 0001:00014255       __Toupper                  10015255 f   libcpmt:_toupper.obj
 0001:0001434f       __Mtxdst                   1001534f f   libcpmt:xmtx.obj
 0001:0001435d       __Mtxinit                  1001535d f   libcpmt:xmtx.obj
 0001:00014374       __Mtxlock                  10015374 f   libcpmt:xmtx.obj
 0001:00014382       __Mtxunlock                10015382 f   libcpmt:xmtx.obj
 0001:00014390       ??1_Init_atexit@@QAE@XZ    10015390 f i libcpmt:iosptrs.obj
 0001:000143f4       ?_Atexit@@YAXP6AXXZ@Z      100153f4 f   libcpmt:iosptrs.obj
 0001:00014422       ___crtLCMapStringA         10015422 f   libcpmt:StlLCMapStringA.obj
 0001:00014630       __freea_crt                10015630 f i libcpmt:StlLCMapStringA.obj
 0001:000149f8       ___crtInitializeCriticalSectionEx 100159f8 f   libcpmt:winapisupp.obj
 0001:00014a30       _GetTableIndexFromLocaleName 10015a30 f   libcpmt:winapinls.obj
 0001:00014a7e       ___crtDownlevelLocaleNameToLCID 10015a7e f   libcpmt:winapinls.obj
 0001:00014aa8       ___crtLCMapStringEx        10015aa8 f   libcpmt:winapinls.obj
 0001:00014afe       ___wcsnicmp_ascii          10015afe f   libcpmt:winapinls.obj
 0001:00014b71       ___std_exception_copy      10015b71 f   libvcruntime:std_exception.obj
 0001:00014bd4       ___std_exception_destroy   10015bd4 f   libvcruntime:std_exception.obj
 0001:00014c00       _memmove                   10015c00 f   libvcruntime:memmove.obj
 0001:00015174       __get_purecall_handler     10016174 f   libvcruntime:purevirt.obj
 0001:00015193       __purecall                 10016193 f   libvcruntime:purevirt.obj
 0001:000151ae       ___DestructExceptionObject 100161ae f   libvcruntime:frame.obj
 0001:00015242       ??0bad_exception@std@@QAE@ABV01@@Z 10016242 f i libvcruntime:frame.obj
 0001:00015263       ??0bad_exception@std@@QAE@XZ 10016263 f i libvcruntime:frame.obj
 0001:00015a8a       ?_CallMemberFunction1@@YGXQAX00@Z 10016a8a f i libvcruntime:frame.obj
 0001:00015a8a       ?_CallMemberFunction2@@YGXQAX00H@Z 10016a8a f i libvcruntime:frame.obj
 0001:00015a8a       ?_CallMemberFunction0@@YGXQAX0@Z 10016a8a f i libvcruntime:frame.obj
 0001:00015a91       ___AdjustPointer           10016a91 f   libvcruntime:frame.obj
 0001:00015ab6       ___BuildCatchObject        10016ab6 f   libvcruntime:frame.obj
 0001:00015b48       ___BuildCatchObjectHelper  10016b48 f   libvcruntime:frame.obj
 0001:00015c7a       ___FrameUnwindFilter       10016c7a f   libvcruntime:frame.obj
 0001:00015cbf       ___FrameUnwindToState      10016cbf f   libvcruntime:frame.obj
 0001:00015d87       ___InternalCxxFrameHandler 10016d87 f   libvcruntime:frame.obj
 0001:00015e83       ___TypeMatch               10016e83 f   libvcruntime:frame.obj
 0001:00015f11       ___std_terminate           10016f11 f   libvcruntime:frame.obj
 0001:00015f20       _strstr                    10016f20 f   libvcruntime:strstr.obj
 0001:00016183       ??$__crt_fast_encode_pointer@P6GHPAU_RTL_CONDITION_VARIABLE@@PAU_RTL_CRITICAL_SECTION@@K@Z@@YAP6GHPAU_RTL_CONDITION_VARIABLE@@PAU_RTL_CRITICAL_SECTION@@K@ZQ6GH01K@Z@Z 10017183 f i LIBCMT:thread_safe_statics.obj
 0001:00016183       ??$__crt_fast_encode_pointer@P6GXPAU_RTL_CONDITION_VARIABLE@@@Z@@YAP6GXPAU_RTL_CONDITION_VARIABLE@@@ZQ6GX0@Z@Z 10017183 f i LIBCMT:thread_safe_statics.obj
 0001:00016183       ??$__crt_fast_encode_pointer@PAX@@YAPAXQAX@Z 10017183 f i libvcruntime:winapi_downlevel.obj
 0001:00016183       ??$__crt_fast_encode_pointer@PAP6AXXZ@@YAPAP6AXXZQAP6AXXZ@Z 10017183 f i LIBCMT:utility.obj
 0001:000162c1       ___vcrt_EventRegister      100172c1 f   libvcruntime:winapi_downlevel.obj
 0001:00016301       ___vcrt_EventSetInformation 10017301 f   libvcruntime:winapi_downlevel.obj
 0001:00016344       ___vcrt_EventUnregister    10017344 f   libvcruntime:winapi_downlevel.obj
 0001:0001637e       ___vcrt_EventWriteTransfer 1001737e f   libvcruntime:winapi_downlevel.obj
 0001:000163c7       ___vcrt_FlsAlloc           100173c7 f   libvcruntime:winapi_downlevel.obj
 0001:00016401       ___vcrt_FlsFree            10017401 f   libvcruntime:winapi_downlevel.obj
 0001:0001643b       ___vcrt_FlsGetValue        1001743b f   libvcruntime:winapi_downlevel.obj
 0001:00016475       ___vcrt_FlsSetValue        10017475 f   libvcruntime:winapi_downlevel.obj
 0001:000164b2       ___vcrt_InitializeCriticalSectionEx 100174b2 f   libvcruntime:winapi_downlevel.obj
 0001:000164f8       ___vcrt_initialize_winapi_thunks 100174f8 f   libvcruntime:winapi_downlevel.obj
 0001:0001651c       ___vcrt_uninitialize_winapi_thunks 1001751c f   libvcruntime:winapi_downlevel.obj
 0001:00016590       __except_handler4          10017590 f   libvcruntime:_chandler4_.obj
 0001:000166ea       ___vcrt_initialize         100176ea f   libvcruntime:initialization.obj
 0001:00016718       ___vcrt_thread_attach      10017718 f   libvcruntime:initialization.obj
 0001:00016723       ___vcrt_thread_detach      10017723 f   libvcruntime:initialization.obj
 0001:0001672e       ___vcrt_uninitialize       1001772e f   libvcruntime:initialization.obj
 0001:00016752       ___vcrt_uninitialize_critical 10017752 f   libvcruntime:initialization.obj
 0001:00016794       ___telemetry_main_invoke_trigger 10017794 f   libvcruntime:telemetry.obj
 0001:00016830       ___telemetry_main_return_trigger 10017830 f   libvcruntime:telemetry.obj
 0001:000168cc       ___vcrt_initialize_telemetry_provider 100178cc f   libvcruntime:telemetry.obj
 0001:000168df       ___vcrt_uninitialize_telemetry_provider 100178df f   libvcruntime:telemetry.obj
 0001:000168f0       _memset                    100178f0 f   libvcruntime:memset.obj
 0001:00016a4a       __CxxThrowException@8      10017a4a f   libvcruntime:throw.obj
 0001:00016ab8       ___std_type_info_compare   10017ab8 f   libvcruntime:std_type_info.obj
 0001:00016af4       ___std_type_info_destroy_list 10017af4 f   libvcruntime:std_type_info.obj
 0001:00016b20       _memchr                    10017b20 f   libvcruntime:memchr.obj
 0001:00016bcd       ?_CallCatchBlock2@@YAPAXPAUEHRegistrationNode@@PBU_s_FuncInfo@@PAXHK@Z 10017bcd f   libvcruntime:trnsctrl.obj
 0001:00016c2d       ?_CallSETranslator@@YAHPAUEHExceptionRecord@@PAUEHRegistrationNode@@PAX2PBU_s_FuncInfo@@H1@Z 10017c2d f   libvcruntime:trnsctrl.obj
 0001:00016d0a       ?_GetRangeOfTrysToCheck@@YAPBU_s_TryBlockMapEntry@@PBU_s_FuncInfo@@HHPAI1@Z 10017d0a f   libvcruntime:trnsctrl.obj
 0001:00016d82       ?_JumpToContinuation@@YGXPAXPAUEHRegistrationNode@@@Z 10017d82 f   libvcruntime:trnsctrl.obj
 0001:00016db4       ?_UnwindNestedFrames@@YGXPAUEHRegistrationNode@@PAUEHExceptionRecord@@@Z 10017db4 f   libvcruntime:trnsctrl.obj
 0001:00016e09       __CatchGuardHandler        10017e09 f   libvcruntime:trnsctrl.obj
 0001:00016e3a       __CreateFrameInfo          10017e3a f   libvcruntime:trnsctrl.obj
 0001:00016e5e       __FindAndUnlinkFrame       10017e5e f   libvcruntime:trnsctrl.obj
 0001:00016ea6       __IsExceptionObjectToBeDestroyed 10017ea6 f   libvcruntime:trnsctrl.obj
 0001:00016ecc       __TranslatorGuardHandler   10017ecc f   libvcruntime:trnsctrl.obj
 0001:00016f6b       ___CxxFrameHandler3        10017f6b f   libvcruntime:trnsctrl.obj
 0001:00016fb0       _memcpy                    10017fb0 f   libvcruntime:memcpy.obj
 0001:00017524       _memcmp                    10018524 f   libvcruntime:_memcmp_.obj
 0001:00018cb0       __global_unwind2           10019cb0 f   libvcruntime:_exsup_.obj
 0001:00018d15       __local_unwind2            10019d15 f   libvcruntime:_exsup_.obj
 0001:00018d99       __abnormal_termination     10019d99 f   libvcruntime:_exsup_.obj
 0001:00018dbc       __NLG_Notify1              10019dbc f   libvcruntime:_exsup_.obj
 0001:00018dc5       __NLG_Notify               10019dc5 f   libvcruntime:_exsup_.obj
 0001:00018ddc       __NLG_Dispatch             10019ddc     libvcruntime:_exsup_.obj
 0001:00018ddc       __NLG_Dispatch2            10019ddc     libvcruntime:_exsup_.obj
 0001:00018de4       __NLG_Call                 10019de4 f   libvcruntime:_exsup_.obj
 0001:00018de6       __NLG_Return2              10019de6     libvcruntime:_exsup_.obj
 0001:00018df8       __except_handler3          10019df8 f   libvcruntime:_exsup3_.obj
 0001:00018f01       __seh_longjmp_unwind@4     10019f01 f   libvcruntime:_exsup3_.obj
 0001:00018f28       ___vcrt_initialize_pure_virtual_call_handler 10019f28 f   libvcruntime:purevirt_data.obj
 0001:00018f45       _unexpected                10019f45 f   libvcruntime:unexpected.obj
 0001:00018f61       ___vcrt_freefls@4          10019f61 f   libvcruntime:per_thread_data.obj
 0001:00018f7d       ___vcrt_freeptd            10019f7d f   libvcruntime:per_thread_data.obj
 0001:00018fb3       ___vcrt_getptd             10019fb3 f   libvcruntime:per_thread_data.obj
 0001:00018fc1       ___vcrt_getptd_noexit      10019fc1 f   libvcruntime:per_thread_data.obj
 0001:00019039       ___vcrt_initialize_ptd     1001a039 f   libvcruntime:per_thread_data.obj
 0001:0001906c       ___vcrt_uninitialize_ptd   1001a06c f   libvcruntime:per_thread_data.obj
 0001:00019090       __CallSettingFrame@12      1001a090 f   libvcruntime:lowhelpr.obj
 0001:000190b7       __NLG_Return               1001a0b7     libvcruntime:lowhelpr.obj
 0001:000190e0       _strchr                    1001a0e0 f   libvcruntime:strchr.obj
 0001:0001914e       ___from_strstr_to_strchr   1001a14e     libvcruntime:strchr.obj
 0001:00019210       __local_unwind4            1001a210 f   libvcruntime:_exsup4_.obj
 0001:000192e6       __seh_longjmp_unwind4@4    1001a2e6 f   libvcruntime:_exsup4_.obj
 0001:0001930e       @_EH4_CallFilterFunc@8     1001a30e f   libvcruntime:_exsup4_.obj
 0001:00019325       @_EH4_TransferToHandler@8  1001a325 f   libvcruntime:_exsup4_.obj
 0001:0001933e       @_EH4_GlobalUnwind2@8      1001a33e f   libvcruntime:_exsup4_.obj
 0001:00019357       @_EH4_LocalUnwind@16       1001a357 f   libvcruntime:_exsup4_.obj
 0001:0001936e       ___vcrt_initialize_locks   1001a36e f   libvcruntime:locks.obj
 0001:000193aa       ___vcrt_uninitialize_locks 1001a3aa f   libvcruntime:locks.obj
 0001:000193d9       _CallDestructExceptionObject 1001a3d9 f   libvcruntime:_calldtor_.obj
 0001:000194e0       __ValidateEH3RN            1001a4e0 f   libvcruntime:_eh3valid_.obj
 0001:000199c0       ??$count@D@formatting_buffer@__crt_stdio_output@@QBEIXZ 1001a9c0 f i libucrt:output.obj
 0001:000199d8       ??$ensure_buffer_is_big_enough@D@formatting_buffer@__crt_stdio_output@@QAE_NI@Z 1001a9d8 f i libucrt:output.obj
 0001:00019a5e       ??$is_wide_character_specifier@D@__crt_stdio_output@@YA_N_KDW4length_modifier@0@@Z 1001aa5e f i libucrt:output.obj
 0001:00019a9e       ??$scratch_data@D@formatting_buffer@__crt_stdio_output@@QAEPADXZ 1001aa9e f i libucrt:output.obj
 0001:00019abc       ??$type_case_integer_parse_into_buffer@I@?$output_processor@DV?$string_output_adapter@D@__crt_stdio_output@@V?$standard_base@DV?$string_output_adapter@D@__crt_stdio_output@@@2@@__crt_stdio_output@@AAEXII_N@Z 1001aabc f i libucrt:output.obj
 0001:00019b31       ??$type_case_integer_parse_into_buffer@_K@?$output_processor@DV?$string_output_adapter@D@__crt_stdio_output@@V?$standard_base@DV?$string_output_adapter@D@__crt_stdio_output@@@2@@__crt_stdio_output@@AAEX_KI_N@Z 1001ab31 f i libucrt:output.obj
 0001:00019bb9       ??$write_multiple_characters@V?$string_output_adapter@D@__crt_stdio_output@@D@__crt_stdio_output@@YAXABV?$string_output_adapter@D@0@DHQAH@Z 1001abb9 f i libucrt:output.obj
 0001:00019be5       ??0?$common_data@D@__crt_stdio_output@@IAE@XZ 1001abe5 f i libucrt:output.obj
 0001:00019c2c       ??0?$output_adapter_data@DV?$string_output_adapter@D@__crt_stdio_output@@@__crt_stdio_output@@IAE@ABV?$string_output_adapter@D@1@_KQBDQAU__crt_locale_pointers@@QAD@Z 1001ac2c f i libucrt:output.obj
 0001:00019c68       ??0?$output_processor@DV?$string_output_adapter@D@__crt_stdio_output@@V?$standard_base@DV?$string_output_adapter@D@__crt_stdio_output@@@2@@__crt_stdio_output@@QAE@ABV?$string_output_adapter@D@1@_KQBDQAU__crt_locale_pointers@@QAD@Z 1001ac68 f i libucrt:output.obj
 0001:00019c9d       ??0_LocaleUpdate@@QAE@QAU__crt_locale_pointers@@@Z 1001ac9d f i libucrt:output.obj
 0001:00019d20       ??1formatting_buffer@__crt_stdio_output@@QAE@XZ 1001ad20 f i libucrt:output.obj
 0001:00019d3a       ??4?$__crt_unique_heap_ptr@DU__crt_internal_free_policy@@@@QAEAAV0@$$QAV0@@Z 1001ad3a f i libucrt:output.obj
 0001:00019d5e       ?crop_zeroes@__crt_stdio_output@@YAXPADQAU__crt_locale_pointers@@@Z 1001ad5e f i libucrt:output.obj
 0001:00019db5       ?find_next_state@?$output_processor@DV?$string_output_adapter@D@__crt_stdio_output@@V?$standard_base@DV?$string_output_adapter@D@__crt_stdio_output@@@2@@__crt_stdio_output@@ABE?AW4state@2@DW432@@Z 1001adb5 f i libucrt:output.obj
 0001:00019de7       ?force_decimal_point@__crt_stdio_output@@YAXPADQAU__crt_locale_pointers@@@Z 1001ade7 f i libucrt:output.obj
 0001:00019e43       ?parse_int_from_format_string@?$output_processor@DV?$string_output_adapter@D@__crt_stdio_output@@V?$standard_base@DV?$string_output_adapter@D@__crt_stdio_output@@@2@@__crt_stdio_output@@AAE_NQAH@Z 1001ae43 f i libucrt:output.obj
 0001:00019e9f       ?process@?$output_processor@DV?$string_output_adapter@D@__crt_stdio_output@@V?$standard_base@DV?$string_output_adapter@D@__crt_stdio_output@@@2@@__crt_stdio_output@@QAEHXZ 1001ae9f f i libucrt:output.obj
 0001:00019fbb       ?state_case_flag@?$output_processor@DV?$string_output_adapter@D@__crt_stdio_output@@V?$standard_base@DV?$string_output_adapter@D@__crt_stdio_output@@@2@@__crt_stdio_output@@AAE_NXZ 1001afbb f i libucrt:output.obj
 0001:00019ff8       ?state_case_normal@?$output_processor@DV?$string_output_adapter@D@__crt_stdio_output@@V?$standard_base@DV?$string_output_adapter@D@__crt_stdio_output@@@2@@__crt_stdio_output@@AAE_NXZ 1001aff8 f i libucrt:output.obj
 0001:0001a017       ?state_case_normal_common@?$output_processor@DV?$string_output_adapter@D@__crt_stdio_output@@V?$standard_base@DV?$string_output_adapter@D@__crt_stdio_output@@@2@@__crt_stdio_output@@AAE_NXZ 1001b017 f i libucrt:output.obj
 0001:0001a041       ?state_case_normal_tchar@?$output_processor@DV?$string_output_adapter@D@__crt_stdio_output@@V?$standard_base@DV?$string_output_adapter@D@__crt_stdio_output@@@2@@__crt_stdio_output@@AAE_ND@Z 1001b041 f i libucrt:output.obj
 0001:0001a0a2       ?state_case_precision@?$output_processor@DV?$string_output_adapter@D@__crt_stdio_output@@V?$standard_base@DV?$string_output_adapter@D@__crt_stdio_output@@@2@@__crt_stdio_output@@AAE_NXZ 1001b0a2 f i libucrt:output.obj
 0001:0001a0ca       ?state_case_size@?$output_processor@DV?$string_output_adapter@D@__crt_stdio_output@@V?$standard_base@DV?$string_output_adapter@D@__crt_stdio_output@@@2@@__crt_stdio_output@@AAE_NXZ 1001b0ca f i libucrt:output.obj
 0001:0001a233       ?state_case_type@?$output_processor@DV?$string_output_adapter@D@__crt_stdio_output@@V?$standard_base@DV?$string_output_adapter@D@__crt_stdio_output@@@2@@__crt_stdio_output@@AAE_NXZ 1001b233 f i libucrt:output.obj
 0001:0001a462       ?state_case_width@?$output_processor@DV?$string_output_adapter@D@__crt_stdio_output@@V?$standard_base@DV?$string_output_adapter@D@__crt_stdio_output@@@2@@__crt_stdio_output@@AAE_NXZ 1001b462 f i libucrt:output.obj
 0001:0001a48d       ?to_integer_size@__crt_stdio_output@@YAIW4length_modifier@1@@Z 1001b48d f i libucrt:output.obj
 0001:0001a4e9       ?type_case_Z@?$output_processor@DV?$string_output_adapter@D@__crt_stdio_output@@V?$standard_base@DV?$string_output_adapter@D@__crt_stdio_output@@@2@@__crt_stdio_output@@AAE_NXZ 1001b4e9 f i libucrt:output.obj
 0001:0001a54c       ?type_case_a@?$output_processor@DV?$string_output_adapter@D@__crt_stdio_output@@V?$standard_base@DV?$string_output_adapter@D@__crt_stdio_output@@@2@@__crt_stdio_output@@AAE_NXZ 1001b54c f i libucrt:output.obj
 0001:0001a6a6       ?type_case_c_tchar@?$output_processor@DV?$string_output_adapter@D@__crt_stdio_output@@V?$standard_base@DV?$string_output_adapter@D@__crt_stdio_output@@@2@@__crt_stdio_output@@AAE_ND@Z 1001b6a6 f i libucrt:output.obj
 0001:0001a736       ?type_case_integer@?$output_processor@DV?$string_output_adapter@D@__crt_stdio_output@@V?$standard_base@DV?$string_output_adapter@D@__crt_stdio_output@@@2@@__crt_stdio_output@@AAE_NI_N@Z 1001b736 f i libucrt:output.obj
 0001:0001a880       ?type_case_n@?$output_processor@DV?$string_output_adapter@D@__crt_stdio_output@@V?$standard_base@DV?$string_output_adapter@D@__crt_stdio_output@@@2@@__crt_stdio_output@@AAE_NXZ 1001b880 f i libucrt:output.obj
 0001:0001a8f4       ?type_case_o@?$output_processor@DV?$string_output_adapter@D@__crt_stdio_output@@V?$standard_base@DV?$string_output_adapter@D@__crt_stdio_output@@@2@@__crt_stdio_output@@AAE_NXZ 1001b8f4 f i libucrt:output.obj
 0001:0001a913       ?type_case_p@?$output_processor@DV?$string_output_adapter@D@__crt_stdio_output@@V?$standard_base@DV?$string_output_adapter@D@__crt_stdio_output@@@2@@__crt_stdio_output@@AAE_NXZ 1001b913 f i libucrt:output.obj
 0001:0001a92b       ?type_case_s@?$output_processor@DV?$string_output_adapter@D@__crt_stdio_output@@V?$standard_base@DV?$string_output_adapter@D@__crt_stdio_output@@@2@@__crt_stdio_output@@AAE_NXZ 1001b92b f i libucrt:output.obj
 0001:0001a99e       ?validate@?$c_string_character_source@D@__crt_strtox@@QBE_NXZ 1001b99e f i libucrt:atof.obj
 0001:0001a99e       ?validate@?$c_string_character_source@_W@__crt_strtox@@QBE_NXZ 1001b99e f i libucrt:atof.obj
 0001:0001a99e       ?validate@?$string_output_adapter@D@__crt_stdio_output@@QBE_NXZ 1001b99e f i libucrt:output.obj
 0001:0001a9b9       ?write_character@?$string_output_adapter@D@__crt_stdio_output@@QBE_NDQAH@Z 1001b9b9 f i libucrt:output.obj
 0001:0001a9fb       ?write_stored_string_tchar@?$output_processor@DV?$string_output_adapter@D@__crt_stdio_output@@V?$standard_base@DV?$string_output_adapter@D@__crt_stdio_output@@@2@@__crt_stdio_output@@AAE_ND@Z 1001b9fb f i libucrt:output.obj
 0001:0001aaa2       ?write_string@?$string_output_adapter@D@__crt_stdio_output@@QBEXQBDHQAH1@Z 1001baa2 f i libucrt:output.obj
 0001:0001ab35       ___stdio_common_vsprintf   1001bb35 f   libucrt:output.obj
 0001:0001ab60       _strncpy                   1001bb60 f   libucrt:strncpy.obj
 0001:0001ac84       _free                      1001bc84 f   libucrt:free.obj
 0001:0001ac89       ??$assemble_floating_point_ind@N@__crt_strtox@@YAXAAN@Z 1001bc89 f i libucrt:atof.obj
 0001:0001acb8       ??$assemble_floating_point_infinity@N@__crt_strtox@@YAX_NAAN@Z 1001bcb8 f i libucrt:atof.obj
 0001:0001acf7       ??$assemble_floating_point_qnan@N@__crt_strtox@@YAX_NAAN@Z 1001bcf7 f i libucrt:atof.obj
 0001:0001ad36       ??$assemble_floating_point_snan@N@__crt_strtox@@YAX_NAAN@Z 1001bd36 f i libucrt:atof.obj
 0001:0001ad7a       ??$assemble_floating_point_value_t@M@__crt_strtox@@YA?AW4SLD_STATUS@@_NH_KAAM@Z 1001bd7a f i libucrt:atof.obj
 0001:0001adaa       ??$assemble_floating_point_value_t@N@__crt_strtox@@YA?AW4SLD_STATUS@@_NH_KAAN@Z 1001bdaa f i libucrt:atof.obj
 0001:0001ae09       ??$assemble_floating_point_zero@N@__crt_strtox@@YAX_NAAN@Z 1001be09 f i libucrt:atof.obj
 0001:0001aeb3       ??$convert_decimal_string_to_floating_type@N@__crt_strtox@@YA?AW4SLD_STATUS@@ABUfloating_point_string@0@AAN@Z 1001beb3 f i libucrt:atof.obj
 0001:0001aed6       ??$convert_hexadecimal_string_to_floating_type@N@__crt_strtox@@YA?AW4SLD_STATUS@@ABUfloating_point_string@0@AAN@Z 1001bed6 f i libucrt:atof.obj
 0001:0001aef9       ??$make_c_string_character_source@D$$T@__crt_strtox@@YA?AV?$c_string_character_source@D@0@QBD$$T@Z 1001bef9 f i libucrt:atof.obj
 0001:0001aef9       ??$make_c_string_character_source@_W$$T@__crt_strtox@@YA?AV?$c_string_character_source@_W@0@QB_W$$T@Z 1001bef9 f i libucrt:atof.obj
 0001:0001aef9       ??$make_c_string_character_source@DPAPAD@__crt_strtox@@YA?AV?$c_string_character_source@D@0@QBDQAPAD@Z 1001bef9 f i libucrt:strtox.obj
 0001:0001af14       ??$parse_floating_point@V?$c_string_character_source@D@__crt_strtox@@N@__crt_strtox@@YA?AW4SLD_STATUS@@QAU__crt_locale_pointers@@V?$c_string_character_source@D@0@QAN@Z 1001bf14 f i libucrt:atof.obj
 0001:0001af8a       ??$parse_floating_point_from_source@V?$c_string_character_source@D@__crt_strtox@@@__crt_strtox@@YA?AW4floating_point_parse_result@0@QAU__crt_locale_pointers@@AAV?$c_string_character_source@D@0@AAUfloating_point_string@0@@Z 1001bf8a f i libucrt:atof.obj
 0001:0001b37c       ??$parse_floating_point_possible_infinity@DV?$c_string_character_source@D@__crt_strtox@@PBD@__crt_strtox@@YA?AW4floating_point_parse_result@0@AADAAV?$c_string_character_source@D@0@PBD@Z 1001c37c f i libucrt:atof.obj
 0001:0001b429       ??$parse_floating_point_possible_nan@DV?$c_string_character_source@D@__crt_strtox@@PBD@__crt_strtox@@YA?AW4floating_point_parse_result@0@AADAAV?$c_string_character_source@D@0@PBD@Z 1001c429 f i libucrt:atof.obj
 0001:0001b544       ??$parse_floating_point_possible_nan_is_ind@DV?$c_string_character_source@D@__crt_strtox@@@__crt_strtox@@YA_NAADAAV?$c_string_character_source@D@0@@Z 1001c544 f i libucrt:atof.obj
 0001:0001b580       ??$parse_floating_point_possible_nan_is_snan@DV?$c_string_character_source@D@__crt_strtox@@@__crt_strtox@@YA_NAADAAV?$c_string_character_source@D@0@@Z 1001c580 f i libucrt:atof.obj
 0001:0001b5bc       ??$parse_floating_point_write_result@N@__crt_strtox@@YA?AW4SLD_STATUS@@W4floating_point_parse_result@0@ABUfloating_point_string@0@QAN@Z 1001c5bc f i libucrt:atof.obj
 0001:0001b6e6       ?as_double@floating_point_value@__crt_strtox@@QBEAANXZ 1001c6e6 f i libucrt:atof.obj
 0001:0001b70b       ?as_float@floating_point_value@__crt_strtox@@QBEAAMXZ 1001c70b f i libucrt:atof.obj
 0001:0001b730       ?assemble_floating_point_infinity@__crt_strtox@@YAX_NABVfloating_point_value@1@@Z 1001c730 f i libucrt:atof.obj
 0001:0001b76a       ?assemble_floating_point_value@__crt_strtox@@YA?AW4SLD_STATUS@@_KH_N1ABVfloating_point_value@1@@Z 1001c76a f i libucrt:atof.obj
 0001:0001bab6       ?assemble_floating_point_value_from_big_integer@__crt_strtox@@YA?AW4SLD_STATUS@@ABUbig_integer@1@I_N1ABVfloating_point_value@1@@Z 1001cab6 f i libucrt:atof.obj
 0001:0001bc44       ?assemble_floating_point_zero@__crt_strtox@@YAX_NABVfloating_point_value@1@@Z 1001cc44 f i libucrt:atof.obj
 0001:0001bc78       ?convert_decimal_string_to_floating_type_common@__crt_strtox@@YA?AW4SLD_STATUS@@ABUfloating_point_string@1@ABVfloating_point_value@1@@Z 1001cc78 f i libucrt:atof.obj
 0001:0001da3b       ?convert_hexadecimal_string_to_floating_type_common@__crt_strtox@@YA?AW4SLD_STATUS@@ABUfloating_point_string@1@ABVfloating_point_value@1@@Z 1001ea3b f i libucrt:atof.obj
 0001:0001dae7       ?denormal_mantissa_mask@floating_point_value@__crt_strtox@@QBE_KXZ 1001eae7 f i libucrt:atof.obj
 0001:0001db00       ?divide@__crt_strtox@@YA_KAAUbig_integer@1@ABU21@@Z 1001eb00 f i libucrt:atof.obj
 0001:0001dfae       ?normal_mantissa_mask@floating_point_value@__crt_strtox@@QBE_KXZ 1001efae f i libucrt:atof.obj
 0001:0001dfc5       ?unget@?$c_string_character_source@D@__crt_strtox@@QAEXD@Z 1001efc5 f i libucrt:atof.obj
 0001:0001dfed       ?unget@?$c_string_character_source@_W@__crt_strtox@@QAEX_W@Z 1001efed f i libucrt:atof.obj
 0001:0001e019       __chvalidchk_l             1001f019 f i libucrt:atof.obj
 0001:0001e043       __ischartype_l             1001f043 f i libucrt:atof.obj
 0001:0001e076       _atof                      1001f076 f   libucrt:atof.obj
 0001:0001e089       ___acrt_call_reportfault   1001f089 f   libucrt:invalid_parameter.obj
 0001:0001e1c4       ___acrt_initialize_invalid_parameter_handler 1001f1c4 f   libucrt:invalid_parameter.obj
 0001:0001e1d8       __invalid_parameter        1001f1d8 f   libucrt:invalid_parameter.obj
 0001:0001e253       __invalid_parameter_noinfo 1001f253 f   libucrt:invalid_parameter.obj
 0001:0001e263       __invalid_parameter_noinfo_noreturn 1001f263 f   libucrt:invalid_parameter.obj
 0001:0001e280       __invoke_watson            1001f280 f   libucrt:invalid_parameter.obj
 0001:0001e2b3       _malloc                    1001f2b3 f   libucrt:malloc.obj
 0001:0001e2be       __fputc_nolock             1001f2be f   libucrt:fputc.obj
 0001:0001e2e7       _fputc                     1001f2e7 f   libucrt:fputc.obj
 0001:0001e3eb       ___acrt_stdio_flush_nolock 1001f3eb f   libucrt:fflush.obj
 0001:0001e451       __fflush_nolock            1001f451 f   libucrt:fflush.obj
 0001:0001e498       __flushall                 1001f498 f   libucrt:fflush.obj
 0001:0001e579       _fflush                    1001f579 f   libucrt:fflush.obj
 0001:0001e5d2       __fclose_nolock            1001f5d2 f   libucrt:fclose.obj
 0001:0001e648       _fclose                    1001f648 f   libucrt:fclose.obj
 0001:0001e6c8       __fgetc_nolock             1001f6c8 f   libucrt:fgetc.obj
 0001:0001e704       _fgetc                     1001f704 f   libucrt:fgetc.obj
 0001:0001e806       ___acrt_initialize_stdio   1001f806 f   libucrt:_file.obj
 0001:0001e8ce       ___acrt_iob_func           1001f8ce f   libucrt:_file.obj
 0001:0001e8de       ___acrt_uninitialize_stdio 1001f8de f   libucrt:_file.obj
 0001:0001e92a       __get_stream_buffer_pointers 1001f92a f   libucrt:_file.obj
 0001:0001e970       __lock_file                1001f970 f   libucrt:_file.obj
 0001:0001e984       __unlock_file              1001f984 f   libucrt:_file.obj
 0001:0001e998       ??$?RV<lambda_11b4f7b0d3157825a5656a18eba1ae27>@@AAV<lambda_b51c0495177f500e782686251704ae76>@@V<lambda_cf89b47920b5017557bfe891e78aca36>@@@?$__crt_seh_guarded_call@I@@QAEI$$QAV<lambda_11b4f7b0d3157825a5656a18eba1ae27>@@AAV<lambda_b51c0495177f500e782686251704ae76>@@$$QAV<lambda_cf89b47920b5017557bfe891e78aca36>@@@Z 1001f998 f i libucrt:fwrite.obj
 0001:0001e9e9       ??$__acrt_lock_stream_and_call@V<lambda_b51c0495177f500e782686251704ae76>@@@@YAIQAU_iobuf@@$$QAV<lambda_b51c0495177f500e782686251704ae76>@@@Z 1001f9e9 f i libucrt:fwrite.obj
 0001:0001ea57       __fwrite_nolock            1001fa57 f   libucrt:fwrite.obj
 0001:0001ebd0       _fwrite                    1001fbd0 f   libucrt:fwrite.obj
 0001:0001ec28       ___acrt_errno_from_os_error 1001fc28 f   libucrt:errno.obj
 0001:0001ec6b       ___acrt_errno_map_os_error 1001fc6b f   libucrt:errno.obj
 0001:0001ec8e       ___doserrno                1001fc8e f   libucrt:errno.obj
 0001:0001eca1       __errno                    1001fca1 f   libucrt:errno.obj
 0001:0001ecb4       _fgetpos                   1001fcb4 f   libucrt:fgetpos.obj
 0001:0001ed0f       ??$?RV<lambda_d92cfe8357b99225085016881b624cb0>@@AAV<lambda_b721fa326cdb32351d23dfa67958c160>@@V<lambda_42d75b0848218ec137fa420c8ba9fdf9>@@@?$__crt_seh_guarded_call@H@@QAEH$$QAV<lambda_d92cfe8357b99225085016881b624cb0>@@AAV<lambda_b721fa326cdb32351d23dfa67958c160>@@$$QAV<lambda_42d75b0848218ec137fa420c8ba9fdf9>@@@Z 1001fd0f f i libucrt:setvbuf.obj
 0001:0001ed60       ??$__acrt_lock_stream_and_call@V<lambda_b721fa326cdb32351d23dfa67958c160>@@@@YAHQAU_iobuf@@$$QAV<lambda_b721fa326cdb32351d23dfa67958c160>@@@Z 1001fd60 f i libucrt:setvbuf.obj
 0001:0001ee55       _setvbuf                   1001fe55 f   libucrt:setvbuf.obj
 0001:0001eecb       __ungetc_nolock            1001fecb f   libucrt:ungetc.obj
 0001:0001efba       _ungetc                    1001ffba f   libucrt:ungetc.obj
 0001:0001f02a       _fsetpos                   1002002a f   libucrt:fsetpos.obj
 0001:0001f065       ?LongLongSub@@YAJ_J0PA_J@Z 10020065 f i libucrt:fseek.obj
 0001:0001f31f       __fseeki64                 1002031f f   libucrt:fseek.obj
 0001:0001f4b6       __strlwr                   100204b6 f   libucrt:strlwr.obj
 0001:0001f513       __strlwr_s_l               10020513 f   libucrt:strlwr.obj
 0001:0001f54c       _strcpy_s                  1002054c f   libucrt:strcpy_s.obj
 0001:0001f5a6       _strcat_s                  100205a6 f   libucrt:strcat_s.obj
 0001:0001f60f       ?initialize@?$dual_state_global@P6AHI@Z@__crt_state_management@@QAEXQ6AHI@Z@Z 1002060f f i libucrt:new_handler.obj
 0001:0001f60f       ?initialize@?$dual_state_global@P6AXH@Z@__crt_state_management@@QAEXQ6AXH@Z@Z 1002060f f i libucrt:signal.obj
 0001:0001f60f       ?initialize@?$dual_state_global@PAPAD@__crt_state_management@@QAEXQAPAD@Z 1002060f f i libucrt:environment_initialization.obj
 0001:0001f60f       ?initialize@?$dual_state_global@P6AHPAU_exception@@@Z@__crt_state_management@@QAEXQ6AHPAU_exception@@@Z@Z 1002060f f i libucrt:matherr.obj
 0001:0001f60f       ?initialize@?$dual_state_global@PAU__crt_locale_data@@@__crt_state_management@@QAEXQAU__crt_locale_data@@@Z 1002060f f i libucrt:initialization.obj
 0001:0001f60f       ?initialize@?$dual_state_global@P6AXPB_W00II@Z@__crt_state_management@@QAEXQ6AXPB_W00II@Z@Z 1002060f f i libucrt:invalid_parameter.obj
 0001:0001f60f       ?initialize@?$dual_state_global@H@__crt_state_management@@QAEXH@Z 1002060f f i libucrt:timeset.obj
 0001:0001f60f       ?initialize@?$dual_state_global@J@__crt_state_management@@QAEXJ@Z 1002060f f i libucrt:timeset.obj
 0001:0001f640       ___acrt_initialize_new_handler 10020640 f   libucrt:new_handler.obj
 0001:0001f654       __callnewh                 10020654 f   libucrt:new_handler.obj
 0001:0001f698       __query_new_handler        10020698 f   libucrt:new_handler.obj
 0001:0001f6ea       _terminate                 100206ea f   libucrt:terminate.obj
 0001:0001f726       __seh_filter_dll           10020726 f   libucrt:exception_filter.obj
 0001:0001f746       __seh_filter_exe           10020746 f   libucrt:exception_filter.obj
 0001:0001fad4       ___acrt_initialize_thread_local_exit_callback 10020ad4 f   libucrt:exit.obj
 0001:0001fae3       __cexit                    10020ae3 f   libucrt:exit.obj
 0001:0001faf2       __exit                     10020af2 f   libucrt:exit.obj
 0001:0001fb08       __is_c_termination_complete 10020b08 f   libucrt:exit.obj
 0001:0001fc67       ??$uninitialize@A6AXAAPAPA_W@Z@?$dual_state_global@PAPA_W@__crt_state_management@@QAEXA6AXAAPAPA_W@Z@Z 10020c67 f i libucrt:environment_initialization.obj
 0001:0001fc67       ??$uninitialize@A6AXAAPAPAD@Z@?$dual_state_global@PAPAD@__crt_state_management@@QAEXA6AXAAPAPAD@Z@Z 10020c67 f i libucrt:environment_initialization.obj
 0001:0001fcdd       ___dcrt_uninitialize_environments_nolock 10020cdd f   libucrt:environment_initialization.obj
 0001:0001fd14       __initialize_narrow_environment 10020d14 f   libucrt:environment_initialization.obj
 0001:0001fd19       ??$?RV<lambda_800076c951b434888f4765a74a194fcc>@@AAV<lambda_4e60a939b0d047cfe11ddc22648dfba9>@@V<lambda_6dbb1268764f43b569ce7b67e331d33a>@@@?$__crt_seh_guarded_call@H@@QAEH$$QAV<lambda_800076c951b434888f4765a74a194fcc>@@AAV<lambda_4e60a939b0d047cfe11ddc22648dfba9>@@$$QAV<lambda_6dbb1268764f43b569ce7b67e331d33a>@@@Z 10020d19 f i libucrt:onexit.obj
 0001:0001fd6a       ??$?RV<lambda_995298e7d72eb4c2aab26c0585b3abe5>@@AAV<lambda_275893d493268fdec8709772e3fcec0e>@@V<lambda_293819299cbf9a7022e18b56a874bb5c>@@@?$__crt_seh_guarded_call@H@@QAEH$$QAV<lambda_995298e7d72eb4c2aab26c0585b3abe5>@@AAV<lambda_275893d493268fdec8709772e3fcec0e>@@$$QAV<lambda_293819299cbf9a7022e18b56a874bb5c>@@@Z 10020d6a f i libucrt:onexit.obj
 0001:0001fdbb       ??$__acrt_lock_and_call@V<lambda_275893d493268fdec8709772e3fcec0e>@@@@YAHW4__acrt_lock_id@@$$QAV<lambda_275893d493268fdec8709772e3fcec0e>@@@Z 10020dbb f i libucrt:onexit.obj
 0001:0001fde3       ??$__acrt_lock_and_call@V<lambda_4e60a939b0d047cfe11ddc22648dfba9>@@@@YAHW4__acrt_lock_id@@$$QAV<lambda_4e60a939b0d047cfe11ddc22648dfba9>@@@Z 10020de3 f i libucrt:onexit.obj
 0001:0001fe0b       ??$__crt_fast_encode_pointer@P6GHPA_WKJ@Z@@YAP6GHPA_WKJ@ZQ6GH0KJ@Z@Z 10020e0b f i libucrt:winapi_thunks.obj
 0001:0001fe0b       ??$__crt_fast_encode_pointer@P6AHXZ@@YAP6AHXZQ6AHXZ@Z 10020e0b f i libucrt:onexit.obj
 0001:0002008c       __crt_atexit               1002108c f   libucrt:onexit.obj
 0001:000200a2       __execute_onexit_table     100210a2 f   libucrt:onexit.obj
 0001:000200bf       __initialize_onexit_table  100210bf f   libucrt:onexit.obj
 0001:000200fc       __register_onexit_function 100210fc f   libucrt:onexit.obj
 0001:00020211       ___acrt_initialize         10021211 f   libucrt:initialization.obj
 0001:00020223       ___acrt_thread_attach      10021223 f   libucrt:initialization.obj
 0001:0002022e       ___acrt_thread_detach      1002122e f   libucrt:initialization.obj
 0001:00020236       ___acrt_uninitialize       10021236 f   libucrt:initialization.obj
 0001:00020248       ___acrt_uninitialize_critical 10021248 f   libucrt:initialization.obj
 0001:0002025a       __initterm                 1002125a f   libucrt:initterm.obj
 0001:000202b6       __initterm_e               100212b6 f   libucrt:initterm.obj
 0001:000202fb       __isdigit_l                100212fb f i libucrt:_ctype.obj
 0001:00020333       __islower_l                10021333 f i libucrt:_ctype.obj
 0001:0002036b       __isupper_l                1002136b f i libucrt:_ctype.obj
 0001:000203a3       _isdigit                   100213a3 f i libucrt:_ctype.obj
 0001:000203d0       _islower                   100213d0 f i libucrt:_ctype.obj
 0001:000203fd       _isupper                   100213fd f i libucrt:_ctype.obj
 0001:00020591       __tolower_l                10021591 f   libucrt:tolower_toupper.obj
 0001:000205ab       _tolower                   100215ab f   libucrt:tolower_toupper.obj
[...]
 0002:0000c46c       __unwindtable$?overflow@?$basic_filebuf@DU?$char_traits@D@std@@@std@@MAEHH@Z 1003d46c     main.obj
 0002:0000c474       __ehfuncinfo$?_Getcat@?$codecvt@DDU_Mbstatet@@@std@@SAIPAPBVfacet@locale@2@PBV42@@Z 1003d474     main.obj
 0002:0000c498       __unwindtable$?_Getcat@?$codecvt@DDU_Mbstatet@@@std@@SAIPAPBVfacet@locale@2@PBV42@@Z 1003d498     main.obj
 0002:0000c4a0       __sehtable$??_M@YGXPAXIIP6EX0@Z@Z 1003d4a0     LIBCMT:ehvecdtr.obj
 0002:0000c4c0       __sehtable$?__ArrayUnwind@@YGXPAXIIP6EX0@Z@Z 1003d4c0     LIBCMT:ehvecdtr.obj
 0002:0000c4e0       __sehtable$___scrt_is_nonwritable_in_current_image 1003d4e0     LIBCMT:utility.obj
 0002:0000c500       __sehtable$??_L@YGXPAXIIP6EX0@Z1@Z 1003d500     LIBCMT:ehvecctr.obj
 0002:0000c520       __sehtable$?dllmain_crt_process_attach@@YAHQAUHINSTANCE__@@QAX@Z 1003d520     LIBCMT:dll_dllmain.obj
 0002:0000c540       __sehtable$?dllmain_crt_process_detach@@YAH_N@Z 1003d540     LIBCMT:dll_dllmain.obj
 0002:0000c560       __sehtable$?dllmain_dispatch@@YAHQAUHINSTANCE__@@KQAX@Z 1003d560     LIBCMT:dll_dllmain.obj
 0002:0000c5f0       __unwindtable$?_Locimp_dtor@_Locimp@locale@std@@CAXPAV123@@Z 1003d5f0     libcpmt:locale0.obj
 0002:0000c5f8       __ehfuncinfo$?_Locimp_dtor@_Locimp@locale@std@@CAXPAV123@@Z 1003d5f8     libcpmt:locale0.obj
 0002:0000c61c       __unwindtable$?_Init@locale@std@@CAPAV_Locimp@12@_N@Z 1003d61c     libcpmt:locale0.obj
 0002:0000c624       __ehfuncinfo$?_Init@locale@std@@CAPAV_Locimp@12@_N@Z 1003d624     libcpmt:locale0.obj
 0002:0000c6e0       __sehtable$___FrameUnwindToState 1003d6e0     libvcruntime:frame.obj
 0002:0000c708       __sehtable$?CallCatchBlock@@YAPAXPAUEHExceptionRecord@@PAUEHRegistrationNode@@PAU_CONTEXT@@PBU_s_FuncInfo@@PAXHK@Z 1003d708     libvcruntime:frame.obj
 0002:0000c730       __sehtable$___BuildCatchObject 1003d730     libvcruntime:frame.obj
 0002:0000c750       __sehtable$___DestructExceptionObject 1003d750     libvcruntime:frame.obj
 0002:0000c76c       __catchsym$?CallUnexpected@@YAXPBU_s_ESTypeList@@@Z$2 1003d76c     libvcruntime:frame.obj
 0002:0000c77c       __unwindtable$?CallUnexpected@@YAXPBU_s_ESTypeList@@@Z 1003d77c     libvcruntime:frame.obj
 0002:0000c78c       __tryblocktable$?CallUnexpected@@YAXPBU_s_ESTypeList@@@Z 1003d78c     libvcruntime:frame.obj
 0002:0000c7a0       __ehfuncinfo$?CallUnexpected@@YAXPBU_s_ESTypeList@@@Z 1003d7a0     libvcruntime:frame.obj
 0002:0000c7c8       __sehtable$___BuildCatchObjectHelper 1003d7c8     libvcruntime:frame.obj
 0002:0000c820       __sehtable$__ValidateEH3RN 1003d820     libvcruntime:_eh3valid_.obj
 0002:0000c840       __sehtable$_fputc          1003d840     libucrt:fputc.obj
 0002:0000c860       __sehtable$_fflush         1003d860     libucrt:fflush.obj
 0002:0000c880       __sehtable$_common_flush_all 1003d880     libucrt:fflush.obj
 0002:0000c8a8       __sehtable$_fclose         1003d8a8     libucrt:fclose.obj
 0002:0000c8c8       __sehtable$_fgetc          1003d8c8     libucrt:fgetc.obj
 0002:0000c8e8       __sehtable$??$?RV<lambda_11b4f7b0d3157825a5656a18eba1ae27>@@AAV<lambda_b51c0495177f500e782686251704ae76>@@V<lambda_cf89b47920b5017557bfe891e78aca36>@@@?$__crt_seh_guarded_call@I@@QAEI$$QAV<lambda_11b4f7b0d3157825a5656a18eba1ae27>@@AAV<lambda_b51c0495177f500e782686251704ae76>@@$$QAV<lambda_cf89b47920b5017557bfe891e78aca36>@@@Z 1003d8e8     libucrt:fwrite.obj
 0002:0000c908       __sehtable$??$?RV<lambda_d92cfe8357b99225085016881b624cb0>@@AAV<lambda_b721fa326cdb32351d23dfa67958c160>@@V<lambda_42d75b0848218ec137fa420c8ba9fdf9>@@@?$__crt_seh_guarded_call@H@@QAEH$$QAV<lambda_d92cfe8357b99225085016881b624cb0>@@AAV<lambda_b721fa326cdb32351d23dfa67958c160>@@$$QAV<lambda_42d75b0848218ec137fa420c8ba9fdf9>@@@Z 1003d908     libucrt:setvbuf.obj
 0002:0000c928       __sehtable$_ungetc         1003d928     libucrt:ungetc.obj
 0002:0000c948       __sehtable$?common_fseek@@YAHV__crt_stdio_stream@@_JH@Z 1003d948     libucrt:fseek.obj
 0002:0000c968       __sehtable$__query_new_handler 1003d968     libucrt:new_handler.obj
 0002:0000c988       __sehtable$_terminate      1003d988     libucrt:terminate.obj
 0002:0000c9a8       __sehtable$?common_exit@@YAXHW4_crt_exit_cleanup_mode@@W4_crt_exit_return_mode@@@Z 1003d9a8     libucrt:exit.obj
 0002:0000c9d0       __sehtable$??$?RV<lambda_800076c951b434888f4765a74a194fcc>@@AAV<lambda_4e60a939b0d047cfe11ddc22648dfba9>@@V<lambda_6dbb1268764f43b569ce7b67e331d33a>@@@?$__crt_seh_guarded_call@H@@QAEH$$QAV<lambda_800076c951b434888f4765a74a194fcc>@@AAV<lambda_4e60a939b0d047cfe11ddc22648dfba9>@@$$QAV<lambda_6dbb1268764f43b569ce7b67e331d33a>@@@Z 1003d9d0     libucrt:onexit.obj
 0002:0000c9f0       __sehtable$??$?RV<lambda_995298e7d72eb4c2aab26c0585b3abe5>@@AAV<lambda_275893d493268fdec8709772e3fcec0e>@@V<lambda_293819299cbf9a7022e18b56a874bb5c>@@@?$__crt_seh_guarded_call@H@@QAEH$$QAV<lambda_995298e7d72eb4c2aab26c0585b3abe5>@@AAV<lambda_275893d493268fdec8709772e3fcec0e>@@$$QAV<lambda_293819299cbf9a7022e18b56a874bb5c>@@@Z 1003d9f0     libucrt:onexit.obj
 0002:0000ca10       __sehtable$_setlocale      1003da10     libucrt:setlocale.obj
 0002:0000ca30       __sehtable$??$?RV<lambda_9df27f884b057bc3edfc946cb5b7cf47>@@AAV<lambda_e69574bed617af4e071282c136b37893>@@V<lambda_cc0d902bcbbeb830f749456577db4721>@@@?$__crt_seh_guarded_call@X@@QAEX$$QAV<lambda_9df27f884b057bc3edfc946cb5b7cf47>@@AAV<lambda_e69574bed617af4e071282c136b37893>@@$$QAV<lambda_cc0d902bcbbeb830f749456577db4721>@@@Z 1003da30     libucrt:per_thread_data.obj
 0002:0000ca50       __sehtable$??$?RV<lambda_3518db117f0e7cdb002338c5d3c47b6c>@@AAV<lambda_b2ea41f6bbb362cd97d94c6828d90b61>@@V<lambda_abdedf541bb04549bc734292b4a045d4>@@@?$__crt_seh_guarded_call@X@@QAEX$$QAV<lambda_3518db117f0e7cdb002338c5d3c47b6c>@@AAV<lambda_b2ea41f6bbb362cd97d94c6828d90b61>@@$$QAV<lambda_abdedf541bb04549bc734292b4a045d4>@@@Z 1003da50     libucrt:per_thread_data.obj
 0002:0000ca70       __sehtable$??$?RV<lambda_51b6e8b1eb166f2a3faf91f424b38130>@@AAV<lambda_6250bd4b2a391816dd638c3bf72b0bcb>@@V<lambda_0b5a4a3e68152e1d9b943535f5f47bed>@@@?$__crt_seh_guarded_call@X@@QAEX$$QAV<lambda_51b6e8b1eb166f2a3faf91f424b38130>@@AAV<lambda_6250bd4b2a391816dd638c3bf72b0bcb>@@$$QAV<lambda_0b5a4a3e68152e1d9b943535f5f47bed>@@@Z 1003da70     libucrt:per_thread_data.obj
 0002:0000ca90       __sehtable$??$?RV<lambda_5b71d36f03204c0beab531769a5b5694>@@AAV<lambda_be2b3da3f62db62e9dad5dc70221a656>@@V<lambda_8f9ce462984622f9bf76b59e2aaaf805>@@@?$__crt_seh_guarded_call@X@@QAEX$$QAV<lambda_5b71d36f03204c0beab531769a5b5694>@@AAV<lambda_be2b3da3f62db62e9dad5dc70221a656>@@$$QAV<lambda_8f9ce462984622f9bf76b59e2aaaf805>@@@Z 1003da90     libucrt:per_thread_data.obj
 0002:0000cab0       __sehtable$___acrt_uninitialize_locale 1003dab0     libucrt:wsetlocale.obj
 0002:0000cad0       __sehtable$??$?RV<lambda_70818de7b02deff9841e8b0962a60ed9>@@AAV<lambda_2af78c5f5901b1372d98f9ab3177dfa6>@@AAV<lambda_f51fe5fd7c79a33db34fc9310f277369>@@@?$__crt_seh_guarded_call@X@@QAEX$$QAV<lambda_70818de7b02deff9841e8b0962a60ed9>@@AAV<lambda_2af78c5f5901b1372d98f9ab3177dfa6>@@AAV<lambda_f51fe5fd7c79a33db34fc9310f277369>@@@Z 1003dad0     libucrt:wsetlocale.obj
 0002:0000caf0       __sehtable$??$?RV<lambda_c76fdea48760d5f9368b465f31df4405>@@AAV<lambda_e378711a6f6581bf7f0efd7cdf97f5d9>@@V<lambda_e927a58b2a85c081d733e8c6192ae2d2>@@@?$__crt_seh_guarded_call@X@@QAEX$$QAV<lambda_c76fdea48760d5f9368b465f31df4405>@@AAV<lambda_e378711a6f6581bf7f0efd7cdf97f5d9>@@$$QAV<lambda_e927a58b2a85c081d733e8c6192ae2d2>@@@Z 1003daf0     libucrt:wsetlocale.obj
 0002:0000cb10       __sehtable$___acrt_initialize_lowio 1003db10     libucrt:ioinit.obj
 0002:0000cb30       __sehtable$??$?RV<lambda_61cee617f5178ae960314fd4d05640a0>@@AAV<lambda_6978c1fb23f02e42e1d9e99668cc68aa>@@V<lambda_9cd88cf8ad10232537feb2133f08c833>@@@?$__crt_seh_guarded_call@H@@QAEH$$QAV<lambda_61cee617f5178ae960314fd4d05640a0>@@AAV<lambda_6978c1fb23f02e42e1d9e99668cc68aa>@@$$QAV<lambda_9cd88cf8ad10232537feb2133f08c833>@@@Z 1003db30     libucrt:commit.obj
 0002:0000cb50       __sehtable$__write         1003db50     libucrt:write.obj
 0002:0000cb70       __sehtable$??$?RV<lambda_123407a5e2ac06da108355a851863b7a>@@AAV<lambda_2fe9b910cf3cbf4a0ab98a02ba45b3ec>@@V<lambda_ae55bdf541ad94d75914d381c370e64d>@@@?$__crt_seh_guarded_call@H@@QAEH$$QAV<lambda_123407a5e2ac06da108355a851863b7a>@@AAV<lambda_2fe9b910cf3cbf4a0ab98a02ba45b3ec>@@$$QAV<lambda_ae55bdf541ad94d75914d381c370e64d>@@@Z 1003db70     libucrt:close.obj
 0002:0000cb90       __sehtable$??$?RV<lambda_9227be29367c048ad7fd93a717dcb1a1>@@AAV<lambda_a463b7b0560cfcaf9b17f27c6ef46564>@@V<lambda_ccea11b5727ccf69be64f5f5d9a08d9f>@@@?$__crt_seh_guarded_call@H@@QAEH$$QAV<lambda_9227be29367c048ad7fd93a717dcb1a1>@@AAV<lambda_a463b7b0560cfcaf9b17f27c6ef46564>@@$$QAV<lambda_ccea11b5727ccf69be64f5f5d9a08d9f>@@@Z 1003db90     libucrt:winapi_thunks.obj
 0002:0000cbb0       __sehtable$__fcloseall     1003dbb0     libucrt:closeall.obj
 0002:0000cbd0       __sehtable$??$common_ftell@_J@@YA_JV__crt_stdio_stream@@@Z 1003dbd0     libucrt:ftell.obj
 0002:0000cbf0       __sehtable$??$common_lseek@_J@@YA_JH_JH@Z 1003dbf0     libucrt:lseek.obj
 0002:0000cc10       __sehtable$___acrt_update_thread_multibyte_data 1003dc10     libucrt:mbctype.obj
 0002:0000cc30       __sehtable$??$?RV<lambda_978dc153c237d78434369da87b74ff60>@@AAV<lambda_ad1ced32f4ac17aa236e5ef05d6b3b7c>@@V<lambda_4a8533e2866a575feecb8298ce776b0d>@@@?$__crt_seh_guarded_call@X@@QAEX$$QAV<lambda_978dc153c237d78434369da87b74ff60>@@AAV<lambda_ad1ced32f4ac17aa236e5ef05d6b3b7c>@@$$QAV<lambda_4a8533e2866a575feecb8298ce776b0d>@@@Z 1003dc30     libucrt:mbctype.obj
 0002:0000cc50       __sehtable$_raise          1003dc50     libucrt:signal.obj
 0002:0000cc70       __sehtable$??$?RV<lambda_a048d3beccc847880fc8490e18b82769>@@AAV<lambda_ec61778202f4f5fc7e7711acc23c3bca>@@V<lambda_f7496a158712204296dd6628a163878e>@@@?$__crt_seh_guarded_call@P6AXH@Z@@QAEP6AXH@Z$$QAV<lambda_a048d3beccc847880fc8490e18b82769>@@AAV<lambda_ec61778202f4f5fc7e7711acc23c3bca>@@$$QAV<lambda_f7496a158712204296dd6628a163878e>@@@Z 1003dc70     libucrt:signal.obj
 0002:0000cc90       __sehtable$___acrt_update_thread_locale_data 1003dc90     libucrt:locale_refcounting.obj
 0002:0000ccb0       __sehtable$___acrt_lowio_ensure_fh_exists 1003dcb0     libucrt:osfinfo.obj
 0002:0000ccd0       __sehtable$__read          1003dcd0     libucrt:read.obj
 0002:0000ccf0       __sehtable$__IsNonwritableInCurrentImage 1003dcf0     LIBCMT:pesect.obj
 0002:0000ce20       .edata                     1003de20     HackBaseMini.exp
 0002:0000ce48       rgpv                       1003de48     HackBaseMini.exp
 0002:0000ce4c       rgszName                   1003de4c     HackBaseMini.exp
 0002:0000ce50       rgwOrd                     1003de50     HackBaseMini.exp
 0002:0000ce52       szName                     1003de52     HackBaseMini.exp
 0002:0000ce63       $N00001                    1003de63     HackBaseMini.exp
 0002:0000d184       .idata$6                   1003e184     kernel32:KERNEL32.dll
 0002:0000d1b4       .idata$6                   1003e1b4     user32:USER32.dll
 0002:0000d1d0       .idata$6                   1003e1d0     OpenGL32:OPENGL32.dll
 0002:0000d708       .idata$6                   1003e708     advapi32:ADVAPI32.dll
 0003:00000014       ?init@std@@3JA             1003f014     libcpmt:xlock.obj
 0003:00000088       ?atcount_cdecl@@3IA        1003f088     libcpmt:iosptrs.obj
 0003:000001c8       $SG62434                   1003f1c8     detours:detours.obj
 0003:000001d8       $SG62437                   1003f1d8     detours:detours.obj
 0003:000001f0       $SG62439                   1003f1f0     detours:detours.obj
 0003:00000200       $SG62441                   1003f200     detours:detours.obj
 0003:00000210       $SG62443                   1003f210     detours:detours.obj
 0003:00000220       $SG62445                   1003f220     detours:detours.obj
 0003:00000230       $SG62447                   1003f230     detours:detours.obj
 0003:00000244       $SG62449                   1003f244     detours:detours.obj
 0003:00000258       $SG62451                   1003f258     detours:detours.obj
 0003:00000264       $SG62487                   1003f264     detours:detours.obj
 0003:00000268       $SG62605                   1003f268     detours:detours.obj
 0003:00000270       ?_Tlg_Microsoft_CRTProviderProv@@3U_TlgProvider_t@__vcrt_trace_logging_provider@@A 1003f270     libvcruntime:telemetry.obj
 0003:000002c0       ?__vcrt_flsindex@@3KA      1003f2c0     libvcruntime:per_thread_data.obj
 0003:000003d8       _errno_no_memory           1003f3d8     libucrt:errno.obj
 0003:000003dc       _doserrno_no_memory        1003f3dc     libucrt:errno.obj
 0003:00000400       ___acrt_flsindex           1003f400     libucrt:per_thread_data.obj
 0003:00000404       __ctype_loc_style          1003f404     libucrt:wsetlocale.obj
 0003:00000508       ___rgctypeflag             1003f508     libucrt:mbctype.obj
 0003:00000510       ___rgcode_page_info        1003f510     libucrt:mbctype.obj
 0003:00000a30       _tzstd_program             1003fa30     libucrt:timeset.obj
 0003:00000a70       _tzdst_program             1003fa70     libucrt:timeset.obj
 0003:00000ab0       _tzname_states             1003fab0     libucrt:timeset.obj
 0003:00000be0       ?m_bAimPanic@?1??CL_CreateMove@@YAXMPAUusercmd_s@@H@Z@4_NA 1003fbe0     Client.obj
 0003:00000be8       ?Timer2@@3HA               1003fbe8     Client.obj
 0003:00000bec       ?Timer@@3HA                1003fbec     Client.obj
 0003:00000c0c       ?FirstFrame@?1??HUD_Frame@@YAXN@Z@4_NA 1003fc0c     Client.obj
 0003:00001098       ?_Tss_mutex@@3U_RTL_CRITICAL_SECTION@@A 10040098     LIBCMT:thread_safe_statics.obj
 0003:000010b0       ?_Tss_cv@@3U_RTL_CONDITION_VARIABLE@@A 100400b0     LIBCMT:thread_safe_statics.obj
 0003:000010b4       ?_Tss_event@@3PAXA         100400b4     LIBCMT:thread_safe_statics.obj
 0003:000010b8       ?encoded_sleep_condition_variable_cs@@3P6GHPAU_RTL_CONDITION_VARIABLE@@PAU_RTL_CRITICAL_SECTION@@K@ZA 100400b8     LIBCMT:thread_safe_statics.obj
 0003:000010bc       ?encoded_wake_all_condition_variable@@3P6GXPAU_RTL_CONDITION_VARIABLE@@@ZA 100400bc     LIBCMT:thread_safe_statics.obj
 0003:000010c8       ?module_local_atexit_table@@3U_onexit_table_t@@A 100400c8     LIBCMT:utility.obj
 0003:000010d4       ?module_local_at_quick_exit_table@@3U_onexit_table_t@@A 100400d4     LIBCMT:utility.obj
 0003:000010e0       ?is_initialized_as_dll@@3_NA 100400e0     LIBCMT:utility.obj
 0003:000010e4       ?__proc_attached@@3HA      100400e4     LIBCMT:dll_dllmain.obj
 0003:00001108       _GS_ExceptionRecord        10040108     LIBCMT:gs_report.obj
 0003:00001158       _GS_ContextRecord          10040158     LIBCMT:gs_report.obj
 0003:00001428       ?initlocks@std@@3V_Init_locks@1@A 10040428     libcpmt:xlock.obj
 0003:00001430       ?mtx@std@@3PAU_RTL_CRITICAL_SECTION@@A 10040430     libcpmt:xlock.obj
 0003:000014f8       _global_locale             100404f8     libcpmt:locale0.obj
 0003:000014fc       ?_Fac_head@std@@3PAU_Fac_node@1@A 100404fc     libcpmt:locale0.obj
 0003:00001514       ?classic_locale@std@@3Vlocale@1@A 10040514     libcpmt:locale0.obj
 0003:0000151c       ?_Fac_tidy_reg@std@@3U_Fac_tidy_reg_t@1@B 1004051c     libcpmt:locale0.obj
 0003:0000151d       ?registered@?1??_Setgloballocale@locale@std@@CAXPAX@Z@4_NA 1004051d     libcpmt:locale0.obj
 0003:00001520       ?stdstr@std@@3PAPAVios_base@1@A 10040520     libcpmt:ios.obj
 0003:00001548       ?stdopens@std@@3PADA       10040548     libcpmt:ios.obj
 0003:00001578       ?atfuns_cdecl@@3PAP6AXXZA  10040578     libcpmt:iosptrs.obj
 0003:000015a4       ?initlocks@std@@3V_Init_locks@1@A 100405a4     libcpmt:iosptrs.obj
 0003:000015a5       ?init_atexit@@3U_Init_atexit@@A 100405a5     libcpmt:iosptrs.obj
 0003:000016dc       ?module_handles@@3PAPAUHINSTANCE__@@A 100406dc     libvcruntime:winapi_downlevel.obj
 0003:000016ec       ?encoded_function_pointers@@3PAPAXA 100406ec     libvcruntime:winapi_downlevel.obj
 0003:00001714       ?__vcrt_startup_thread_ptd@@3U__vcrt_ptd@@A 10040714     libvcruntime:per_thread_data.obj
 0003:0000173c       ___vcrt_lock_table         1004073c     libvcruntime:locks.obj
 0003:00001754       ___vcrt_locks_initialized  10040754     libvcruntime:locks.obj
 0003:00001780       ?heap@@3V_HeapManager@@A   10040780     libvcruntime:undname.obj
 0003:00001798       _rgValidPages              10040798     libvcruntime:_eh3valid_.obj
 0003:00001818       _nValidPages               10040818     libvcruntime:_eh3valid_.obj
 0003:0000181c       _lModifying                1004081c     libvcruntime:_eh3valid_.obj
 0003:00001828       ___acrt_invalid_parameter_handler 10040828     libucrt:invalid_parameter.obj
 0003:00001838       ___acrt_new_handler        10040838     libucrt:new_handler.obj
 0003:0000183c       _c_termination_complete    1004083c     libucrt:exit.obj
 0003:00001840       _thread_local_exit_callback_func 10040840     libucrt:exit.obj
 0003:00001844       ?c_exit_complete@?5??common_exit@@YAXHW4_crt_exit_cleanup_mode@@W4_crt_exit_return_mode@@@Z@4_NA 10040844     libucrt:exit.obj
 0003:00001870       ___acrt_lock_table         10040870     libucrt:locks.obj
 0003:000019a8       ___acrt_locks_initialized  100409a8     libucrt:locks.obj
 0003:000019ac       _enable_percent_n          100409ac     libucrt:printf_count_output.obj
 0003:00001bc8       _module_handles            10040bc8     libucrt:winapi_thunks.obj
 0003:00001c18       _encoded_function_pointers 10040c18     libucrt:winapi_thunks.obj
 0003:00001c98       ?static_enum_proc@?1??enum_system_locales_ex_nolock@@YAHQ6GHPA_WKJ@Z@Z@4P6GH0KJ@ZA 10040c98     libucrt:winapi_thunks.obj
 0003:00001c9c       ?state_cache@?1??__acrt_is_packaged_app@@9@4JA 10040c9c     libucrt:winapi_thunks.obj
 0003:00001cb8       _fSystemSet                10040cb8     libucrt:mbctype.obj
 0003:00001cbc       ?initialized@?1??__acrt_initialize_multibyte@@9@4_NA 10040cbc     libucrt:mbctype.obj
 0003:00001cd4       _ctrlc_action              10040cd4     libucrt:signal.obj
 0003:00001cd8       _ctrlbreak_action          10040cd8     libucrt:signal.obj
 0003:00001cdc       _abort_action              10040cdc     libucrt:signal.obj
 0003:00001ce0       _term_action               10040ce0     libucrt:signal.obj
 0003:00001ce4       _user_matherr              10040ce4     libucrt:matherr.obj
 0003:00001ce8       ___acrt_global_new_mode    10040ce8     libucrt:new_mode.obj
 0003:00001cfc       __tzname                   10040cfc     libucrt:timeset.obj
 0003:00001d00       _tz_api_used               10040d00     libucrt:tzset.obj
 0003:00001d08       _tz_info                   10040d08     libucrt:tzset.obj
 0003:00001db4       ___acrt_app_type           10040db4     libucrt:report_runtime_error.obj
 0003:00001db8       __pmatherr_set             10040db8     libucrt:libm_error.obj
 0003:00002ce4       ?glSeed@@3IA               10041ce4     nospread.obj
 0003:0000c02c       ?AntiScreenshot@@3_NA      1004b02c     Client.obj
 0003:0000c02d       ?AntiScreenshot2@@3_NA     1004b02d     Client.obj
 0003:0000c030       ?gpBuf@@3PAEA              1004b030     parsemsg.obj
 0003:0000c034       ?giSize@@3HA               1004b034     parsemsg.obj
 0003:0000c038       ?giRead@@3HA               1004b038     parsemsg.obj
 0003:0000c04c       ?iCounter@?1??BulletConrtol_CreateMove@@YAXPAUusercmd_s@@@Z@4HA 1004b04c     Client.obj
 0003:0000c05c       ?iLastWeaponID@?1??CurWeapon@@YAHPBDHPAX@Z@4HA 1004b05c     UserMsgs.obj
 0003:0000c060       ?OldWeaponBits@?1??WeaponListUpdate@@YAXH@Z@4HA 1004b060     weaponslist.obj
 0003:0000c070       ?curammo@?1??HUD_PostRunCmd@cNoSpread@@QAEXPAUlocal_state_s@@0PAUusercmd_s@@HNI@Z@4HA 1004b070     nospread.obj
 0003:0000c078       ?string@?1??READ_STRING@@YAPADXZ@4PADA 1004b078     parsemsg.obj
